}ï¿½ï¿½ï¿½ï¿½ï¿½ets Jul 29 2019 12:21:46

rst:0x1 (POWERON_RESET),boot:0x17 (SPI_FAST_FLASH_BOOT)
configsip: 0, SPIWP:0xee
clk_drv:0x00,q_drv:0x00,d_drv:0x00,cs0_drv:0x00,hd_drv:0x00,wp_drv:0x00
mode:DIO, clock div:2
load:0x3fff0030,len:7176
load:0x40078000,len:15644
ho 0 tail 12 room 4
load:0x40080400,len:4
load:0x40080404,len:3904
entry 0x40080640
[0;32mI (31) boot: ESP-IDF v5.3.3-dirty 2nd stage bootloader[0m
[0;32mI (31) boot: compile time Aug  7 2025 21:47:29[0m
[0;32mI (31) boot: Multicore bootloader[0m
[0;32mI (36) boot: chip revision: v3.1[0m
[0;32mI (40) boot.esp32: SPI Speed      : 40MHz[0m
[0;32mI (44) boot.esp32: SPI Mode       : DIO[0m
[0;32mI (49) boot.esp32: SPI Flash Size : 2MB[0m
[0;32mI (53) boot: Enabling RNG early entropy source...[0m
[0;32mI (59) boot: Partition Table:[0m
[0;32mI (62) boot: ## Label            Usage          Type ST Offset   Length[0m
[0;32mI (70) boot:  0 nvs              WiFi data        01 02 00009000 00006000[0m
[0;32mI (77) boot:  1 phy_init         RF data          01 01 0000f000 00001000[0m
[0;32mI (85) boot:  2 factory          factory app      00 00 00010000 00100000[0m
[0;32mI (92) boot: End of partition table[0m
[0;32mI (96) esp_image: segment 0: paddr=00010020 vaddr=3f400020 size=105a0h ( 66976) map[0m
[0;32mI (128) esp_image: segment 1: paddr=000205c8 vaddr=3ffb0000 size=028c0h ( 10432) load[0m
[0;32mI (132) esp_image: segment 2: paddr=00022e90 vaddr=40080000 size=0d188h ( 53640) load[0m
[0;32mI (155) esp_image: segment 3: paddr=00030020 vaddr=400d0020 size=2fccch (195788) map[0m
[0;32mI (222) esp_image: segment 4: paddr=0005fcf4 vaddr=4008d188 size=025c8h (  9672) load[0m
[0;32mI (234) boot: Loaded app from partition at offset 0x10000[0m
[0;32mI (234) boot: Disabling RNG early entropy source...[0m
[0;32mI (246) cpu_start: Multicore app[0m
[0;32mI (255) cpu_start: Pro cpu start user code[0m
[0;32mI (255) cpu_start: cpu freq: 160000000 Hz[0m
[0;32mI (255) app_init: Application information:[0m
[0;32mI (258) app_init: Project name:     hot_potato[0m
[0;32mI (263) app_init: App version:      v5.3.3-dirty[0m
[0;32mI (268) app_init: Compile time:     Aug 12 2025 21:50:08[0m
[0;32mI (274) app_init: ELF file SHA256:  249562c2c...[0m
[0;32mI (279) app_init: ESP-IDF:          v5.3.3-dirty[0m
[0;32mI (285) efuse_init: Min chip rev:     v0.0[0m
[0;32mI (289) efuse_init: Max chip rev:     v3.99 [0m
[0;32mI (294) efuse_init: Chip rev:         v3.1[0m
[0;32mI (299) heap_init: Initializing. RAM available for dynamic allocation:[0m
[0;32mI (306) heap_init: At 3FFAE6E0 len 00001920 (6 KiB): DRAM[0m
[0;32mI (312) heap_init: At 3FFB3A98 len 0002C568 (177 KiB): DRAM[0m
[0;32mI (319) heap_init: At 3FFE0440 len 00003AE0 (14 KiB): D/IRAM[0m
[0;32mI (325) heap_init: At 3FFE4350 len 0001BCB0 (111 KiB): D/IRAM[0m
[0;32mI (331) heap_init: At 4008F750 len 000108B0 (66 KiB): IRAM[0m
[0;32mI (339) spi_flash: detected chip: generic[0m
[0;32mI (342) spi_flash: flash io: dio[0m
[0;33mW (346) spi_flash: Detected size(16384k) larger than the size in the binary image header(2048k). Using the size in the binary image header.[0m
[0;32mI (361) main_task: Started on CPU0[0m
[0;32mI (371) main_task: Calling app_main()[0m
Starting Hot Potato Game
[0;32mI (371) IR_SIMPLE_TEST_OPT: Starting IR Simple Test[0m
[0;32mI (371) IR_SIMPLE_TEST_OPT: Our MAC: 08:D1:F9:6A:D9:BC[0m
[0;32mI (411) M5GFX: [Autodetect] M5Stack[0m
[0;32mI (581) gpio: GPIO[39]| InputEn: 1| OutputEn: 0| OpenDrain: 0| Pullup: 0| Pulldown: 0| Intr:2 [0m
[0;32mI (581) IR_SIMPLE_TEST_OPT: Button interrupt setup successful[0m
[0;32mI (581) gpio: GPIO[26]| InputEn: 0| OutputEn: 1| OpenDrain: 0| Pullup: 1| Pulldown: 0| Intr:0 [0m
[0;32mI (591) IR_SIMPLE_TEST_OPT: RMT TX initialized[0m
[0;32mI (601) IR_SIMPLE_TEST_OPT: TX prebuilt 0x5A into 10 symbols[0m
[0;32mI (611) gpio: GPIO[36]| InputEn: 1| OutputEn: 0| OpenDrain: 0| Pullup: 1| Pulldown: 0| Intr:0 [0m
[0;32mI (611) IR_SIMPLE_TEST_OPT: RMT RX initialized[0m
[0;32mI (621) IR_SIMPLE_TEST_OPT: RX task started[0m
[0;32mI (621) IR_SIMPLE_TEST_OPT: TX task started[0m
[0;32mI (631) IR_SIMPLE_TEST_OPT: IR Simple Test (OPTIMIZED) ready - press Button A to send[0m
[0;32mI (45521) RX: Dump 4 symbols:[0m
[0;32mI (45521) RX: [00] l0=0 d0=863 | l1=1 d1=401[0m
[0;32mI (45521) RX: [01] l0=0 d0=415 | l1=1 d1=821[0m
[0;32mI (45531) RX: [02] l0=0 d0=444 | l1=1 d1=398[0m
[0;32mI (45531) RX: [03] l0=0 d0=439 | l1=1 d1=0[0m
[0;32mI (45541) IR_SIMPLE_TEST_OPT: Received byte: 0x5A[0m
[0;32mI (47961) IR_SIMPLE_TEST_OPT: TX prebuilt 0x5A into 10 symbols[0m
[0;32mI (47971) IR_SIMPLE_TEST_OPT: Sent byte: 0x5A[0m
[0;32mI (47971) RX: Dump 4 symbols:[0m
[0;32mI (47981) RX: [00] l0=0 d0=831 | l1=1 d1=407[0m
[0;32mI (47981) RX: [01] l0=0 d0=440 | l1=1 d1=848[0m
[0;32mI (47981) IR_SIMPLE_TEST_OPT: TX prebuilt 0x54 into 10 symbols[0m
[0;32mI (47981) RX: [02] l0=0 d0=407 | l1=1 d1=383[0m
[0;32mI (47991) IR_SIMPLE_TEST_OPT: Sent byte: 0x54[0m
[0;32mI (47991) RX: [03] l0=0 d0=444 | l1=1 d1=0[0m
[0;32mI (48001) IR_SIMPLE_TEST_OPT: Received byte: 0x5A[0m
[0;32mI (48011) IR_SIMPLE_TEST_OPT: TX prebuilt 0xFF into 10 symbols[0m
[0;32mI (48021) IR_SIMPLE_TEST_OPT: Sent byte: 0xFF[0m
[0;32mI (48031) IR_SIMPLE_TEST_OPT: TX prebuilt 0xFF into 10 symbols[0m
[0;32mI (48031) IR_SIMPLE_TEST_OPT: Sent byte: 0xFF[0m
[0;32mI (48031) RX: Dump 1 symbols:[0m
[0;32mI (48031) RX: [00] l0=0 d0=444 | l1=1 d1=0[0m
[0;32mI (48041) IR_SIMPLE_TEST_OPT: TX prebuilt 0xFF into 10 symbols[0m
[0;32mI (48041) IR_SIMPLE_TEST_OPT: Received byte: 0x00[0m
[0;32mI (48051) IR_SIMPLE_TEST_OPT: Sent byte: 0xFF[0m
[0;32mI (48061) IR_SIMPLE_TEST_OPT: TX prebuilt 0xFF into 10 symbols[0m
[0;32mI (48061) IR_SIMPLE_TEST_OPT: Sent byte: 0xFF[0m
[0;32mI (48071) RX: Dump 1 symbols:[0m
[0;32mI (48071) RX: [00] l0=0 d0=435 | l1=1 d1=0[0m
[0;32mI (48071) IR_SIMPLE_TEST_OPT: Received byte: 0x00[0m
[0;32mI (48081) IR_SIMPLE_TEST_OPT: TX prebuilt 0xFF into 10 symbols[0m
[0;32mI (48091) IR_SIMPLE_TEST_OPT: Sent byte: 0xFF[0m
[0;32mI (48101) IR_SIMPLE_TEST_OPT: TX prebuilt 0xFF into 10 symbols[0m
[0;32mI (48101) IR_SIMPLE_TEST_OPT: Sent byte: 0xFF[0m
[0;32mI (48111) IR_SIMPLE_TEST_OPT: TX prebuilt 0x08 into 10 symbols[0m
[0;32mI (48111) RX: Dump 1 symbols:[0m
[0;32mI (48111) RX: [00] l0=0 d0=436 | l1=1 d1=0[0m
[0;32mI (48121) IR_SIMPLE_TEST_OPT: Received byte: 0x00[0m
[0;32mI (48121) IR_SIMPLE_TEST_OPT: Sent byte: 0x08[0m
[0;32mI (48141) IR_SIMPLE_TEST_OPT: TX prebuilt 0xD1 into 10 symbols[0m
[0;32mI (48141) IR_SIMPLE_TEST_OPT: Sent byte: 0xD1[0m
[0;32mI (48151) IR_SIMPLE_TEST_OPT: TX prebuilt 0xF9 into 10 symbols[0m
[0;32mI (48151) IR_SIMPLE_TEST_OPT: Sent byte: 0xF9[0m
[0;32mI (48161) IR_SIMPLE_TEST_OPT: TX prebuilt 0x6A into 10 symbols[0m
[0;32mI (48161) RX: Dump 5 symbols:[0m
[0;32mI (48161) RX: [00] l0=0 d0=438 | l1=1 d1=404[0m
[0;32mI (48171) RX: [01] l0=0 d0=1259 | l1=1 d1=400[0m
[0;32mI (48171) IR_SIMPLE_TEST_OPT: Sent byte: 0x6A[0m
[0;32mI (48171) RX: [02] l0=0 d0=437 | l1=1 d1=7745[0m
[0;32mI (48181) RX: [03] l0=0 d0=434 | l1=1 d1=382[0m
[0;32mI (48191) IR_SIMPLE_TEST_OPT: TX prebuilt 0xD9 into 10 symbols[0m
[0;32mI (48191) RX: [04] l0=0 d0=862 | l1=1 d1=0[0m
[0;32mI (48201) IR_SIMPLE_TEST_OPT: Sent byte: 0xD9[0m
[0;32mI (48201) IR_SIMPLE_TEST_OPT: Received byte: 0x01[0m
[0;32mI (48211) IR_SIMPLE_TEST_OPT: TX prebuilt 0xBC into 10 symbols[0m
[0;32mI (48221) IR_SIMPLE_TEST_OPT: Sent byte: 0xBC[0m
[0;32mI (48231) IR_SIMPLE_TEST_OPT: TX prebuilt 0x01 into 10 symbols[0m
[0;32mI (48231) RX: Dump 1 symbols:[0m
[0;32mI (48231) RX: [00] l0=0 d0=434 | l1=1 d1=0[0m
[0;32mI (48231) IR_SIMPLE_TEST_OPT: Received byte: 0x00[0m
[0;32mI (48241) IR_SIMPLE_TEST_OPT: Sent byte: 0x01[0m
[0;32mI (48251) IR_SIMPLE_TEST_OPT: TX prebuilt 0x00 into 10 symbols[0m
[0;32mI (48261) IR_SIMPLE_TEST_OPT: Sent byte: 0x00[0m
[0;32mI (48261) RX: Dump 1 symbols:[0m
[0;32mI (48261) RX: [00] l0=0 d0=3783 | l1=1 d1=0[0m
[0;32mI (48261) IR_SIMPLE_TEST_OPT: Received byte: 0x00[0m
[0;32mI (48271) IR_SIMPLE_TEST_OPT: TX prebuilt 0x04 into 10 symbols[0m
[0;32mI (48281) IR_SIMPLE_TEST_OPT: Sent byte: 0x04[0m
[0;32mI (48291) IR_SIMPLE_TEST_OPT: TX prebuilt 0xDE into 10 symbols[0m
[0;32mI (48291) IR_SIMPLE_TEST_OPT: Sent byte: 0xDE[0m
[0;32mI (48301) IR_SIMPLE_TEST_OPT: TX prebuilt 0xAD into 10 symbols[0m
[0;32mI (48301) RX: Dump 3 symbols:[0m
[0;32mI (48301) RX: [00] l0=1 d0=7768 | l1=0 d1=861[0m
[0;32mI (48311) RX: [01] l0=1 d0=1666 | l1=0 d1=436[0m
[0;32mI (48311) IR_SIMPLE_TEST_OPT: Sent byte: 0xAD[0m
[0;32mI (48311) RX: [02] l0=1 d0=0 | l1=0 d1=436[0m
[0;32mI (48321) IR_SIMPLE_TEST_OPT: Received byte: 0x1E[0m
[0;32mI (48331) IR_SIMPLE_TEST_OPT: TX prebuilt 0xBE into 10 symbols[0m
[0;32mI (48341) IR_SIMPLE_TEST_OPT: Sent byte: 0xBE[0m
[0;32mI (48351) IR_SIMPLE_TEST_OPT: TX prebuilt 0xEF into 10 symbols[0m
[0;32mI (48351) RX: Dump 1 symbols:[0m
[0;32mI (48351) RX: [00] l0=1 d0=0 | l1=0 d1=436[0m
[0;32mI (48361) IR_SIMPLE_TEST_OPT: Received byte: 0x00[0m
[0;32mI (48361) IR_SIMPLE_TEST_OPT: Sent byte: 0xEF[0m
[0;32mI (48381) IR_SIMPLE_TEST_OPT: TX prebuilt 0x5E into 10 symbols[0m
[0;32mI (48381) IR_SIMPLE_TEST_OPT: Sent byte: 0x5E[0m
[0;32mI (48391) RX: Dump 3 symbols:[0m
[0;32mI (48391) RX: [00] l0=0 d0=865 | l1=1 d1=1636[0m
[0;32mI (48391) RX: [01] l0=0 d0=435 | l1=1 d1=406[0m
[0;32mI (48391) RX: [02] l0=0 d0=441 | l1=1 d1=0[0m
[0;32mI (48401) IR_SIMPLE_TEST_OPT: Received byte: 0x01[0m
