ï¿½ï¿½.0[ï¿½ets Jul 29 2019 12:21:46

rst:0x1 (POWERON_RESET),boot:0x17 (SPI_FAST_FLASH_BOOT)
configsip: 0, SPIWP:0xee
clk_drv:0x00,q_drv:0x00,d_drv:0x00,cs0_drv:0x00,hd_drv:0x00,wp_drv:0x00
mode:DIO, clock div:2
load:0x3fff0030,len:7176
load:0x40078000,len:15644
ho 0 tail 12 room 4
load:0x40080400,len:4
load:0x40080404,len:3904
entry 0x40080640
[0;32mI (31) boot: ESP-IDF v5.3.3-dirty 2nd stage bootloader[0m
[0;32mI (31) boot: compile time Aug  7 2025 21:47:29[0m
[0;32mI (31) boot: Multicore bootloader[0m
[0;32mI (36) boot: chip revision: v3.1[0m
[0;32mI (40) boot.esp32: SPI Speed      : 40MHz[0m
[0;32mI (44) boot.esp32: SPI Mode       : DIO[0m
[0;32mI (49) boot.esp32: SPI Flash Size : 2MB[0m
[0;32mI (53) boot: Enabling RNG early entropy source...[0m
[0;32mI (59) boot: Partition Table:[0m
[0;32mI (62) boot: ## Label            Usage          Type ST Offset   Length[0m
[0;32mI (70) boot:  0 nvs              WiFi data        01 02 00009000 00006000[0m
[0;32mI (77) boot:  1 phy_init         RF data          01 01 0000f000 00001000[0m
[0;32mI (85) boot:  2 factory          factory app      00 00 00010000 00100000[0m
[0;32mI (92) boot: End of partition table[0m
[0;32mI (96) esp_image: segment 0: paddr=00010020 vaddr=3f400020 size=10800h ( 67584) map[0m
[0;32mI (128) esp_image: segment 1: paddr=00020828 vaddr=3ffb0000 size=028c0h ( 10432) load[0m
[0;32mI (132) esp_image: segment 2: paddr=000230f0 vaddr=40080000 size=0cf28h ( 53032) load[0m
[0;32mI (155) esp_image: segment 3: paddr=00030020 vaddr=400d0020 size=30004h (196612) map[0m
[0;32mI (222) esp_image: segment 4: paddr=0006002c vaddr=4008cf28 size=02828h ( 10280) load[0m
[0;32mI (234) boot: Loaded app from partition at offset 0x10000[0m
[0;32mI (234) boot: Disabling RNG early entropy source...[0m
[0;32mI (247) cpu_start: Multicore app[0m
[0;32mI (255) cpu_start: Pro cpu start user code[0m
[0;32mI (255) cpu_start: cpu freq: 160000000 Hz[0m
[0;32mI (255) app_init: Application information:[0m
[0;32mI (258) app_init: Project name:     hot_potato[0m
[0;32mI (263) app_init: App version:      v5.3.3-dirty[0m
[0;32mI (269) app_init: Compile time:     Aug 12 2025 21:50:08[0m
[0;32mI (275) app_init: ELF file SHA256:  d7c01f6ff...[0m
[0;32mI (280) app_init: ESP-IDF:          v5.3.3-dirty[0m
[0;32mI (285) efuse_init: Min chip rev:     v0.0[0m
[0;32mI (290) efuse_init: Max chip rev:     v3.99 [0m
[0;32mI (295) efuse_init: Chip rev:         v3.1[0m
[0;32mI (300) heap_init: Initializing. RAM available for dynamic allocation:[0m
[0;32mI (307) heap_init: At 3FFAE6E0 len 00001920 (6 KiB): DRAM[0m
[0;32mI (313) heap_init: At 3FFB3B38 len 0002C4C8 (177 KiB): DRAM[0m
[0;32mI (319) heap_init: At 3FFE0440 len 00003AE0 (14 KiB): D/IRAM[0m
[0;32mI (325) heap_init: At 3FFE4350 len 0001BCB0 (111 KiB): D/IRAM[0m
[0;32mI (332) heap_init: At 4008F750 len 000108B0 (66 KiB): IRAM[0m
[0;32mI (340) spi_flash: detected chip: generic[0m
[0;32mI (343) spi_flash: flash io: dio[0m
[0;33mW (347) spi_flash: Detected size(16384k) larger than the size in the binary image header(2048k). Using the size in the binary image header.[0m
[0;32mI (361) main_task: Started on CPU0[0m
[0;32mI (371) main_task: Calling app_main()[0m
Starting Hot Potato Game
[0;32mI (371) IR_SIMPLE_TEST_OPT: Starting IR Simple Test[0m
[0;32mI (371) IR_SIMPLE_TEST_OPT: Our MAC: 08:D1:F9:6A:D9:BC[0m
[0;32mI (411) M5GFX: [Autodetect] M5Stack[0m
[0;32mI (581) gpio: GPIO[39]| InputEn: 1| OutputEn: 0| OpenDrain: 0| Pullup: 0| Pulldown: 0| Intr:2 [0m
[0;32mI (581) IR_SIMPLE_TEST_OPT: Button interrupt setup successful[0m
[0;32mI (581) gpio: GPIO[26]| InputEn: 0| OutputEn: 1| OpenDrain: 0| Pullup: 1| Pulldown: 0| Intr:0 [0m
[0;32mI (591) IR_SIMPLE_TEST_OPT: RMT TX initialized[0m
[0;32mI (601) IR_SIMPLE_TEST_OPT: TX prebuilt 0x5A into 10 symbols[0m
[0;32mI (611) gpio: GPIO[36]| InputEn: 1| OutputEn: 0| OpenDrain: 0| Pullup: 1| Pulldown: 0| Intr:0 [0m
[0;32mI (611) IR_SIMPLE_TEST_OPT: RMT RX initialized[0m
[0;32mI (621) IR_SIMPLE_TEST_OPT: RX task started[0m
[0;32mI (621) IR_SIMPLE_TEST_OPT: TX task started[0m
[0;32mI (631) IR_SIMPLE_TEST_OPT: IR Simple Test (OPTIMIZED) ready - press Button A to send[0m
[0;32mI (14821) RX: Dump 10 symbols:[0m
[0;32mI (14821) RX: [00] l0=0 d0=862 | l1=1 d1=401[0m
[0;32mI (14821) RX: [01] l0=0 d0=499 | l1=1 d1=737[0m
[0;32mI (14831) RX: [02] l0=0 d0=434 | l1=1 d1=409[0m
[0;32mI (14831) RX: [03] l0=0 d0=439 | l1=1 d1=1919[0m
[0;32mI (14841) RX: [04] l0=0 d0=1277 | l1=1 d1=408[0m
[0;32mI (14841) RX: [05] l0=0 d0=439 | l1=1 d1=377[0m
[0;32mI (14851) RX: [06] l0=0 d0=460 | l1=1 d1=382[0m
[0;32mI (14851) RX: [07] l0=0 d0=434 | l1=1 d1=4424[0m
[0;32mI (14861) RX: [08] l0=0 d0=457 | l1=1 d1=25330[0m
[0;32mI (14861) RX: [09] l0=0 d0=436 | l1=1 d1=0[0m
[0;32mI (14871) IR_SIMPLE_TEST_OPT: Received byte: 0x5A[0m
[0;32mI (14871) IR_SIMPLE_TEST_OPT: RX: packet start detected (0x5A)[0m
[0;32mI (15041) RX: Dump 7 symbols:[0m
[0;32mI (15041) RX: [00] l0=0 d0=438 | l1=1 d1=18613[0m
[0;32mI (15041) RX: [01] l0=0 d0=436 | l1=1 d1=25351[0m
[0;32mI (15041) RX: [02] l0=0 d0=435 | l1=1 d1=25351[0m
[0;32mI (15051) RX: [03] l0=0 d0=436 | l1=1 d1=25350[0m
[0;32mI (15051) RX: [04] l0=0 d0=1315 | l1=1 d1=342[0m
[0;32mI (15061) RX: [05] l0=0 d0=495 | l1=1 d1=769[0m
[0;32mI (15061) RX: [06] l0=0 d0=831 | l1=1 d1=0[0m
[0;32mI (15071) IR_SIMPLE_TEST_OPT: Received byte: 0xFF[0m
[0;32mI (15071) IR_SIMPLE_TEST_OPT: RX: packet timeout, resetting[0m
[0;32mI (15201) RX: Dump 9 symbols:[0m
[0;32mI (15201) RX: [00] l0=0 d0=1674 | l1=1 d1=826[0m
[0;32mI (15201) RX: [01] l0=0 d0=858 | l1=1 d1=22902[0m
[0;32mI (15201) RX: [02] l0=0 d0=855 | l1=1 d1=408[0m
[0;32mI (15211) RX: [03] l0=0 d0=440 | l1=1 d1=1639[0m
[0;32mI (15211) RX: [04] l0=0 d0=443 | l1=1 d1=7924[0m
[0;32mI (15221) RX: [05] l0=0 d0=465 | l1=1 d1=377[0m
[0;32mI (15221) RX: [06] l0=0 d0=439 | l1=1 d1=403[0m
[0;32mI (15231) RX: [07] l0=0 d0=434 | l1=1 d1=802[0m
[0;32mI (15231) RX: [08] l0=0 d0=433 | l1=1 d1=0[0m
[0;32mI (15241) IR_SIMPLE_TEST_OPT: Received byte: 0x7A[0m
[0;32mI (15341) RX: Dump 7 symbols:[0m
[0;32mI (15341) RX: [00] l0=0 d0=1259 | l1=1 d1=399[0m
[0;32mI (15341) RX: [01] l0=0 d0=490 | l1=1 d1=1167[0m
[0;32mI (15341) RX: [02] l0=0 d0=465 | l1=1 d1=32242[0m
[0;32mI (15351) RX: [03] l0=0 d0=437 | l1=1 d1=378[0m
[0;32mI (15351) RX: [04] l0=0 d0=2959 | l1=1 d1=7884[0m
[0;32mI (15361) RX: [05] l0=0 d0=862 | l1=1 d1=821[0m
[0;32mI (15361) RX: [06] l0=0 d0=2097 | l1=1 d1=0[0m
[0;32mI (15371) IR_SIMPLE_TEST_OPT: Received byte: 0xFF[0m
[0;32mI (15481) RX: Dump 8 symbols:[0m
[0;32mI (15481) RX: [00] l0=0 d0=1275 | l1=1 d1=383[0m
[0;32mI (15481) RX: [01] l0=0 d0=2117 | l1=1 d1=4066[0m
[0;32mI (15491) RX: [02] l0=0 d0=862 | l1=1 d1=1637[0m
[0;32mI (15491) RX: [03] l0=0 d0=445 | l1=1 d1=8001[0m
[0;32mI (15501) RX: [04] l0=0 d0=440 | l1=1 d1=403[0m
[0;32mI (15501) RX: [05] l0=0 d0=434 | l1=1 d1=830[0m
[0;32mI (15511) RX: [06] l0=0 d0=436 | l1=1 d1=379[0m
[0;32mI (15511) RX: [07] l0=0 d0=437 | l1=1 d1=0[0m
[0;32mI (15521) IR_SIMPLE_TEST_OPT: Received byte: 0xDE[0m
[0;32mI (17391) RX: Dump 9 symbols:[0m
[0;32mI (17391) RX: [00] l0=0 d0=856 | l1=1 d1=407[0m
[0;32mI (17391) RX: [01] l0=0 d0=493 | l1=1 d1=744[0m
[0;32mI (17391) RX: [02] l0=0 d0=438 | l1=1 d1=403[0m
[0;32mI (17401) RX: [03] l0=0 d0=434 | l1=1 d1=6249[0m
[0;32mI (17401) RX: [04] l0=0 d0=1283 | l1=1 d1=401[0m
[0;32mI (17411) RX: [05] l0=0 d0=436 | l1=1 d1=380[0m
[0;32mI (17411) RX: [06] l0=0 d0=457 | l1=1 d1=385[0m
[0;32mI (17421) RX: [07] l0=0 d0=493 | l1=1 d1=6164[0m
[0;32mI (17421) RX: [08] l0=0 d0=500 | l1=1 d1=0[0m
[0;32mI (17431) IR_SIMPLE_TEST_OPT: Received byte: 0x5A[0m
[0;32mI (17431) IR_SIMPLE_TEST_OPT: RX: packet start detected (0x5A)[0m
[0;32mI (17641) RX: Dump 5 symbols:[0m
[0;32mI (17641) RX: [00] l0=0 d0=437 | l1=1 d1=20718[0m
[0;32mI (17641) RX: [01] l0=0 d0=487 | l1=1 d1=25325[0m
[0;32mI (17641) RX: [02] l0=0 d0=441 | l1=1 d1=25293[0m
[0;32mI (17651) RX: [03] l0=0 d0=441 | l1=1 d1=25398[0m
[0;32mI (17651) RX: [04] l0=0 d0=441 | l1=1 d1=0[0m
[0;32mI (17661) IR_SIMPLE_TEST_OPT: Received byte: 0xFF[0m
[0;32mI (17661) IR_SIMPLE_TEST_OPT: RX: packet timeout, resetting[0m
[0;32mI (17781) RX: Dump 12 symbols:[0m
[0;32mI (17781) RX: [00] l0=0 d0=1335 | l1=1 d1=348[0m
[0;32mI (17781) RX: [01] l0=0 d0=499 | l1=1 d1=738[0m
[0;32mI (17791) RX: [02] l0=0 d0=863 | l1=1 d1=6216[0m
[0;32mI (17791) RX: [03] l0=0 d0=1703 | l1=1 d1=796[0m
[0;32mI (17801) RX: [04] l0=0 d0=857 | l1=1 d1=6643[0m
[0;32mI (17801) RX: [05] l0=0 d0=857 | l1=1 d1=405[0m
[0;32mI (17811) RX: [06] l0=0 d0=495 | l1=1 d1=1584[0m
[0;32mI (17811) RX: [07] l0=0 d0=435 | l1=1 d1=6748[0m
[0;32mI (17821) RX: [08] l0=0 d0=439 | l1=1 d1=404[0m
[0;32mI (17821) RX: [09] l0=0 d0=433 | l1=1 d1=409[0m
[0;32mI (17831) RX: [10] l0=0 d0=438 | l1=1 d1=798[0m
[0;32mI (17831) RX: [11] l0=0 d0=437 | l1=1 d1=0[0m
[0;32mI (17841) IR_SIMPLE_TEST_OPT: Received byte: 0x7A[0m
[0;32mI (17951) RX: Dump 11 symbols:[0m
[0;32mI (17951) RX: [00] l0=0 d0=1249 | l1=1 d1=409[0m
[0;32mI (17951) RX: [01] l0=0 d0=439 | l1=1 d1=1245[0m
[0;32mI (17951) RX: [02] l0=0 d0=439 | l1=1 d1=7955[0m
[0;32mI (17961) RX: [03] l0=0 d0=435 | l1=1 d1=381[0m
[0;32mI (17961) RX: [04] l0=0 d0=2935 | l1=1 d1=7878[0m
[0;32mI (17971) RX: [05] l0=0 d0=459 | l1=1 d1=1226[0m
[0;32mI (17971) RX: [06] l0=0 d0=2101 | l1=1 d1=7951[0m
[0;32mI (17981) RX: [07] l0=0 d0=1275 | l1=1 d1=382[0m
[0;32mI (17981) RX: [08] l0=0 d0=2119 | l1=1 d1=7933[0m
[0;32mI (17991) RX: [09] l0=0 d0=854 | l1=1 d1=1645[0m
[0;32mI (17991) RX: [10] l0=0 d0=437 | l1=1 d1=0[0m
[0;32mI (18001) IR_SIMPLE_TEST_OPT: Received byte: 0xFF[0m
[0;32mI (18071) RX: Dump 2 symbols:[0m
[0;32mI (18071) RX: [00] l0=0 d0=856 | l1=1 d1=2065[0m
[0;32mI (18071) RX: [01] l0=0 d0=435 | l1=1 d1=0[0m
[0;32mI (18071) IR_SIMPLE_TEST_OPT: RX: discard (no valid start/stop)[0m
[0;32mI (18221) RX: Dump 4 symbols:[0m
[0;32mI (18221) RX: [00] l0=0 d0=442 | l1=1 d1=1664[0m
[0;32mI (18221) RX: [01] l0=0 d0=438 | l1=1 d1=23873[0m
[0;32mI (18221) RX: [02] l0=0 d0=2102 | l1=1 d1=793[0m
[0;32mI (18221) RX: [03] l0=0 d0=860 | l1=1 d1=0[0m
[0;32mI (18231) IR_SIMPLE_TEST_OPT: Received byte: 0xFF[0m
