(ï¿½ï¿½ RAMets Jul 29 2019 12:21:46

rst:0x1 (POWERON_RESET),boot:0x17 (SPI_FAST_FLASH_BOOT)
configsip: 0, SPIWP:0xee
clk_drv:0x00,q_drv:0x00,d_drv:0x00,cs0_drv:0x00,hd_drv:0x00,wp_drv:0x00
mode:DIO, clock div:2
load:0x3fff0030,len:7176
load:0x40078000,len:15644
ho 0 tail 12 room 4
load:0x40080400,len:4
load:0x40080404,len:3904
entry 0x40080640
[0;32mI (31) boot: ESP-IDF v5.3.3-dirty 2nd stage bootloader[0m
[0;32mI (31) boot: compile time Aug  7 2025 21:47:29[0m
[0;32mI (31) boot: Multicore bootloader[0m
[0;32mI (36) boot: chip revision: v3.1[0m
[0;32mI (40) boot.esp32: SPI Speed      : 40MHz[0m
[0;32mI (44) boot.esp32: SPI Mode       : DIO[0m
[0;32mI (49) boot.esp32: SPI Flash Size : 2MB[0m
[0;32mI (53) boot: Enabling RNG early entropy source...[0m
[0;32mI (59) boot: Partition Table:[0m
[0;32mI (62) boot: ## Label            Usage          Type ST Offset   Length[0m
[0;32mI (70) boot:  0 nvs              WiFi data        01 02 00009000 00006000[0m
[0;32mI (77) boot:  1 phy_init         RF data          01 01 0000f000 00001000[0m
[0;32mI (85) boot:  2 factory          factory app      00 00 00010000 00100000[0m
[0;32mI (92) boot: End of partition table[0m
[0;32mI (96) esp_image: segment 0: paddr=00010020 vaddr=3f400020 size=0fde0h ( 64992) map[0m
[0;32mI (127) esp_image: segment 1: paddr=0001fe08 vaddr=3ffb0000 size=00210h (   528) load[0m
[0;32mI (128) esp_image: segment 2: paddr=00020020 vaddr=400d0020 size=2ee68h (192104) map[0m
[0;32mI (199) esp_image: segment 3: paddr=0004ee90 vaddr=3ffb0210 size=02650h (  9808) load[0m
[0;32mI (203) esp_image: segment 4: paddr=000514e8 vaddr=40080000 size=0f344h ( 62276) load[0m
[0;32mI (237) boot: Loaded app from partition at offset 0x10000[0m
[0;32mI (237) boot: Disabling RNG early entropy source...[0m
[0;32mI (249) cpu_start: Multicore app[0m
[0;32mI (257) cpu_start: Pro cpu start user code[0m
[0;32mI (257) cpu_start: cpu freq: 160000000 Hz[0m
[0;32mI (257) app_init: Application information:[0m
[0;32mI (260) app_init: Project name:     hot_potato[0m
[0;32mI (265) app_init: App version:      v5.3.3-dirty[0m
[0;32mI (271) app_init: Compile time:     Aug 12 2025 21:50:08[0m
[0;32mI (277) app_init: ELF file SHA256:  6c3d56167...[0m
[0;32mI (282) app_init: ESP-IDF:          v5.3.3-dirty[0m
[0;32mI (287) efuse_init: Min chip rev:     v0.0[0m
[0;32mI (292) efuse_init: Max chip rev:     v3.99 [0m
[0;32mI (297) efuse_init: Chip rev:         v3.1[0m
[0;32mI (302) heap_init: Initializing. RAM available for dynamic allocation:[0m
[0;32mI (309) heap_init: At 3FFAE6E0 len 00001920 (6 KiB): DRAM[0m
[0;32mI (315) heap_init: At 3FFB3718 len 0002C8E8 (178 KiB): DRAM[0m
[0;32mI (321) heap_init: At 3FFE0440 len 00003AE0 (14 KiB): D/IRAM[0m
[0;32mI (328) heap_init: At 3FFE4350 len 0001BCB0 (111 KiB): D/IRAM[0m
[0;32mI (334) heap_init: At 4008F344 len 00010CBC (67 KiB): IRAM[0m
[0;32mI (342) spi_flash: detected chip: generic[0m
[0;32mI (345) spi_flash: flash io: dio[0m
[0;33mW (349) spi_flash: Detected size(16384k) larger than the size in the binary image header(2048k). Using the size in the binary image header.[0m
[0;32mI (363) main_task: Started on CPU0[0m
[0;32mI (373) main_task: Calling app_main()[0m
Starting Hot Potato Game
[0;32mI (373) IR_SIMPLE_TEST: Starting IR Simple Test[0m
[0;32mI (403) M5GFX: [Autodetect] M5Stack[0m
[0;32mI (573) gpio: GPIO[39]| InputEn: 1| OutputEn: 0| OpenDrain: 0| Pullup: 1| Pulldown: 0| Intr:0 [0m
[0;32mI (573) gpio: GPIO[26]| InputEn: 0| OutputEn: 1| OpenDrain: 0| Pullup: 1| Pulldown: 0| Intr:0 [0m
[0;32mI (583) IR_SIMPLE_TEST: RMT TX initialized[0m
[0;32mI (583) gpio: GPIO[36]| InputEn: 1| OutputEn: 0| OpenDrain: 0| Pullup: 1| Pulldown: 0| Intr:0 [0m
[0;32mI (593) IR_SIMPLE_TEST: RMT RX initialized[0m
[0;32mI (603) IR_SIMPLE_TEST: RX task started[0m
[0;32mI (603) IR_SIMPLE_TEST: IR Simple Test ready - press Button A to send[0m
[0;32mI (8053) IR_SIMPLE_TEST: Sent byte: 0x5A[0m
[0;32mI (8073) IR_SIMPLE_TEST: Received byte: 0x07[0m
[0;32mI (8953) IR_SIMPLE_TEST: Sent byte: 0x5A[0m
[0;32mI (8973) IR_SIMPLE_TEST: Received byte: 0x07[0m
[0;32mI (9583) IR_SIMPLE_TEST: Sent byte: 0x5A[0m
[0;32mI (9603) IR_SIMPLE_TEST: Received byte: 0x07[0m
[0;32mI (9913) IR_SIMPLE_TEST: Sent byte: 0x5A[0m
[0;32mI (9933) IR_SIMPLE_TEST: Received byte: 0x07[0m
[0;32mI (10223) IR_SIMPLE_TEST: Sent byte: 0x5A[0m
[0;32mI (10243) IR_SIMPLE_TEST: Received byte: 0x07[0m
