32mI (313)ï¿½ets Jul 29 2019 12:21:46

rst:0x1 (POWERON_RESET),boot:0x17 (SPI_FAST_FLASH_BOOT)
configsip: 0, SPIWP:0xee
clk_drv:0x00,q_drv:0x00,d_drv:0x00,cs0_drv:0x00,hd_drv:0x00,wp_drv:0x00
mode:DIO, clock div:2
load:0x3fff0030,len:7176
load:0x40078000,len:15644
ho 0 tail 12 room 4
load:0x40080400,len:4
load:0x40080404,len:3904
entry 0x40080640
[0;32mI (31) boot: ESP-IDF v5.3.3-dirty 2nd stage bootloader[0m
[0;32mI (31) boot: compile time Aug  7 2025 21:47:29[0m
[0;32mI (31) boot: Multicore bootloader[0m
[0;32mI (36) boot: chip revision: v3.1[0m
[0;32mI (40) boot.esp32: SPI Speed      : 40MHz[0m
[0;32mI (44) boot.esp32: SPI Mode       : DIO[0m
[0;32mI (49) boot.esp32: SPI Flash Size : 2MB[0m
[0;32mI (53) boot: Enabling RNG early entropy source...[0m
[0;32mI (59) boot: Partition Table:[0m
[0;32mI (62) boot: ## Label            Usage          Type ST Offset   Length[0m
[0;32mI (70) boot:  0 nvs              WiFi data        01 02 00009000 00006000[0m
[0;32mI (77) boot:  1 phy_init         RF data          01 01 0000f000 00001000[0m
[0;32mI (85) boot:  2 factory          factory app      00 00 00010000 00100000[0m
[0;32mI (92) boot: End of partition table[0m
[0;32mI (96) esp_image: segment 0: paddr=00010020 vaddr=3f400020 size=10720h ( 67360) map[0m
[0;32mI (128) esp_image: segment 1: paddr=00020748 vaddr=3ffb0000 size=028c0h ( 10432) load[0m
[0;32mI (132) esp_image: segment 2: paddr=00023010 vaddr=40080000 size=0d008h ( 53256) load[0m
[0;32mI (155) esp_image: segment 3: paddr=00030020 vaddr=400d0020 size=2ff7ch (196476) map[0m
[0;32mI (222) esp_image: segment 4: paddr=0005ffa4 vaddr=4008d008 size=02748h ( 10056) load[0m
[0;32mI (234) boot: Loaded app from partition at offset 0x10000[0m
[0;32mI (234) boot: Disabling RNG early entropy source...[0m
[0;32mI (247) cpu_start: Multicore app[0m
[0;32mI (255) cpu_start: Pro cpu start user code[0m
[0;32mI (255) cpu_start: cpu freq: 160000000 Hz[0m
[0;32mI (255) app_init: Application information:[0m
[0;32mI (258) app_init: Project name:     hot_potato[0m
[0;32mI (263) app_init: App version:      v5.3.3-dirty[0m
[0;32mI (268) app_init: Compile time:     Aug 12 2025 21:50:08[0m
[0;32mI (274) app_init: ELF file SHA256:  197700f33...[0m
[0;32mI (280) app_init: ESP-IDF:          v5.3.3-dirty[0m
[0;32mI (285) efuse_init: Min chip rev:     v0.0[0m
[0;32mI (290) efuse_init: Max chip rev:     v3.99 [0m
[0;32mI (295) efuse_init: Chip rev:         v3.1[0m
[0;32mI (300) heap_init: Initializing. RAM available for dynamic allocation:[0m
[0;32mI (307) heap_init: At 3FFAE6E0 len 00001920 (6 KiB): DRAM[0m
[0;32mI (313) heap_init: At 3FFB3B38 len 0002C4C8 (177 KiB): DRAM[0m
[0;32mI (319) heap_init: At 3FFE0440 len 00003AE0 (14 KiB): D/IRAM[0m
[0;32mI (325) heap_init: At 3FFE4350 len 0001BCB0 (111 KiB): D/IRAM[0m
[0;32mI (332) heap_init: At 4008F750 len 000108B0 (66 KiB): IRAM[0m
[0;32mI (340) spi_flash: detected chip: generic[0m
[0;32mI (343) spi_flash: flash io: dio[0m
[0;33mW (347) spi_flash: Detected size(16384k) larger than the size in the binary image header(2048k). Using the size in the binary image header.[0m
[0;32mI (361) main_task: Started on CPU0[0m
[0;32mI (371) main_task: Calling app_main()[0m
Starting Hot Potato Game
[0;32mI (371) IR_SIMPLE_TEST_OPT: Starting IR Simple Test[0m
[0;32mI (371) IR_SIMPLE_TEST_OPT: Our MAC: 08:D1:F9:6A:D9:BC[0m
[0;32mI (411) M5GFX: [Autodetect] M5Stack[0m
[0;32mI (581) gpio: GPIO[39]| InputEn: 1| OutputEn: 0| OpenDrain: 0| Pullup: 0| Pulldown: 0| Intr:2 [0m
[0;32mI (581) IR_SIMPLE_TEST_OPT: Button interrupt setup successful[0m
[0;32mI (581) gpio: GPIO[26]| InputEn: 0| OutputEn: 1| OpenDrain: 0| Pullup: 1| Pulldown: 0| Intr:0 [0m
[0;32mI (591) IR_SIMPLE_TEST_OPT: RMT TX initialized[0m
[0;32mI (601) IR_SIMPLE_TEST_OPT: TX prebuilt 0x5A into 10 symbols[0m
[0;32mI (611) gpio: GPIO[36]| InputEn: 1| OutputEn: 0| OpenDrain: 0| Pullup: 1| Pulldown: 0| Intr:0 [0m
[0;32mI (611) IR_SIMPLE_TEST_OPT: RMT RX initialized[0m
[0;32mI (621) IR_SIMPLE_TEST_OPT: RX task started[0m
[0;32mI (621) IR_SIMPLE_TEST_OPT: TX task started[0m
[0;32mI (631) IR_SIMPLE_TEST_OPT: IR Simple Test (OPTIMIZED) ready - press Button A to send[0m
[0;32mI (2041) RX: Dump 9 symbols:[0m
[0;32mI (2041) RX: [00] l0=0 d0=866 | l1=1 d1=423[0m
[0;32mI (2041) RX: [01] l0=0 d0=414 | l1=1 d1=797[0m
[0;32mI (2041) RX: [02] l0=0 d0=438 | l1=1 d1=403[0m
[0;32mI (2051) RX: [03] l0=0 d0=444 | l1=1 d1=3293[0m
[0;32mI (2051) RX: [04] l0=0 d0=1279 | l1=1 d1=431[0m
[0;32mI (2061) RX: [05] l0=0 d0=416 | l1=1 d1=400[0m
[0;32mI (2061) RX: [06] l0=0 d0=416 | l1=1 d1=400[0m
[0;32mI (2071) RX: [07] l0=0 d0=437 | l1=1 d1=7957[0m
[0;32mI (2071) RX: [08] l0=0 d0=444 | l1=1 d1=0[0m
[0;32mI (2081) IR_SIMPLE_TEST_OPT: Received byte: 0x5A[0m
[0;32mI (2111) RX: Dump 1 symbols:[0m
[0;32mI (2111) RX: [00] l0=0 d0=434 | l1=1 d1=0[0m
[0;32mI (2111) IR_SIMPLE_TEST_OPT: Received byte: 0x00[0m
[0;32mI (2221) RX: Dump 1 symbols:[0m
[0;32mI (2221) RX: [00] l0=0 d0=443 | l1=1 d1=0[0m
[0;32mI (2221) IR_SIMPLE_TEST_OPT: Received byte: 0x00[0m
[0;32mI (2221) IR_SIMPLE_TEST_OPT: RX: packet timeout, resetting[0m
[0;32mI (2241) RX: Dump 1 symbols:[0m
[0;32mI (2241) RX: [00] l0=0 d0=441 | l1=1 d1=0[0m
[0;32mI (2241) IR_SIMPLE_TEST_OPT: Received byte: 0x00[0m
[0;32mI (2271) RX: Dump 1 symbols:[0m
[0;32mI (2271) RX: [00] l0=0 d0=431 | l1=1 d1=0[0m
[0;32mI (2271) IR_SIMPLE_TEST_OPT: Received byte: 0x00[0m
[0;32mI (2451) RX: Dump 2 symbols:[0m
[0;32mI (2451) RX: [00] l0=0 d0=1701 | l1=1 d1=827[0m
[0;32mI (2451) RX: [01] l0=0 d0=836 | l1=1 d1=0[0m
[0;32mI (2451) IR_SIMPLE_TEST_OPT: Received byte: 0x18[0m
[0;32mI (2491) RX: Dump 7 symbols:[0m
[0;32mI (2491) RX: [00] l0=0 d0=858 | l1=1 d1=431[0m
[0;32mI (2491) RX: [01] l0=0 d0=416 | l1=1 d1=1637[0m
[0;32mI (2491) RX: [02] l0=0 d0=435 | l1=1 d1=7932[0m
[0;32mI (2491) RX: [03] l0=0 d0=437 | l1=1 d1=405[0m
[0;32mI (2501) RX: [04] l0=0 d0=442 | l1=1 d1=373[0m
[0;32mI (2501) RX: [05] l0=0 d0=443 | l1=1 d1=821[0m
[0;32mI (2511) RX: [06] l0=0 d0=435 | l1=1 d1=0[0m
[0;32mI (2511) IR_SIMPLE_TEST_OPT: Received byte: 0x7A[0m
[0;32mI (2541) RX: Dump 3 symbols:[0m
[0;32mI (2541) RX: [00] l0=0 d0=442 | l1=1 d1=1243[0m
[0;32mI (2541) RX: [01] l0=0 d0=441 | l1=1 d1=374[0m
[0;32mI (2541) RX: [02] l0=0 d0=861 | l1=1 d1=0[0m
[0;32mI (2551) IR_SIMPLE_TEST_OPT: Received byte: 0x01[0m
[0;32mI (2581) RX: Dump 3 symbols:[0m
[0;32mI (2581) RX: [00] l0=0 d0=1280 | l1=1 d1=430[0m
[0;32mI (2581) RX: [01] l0=0 d0=406 | l1=1 d1=1226[0m
[0;32mI (2581) RX: [02] l0=0 d0=438 | l1=1 d1=0[0m
[0;32mI (2591) IR_SIMPLE_TEST_OPT: Received byte: 0x00[0m
[0;32mI (2641) RX: Dump 7 symbols:[0m
[0;32mI (2641) RX: [00] l0=0 d0=439 | l1=1 d1=403[0m
[0;32mI (2641) RX: [01] l0=0 d0=2945 | l1=1 d1=7948[0m
[0;32mI (2641) RX: [02] l0=0 d0=442 | l1=1 d1=374[0m
[0;32mI (2651) RX: [03] l0=0 d0=442 | l1=1 d1=400[0m
[0;32mI (2651) RX: [04] l0=0 d0=2100 | l1=1 d1=7952[0m
[0;32mI (2651) RX: [05] l0=0 d0=1286 | l1=1 d1=397[0m
[0;32mI (2661) RX: [06] l0=0 d0=2103 | l1=1 d1=0[0m
[0;32mI (2661) IR_SIMPLE_TEST_OPT: Received byte: 0x05[0m
[0;32mI (2781) RX: Dump 2 symbols:[0m
[0;32mI (2781) RX: [00] l0=0 d0=861 | l1=1 d1=1639[0m
[0;32mI (2781) RX: [01] l0=0 d0=443 | l1=1 d1=0[0m
[0;32mI (2781) IR_SIMPLE_TEST_OPT: Received byte: 0x00[0m
[0;32mI (2811) RX: Dump 4 symbols:[0m
[0;32mI (2811) RX: [00] l0=0 d0=440 | l1=1 d1=402[0m
[0;32mI (2811) RX: [01] l0=0 d0=445 | l1=1 d1=791[0m
[0;32mI (2811) RX: [02] l0=0 d0=465 | l1=1 d1=378[0m
[0;32mI (2811) RX: [03] l0=0 d0=438 | l1=1 d1=0[0m
[0;32mI (2821) IR_SIMPLE_TEST_OPT: Received byte: 0x2D[0m
[0;32mI (2851) RX: Dump 2 symbols:[0m
[0;32mI (2851) RX: [00] l0=0 d0=861 | l1=1 d1=2061[0m
[0;32mI (2851) RX: [01] l0=0 d0=439 | l1=1 d1=0[0m
[0;32mI (2851) IR_SIMPLE_TEST_OPT: Received byte: 0x00[0m
[0;32mI (2881) RX: Dump 2 symbols:[0m
[0;32mI (2881) RX: [00] l0=0 d0=464 | l1=1 d1=1643[0m
[0;32mI (2881) RX: [01] l0=0 d0=439 | l1=1 d1=0[0m
[0;32mI (2881) IR_SIMPLE_TEST_OPT: Received byte: 0x00[0m
[0;32mI (2911) RX: Dump 3 symbols:[0m
[0;32mI (2911) RX: [00] l0=0 d0=866 | l1=1 d1=397[0m
[0;32mI (2911) RX: [01] l0=0 d0=409 | l1=1 d1=828[0m
[0;32mI (2911) RX: [02] l0=0 d0=1285 | l1=1 d1=0[0m
[0;32mI (2921) IR_SIMPLE_TEST_OPT: Received byte: 0x1A[0m
