rï¿½ï¿½[0m
ï¿½ets Jul 29 2019 12:21:46

rst:0x1 (POWERON_RESET),boot:0x17 (SPI_FAST_FLASH_BOOT)
configsip: 0, SPIWP:0xee
clk_drv:0x00,q_drv:0x00,d_drv:0x00,cs0_drv:0x00,hd_drv:0x00,wp_drv:0x00
mode:DIO, clock div:2
load:0x3fff0030,len:7176
load:0x40078000,len:15644
ho 0 tail 12 room 4
load:0x40080400,len:4
load:0x40080404,len:3904
entry 0x40080640
[0;32mI (31) boot: ESP-IDF v5.3.3-dirty 2nd stage bootloader[0m
[0;32mI (31) boot: compile time Aug  7 2025 21:47:29[0m
[0;32mI (31) boot: Multicore bootloader[0m
[0;32mI (36) boot: chip revision: v3.1[0m
[0;32mI (40) boot.esp32: SPI Speed      : 40MHz[0m
[0;32mI (44) boot.esp32: SPI Mode       : DIO[0m
[0;32mI (49) boot.esp32: SPI Flash Size : 2MB[0m
[0;32mI (53) boot: Enabling RNG early entropy source...[0m
[0;32mI (59) boot: Partition Table:[0m
[0;32mI (62) boot: ## Label            Usage          Type ST Offset   Length[0m
[0;32mI (70) boot:  0 nvs              WiFi data        01 02 00009000 00006000[0m
[0;32mI (77) boot:  1 phy_init         RF data          01 01 0000f000 00001000[0m
[0;32mI (85) boot:  2 factory          factory app      00 00 00010000 00100000[0m
[0;32mI (92) boot: End of partition table[0m
[0;32mI (96) esp_image: segment 0: paddr=00010020 vaddr=3f400020 size=0ff10h ( 65296) map[0m
[0;32mI (127) esp_image: segment 1: paddr=0001ff38 vaddr=3ffb0000 size=000e0h (   224) load[0m
[0;32mI (128) esp_image: segment 2: paddr=00020020 vaddr=400d0020 size=2f0f4h (192756) map[0m
[0;32mI (199) esp_image: segment 3: paddr=0004f11c vaddr=3ffb00e0 size=02780h ( 10112) load[0m
[0;32mI (203) esp_image: segment 4: paddr=000518a4 vaddr=40080000 size=0f344h ( 62276) load[0m
[0;32mI (237) boot: Loaded app from partition at offset 0x10000[0m
[0;32mI (237) boot: Disabling RNG early entropy source...[0m
[0;32mI (249) cpu_start: Multicore app[0m
[0;32mI (258) cpu_start: Pro cpu start user code[0m
[0;32mI (258) cpu_start: cpu freq: 160000000 Hz[0m
[0;32mI (258) app_init: Application information:[0m
[0;32mI (261) app_init: Project name:     hot_potato[0m
[0;32mI (266) app_init: App version:      v5.3.3-dirty[0m
[0;32mI (271) app_init: Compile time:     Aug 12 2025 21:50:08[0m
[0;32mI (277) app_init: ELF file SHA256:  2db73e448...[0m
[0;32mI (282) app_init: ESP-IDF:          v5.3.3-dirty[0m
[0;32mI (288) efuse_init: Min chip rev:     v0.0[0m
[0;32mI (292) efuse_init: Max chip rev:     v3.99 [0m
[0;32mI (297) efuse_init: Chip rev:         v3.1[0m
[0;32mI (302) heap_init: Initializing. RAM available for dynamic allocation:[0m
[0;32mI (310) heap_init: At 3FFAE6E0 len 00001920 (6 KiB): DRAM[0m
[0;32mI (315) heap_init: At 3FFB3718 len 0002C8E8 (178 KiB): DRAM[0m
[0;32mI (322) heap_init: At 3FFE0440 len 00003AE0 (14 KiB): D/IRAM[0m
[0;32mI (328) heap_init: At 3FFE4350 len 0001BCB0 (111 KiB): D/IRAM[0m
[0;32mI (334) heap_init: At 4008F344 len 00010CBC (67 KiB): IRAM[0m
[0;32mI (342) spi_flash: detected chip: generic[0m
[0;32mI (345) spi_flash: flash io: dio[0m
[0;33mW (349) spi_flash: Detected size(16384k) larger than the size in the binary image header(2048k). Using the size in the binary image header.[0m
[0;32mI (364) main_task: Started on CPU0[0m
[0;32mI (374) main_task: Calling app_main()[0m
Starting Hot Potato Game
[0;32mI (374) IR_SIMPLE_TEST: Starting IR Simple Test[0m
[0;32mI (404) M5GFX: [Autodetect] M5Stack[0m
[0;32mI (574) gpio: GPIO[39]| InputEn: 1| OutputEn: 0| OpenDrain: 0| Pullup: 1| Pulldown: 0| Intr:0 [0m
[0;32mI (574) gpio: GPIO[26]| InputEn: 0| OutputEn: 1| OpenDrain: 0| Pullup: 1| Pulldown: 0| Intr:0 [0m
[0;32mI (584) IR_SIMPLE_TEST: RMT TX initialized[0m
[0;32mI (584) gpio: GPIO[36]| InputEn: 1| OutputEn: 0| OpenDrain: 0| Pullup: 1| Pulldown: 0| Intr:0 [0m
[0;32mI (594) IR_SIMPLE_TEST: RMT RX initialized[0m
[0;32mI (604) IR_SIMPLE_TEST: RX task started[0m
[0;32mI (604) IR_SIMPLE_TEST: IR Simple Test ready - press Button A to send[0m
[0;32mI (3924) RX: Dump 4 symbols:[0m
[0;32mI (3924) RX: [00] l0=0 d0=915 | l1=1 d1=351[0m
[0;32mI (3924) RX: [01] l0=0 d0=445 | l1=1 d1=789[0m
[0;32mI (3924) RX: [02] l0=0 d0=519 | l1=1 d1=326[0m
[0;32mI (3924) RX: [03] l0=0 d0=437 | l1=1 d1=0[0m
[0;32mI (3934) IR_SIMPLE_TEST: DEC: phase=0 mark_level=1 byte=0x29 bits(LSB->MSB)=10010100 bits(MSB->LSB)=00101001[0m
[0;32mI (3944) IR_SIMPLE_TEST: Received byte: 0x29[0m
[0;32mI (5464) RX: Dump 4 symbols:[0m
[0;32mI (5464) RX: [00] l0=0 d0=861 | l1=1 d1=403[0m
[0;32mI (5464) RX: [01] l0=0 d0=413 | l1=1 d1=823[0m
[0;32mI (5464) RX: [02] l0=0 d0=443 | l1=1 d1=399[0m
[0;32mI (5464) RX: [03] l0=0 d0=438 | l1=1 d1=0[0m
[0;32mI (5474) IR_SIMPLE_TEST: DEC: phase=0 mark_level=1 byte=0x29 bits(LSB->MSB)=10010100 bits(MSB->LSB)=00101001[0m
[0;32mI (5484) IR_SIMPLE_TEST: Received byte: 0x29[0m
[0;32mI (5844) RX: Dump 4 symbols:[0m
[0;32mI (5844) RX: [00] l0=0 d0=832 | l1=1 d1=405[0m
[0;32mI (5844) RX: [01] l0=0 d0=443 | l1=1 d1=820[0m
[0;32mI (5844) RX: [02] l0=0 d0=436 | l1=1 d1=380[0m
[0;32mI (5844) RX: [03] l0=0 d0=436 | l1=1 d1=0[0m
[0;32mI (5854) IR_SIMPLE_TEST: DEC: phase=0 mark_level=1 byte=0x29 bits(LSB->MSB)=10010100 bits(MSB->LSB)=00101001[0m
[0;32mI (5864) IR_SIMPLE_TEST: Received byte: 0x29[0m
[0;32mI (6054) RX: Dump 4 symbols:[0m
[0;32mI (6054) RX: [00] l0=0 d0=832 | l1=1 d1=405[0m
[0;32mI (6054) RX: [01] l0=0 d0=442 | l1=1 d1=820[0m
[0;32mI (6054) RX: [02] l0=0 d0=436 | l1=1 d1=380[0m
[0;32mI (6054) RX: [03] l0=0 d0=436 | l1=1 d1=0[0m
[0;32mI (6064) IR_SIMPLE_TEST: DEC: phase=0 mark_level=1 byte=0x29 bits(LSB->MSB)=10010100 bits(MSB->LSB)=00101001[0m
[0;32mI (6074) IR_SIMPLE_TEST: Received byte: 0x29[0m
[0;32mI (30034) RX: Dump 4 symbols:[0m
[0;32mI (30034) RX: [00] l0=0 d0=828 | l1=1 d1=408[0m
[0;32mI (30034) RX: [01] l0=0 d0=471 | l1=1 d1=792[0m
[0;32mI (30034) RX: [02] l0=0 d0=463 | l1=1 d1=352[0m
[0;32mI (30034) RX: [03] l0=0 d0=433 | l1=1 d1=0[0m
[0;32mI (30044) IR_SIMPLE_TEST: DEC: phase=0 mark_level=1 byte=0x29 bits(LSB->MSB)=10010100 bits(MSB->LSB)=00101001[0m
[0;32mI (30054) IR_SIMPLE_TEST: Received byte: 0x29[0m
[0;32mI (31294) RX: Dump 4 symbols:[0m
[0;32mI (31294) RX: [00] l0=0 d0=848 | l1=1 d1=388[0m
[0;32mI (31294) RX: [01] l0=0 d0=469 | l1=1 d1=794[0m
[0;32mI (31294) RX: [02] l0=0 d0=462 | l1=1 d1=354[0m
[0;32mI (31294) RX: [03] l0=0 d0=441 | l1=1 d1=0[0m
[0;32mI (31304) IR_SIMPLE_TEST: DEC: phase=0 mark_level=1 byte=0x29 bits(LSB->MSB)=10010100 bits(MSB->LSB)=00101001[0m
[0;32mI (31314) IR_SIMPLE_TEST: Received byte: 0x29[0m
[0;32mI (32024) RX: Dump 4 symbols:[0m
[0;32mI (32024) RX: [00] l0=0 d0=888 | l1=1 d1=374[0m
[0;32mI (32024) RX: [01] l0=0 d0=463 | l1=1 d1=774[0m
[0;32mI (32024) RX: [02] l0=0 d0=471 | l1=1 d1=372[0m
[0;32mI (32024) RX: [03] l0=0 d0=466 | l1=1 d1=0[0m
[0;32mI (32034) IR_SIMPLE_TEST: DEC: phase=0 mark_level=1 byte=0x29 bits(LSB->MSB)=10010100 bits(MSB->LSB)=00101001[0m
[0;32mI (32044) IR_SIMPLE_TEST: Received byte: 0x29[0m
