Bï¿½ets Jul 29 2019 12:21:46

rst:0x1 (POWERON_RESET),boot:0x17 (SPI_FAST_FLASH_BOOT)
configsip: 0, SPIWP:0xee
clk_drv:0x00,q_drv:0x00,d_drv:0x00,cs0_drv:0x00,hd_drv:0x00,wp_drv:0x00
mode:DIO, clock div:2
load:0x3fff0030,len:7176
load:0x40078000,len:15644
ho 0 tail 12 room 4
load:0x40080400,len:4
load:0x40080404,len:3904
entry 0x40080640
[0;32mI (31) boot: ESP-IDF v5.3.3-dirty 2nd stage bootloader[0m
[0;32mI (31) boot: compile time Aug  7 2025 21:47:29[0m
[0;32mI (31) boot: Multicore bootloader[0m
[0;32mI (36) boot: chip revision: v3.1[0m
[0;32mI (40) boot.esp32: SPI Speed      : 40MHz[0m
[0;32mI (44) boot.esp32: SPI Mode       : DIO[0m
[0;32mI (49) boot.esp32: SPI Flash Size : 2MB[0m
[0;32mI (53) boot: Enabling RNG early entropy source...[0m
[0;32mI (59) boot: Partition Table:[0m
[0;32mI (62) boot: ## Label            Usage          Type ST Offset   Length[0m
[0;32mI (70) boot:  0 nvs              WiFi data        01 02 00009000 00006000[0m
[0;32mI (77) boot:  1 phy_init         RF data          01 01 0000f000 00001000[0m
[0;32mI (85) boot:  2 factory          factory app      00 00 00010000 00100000[0m
[0;32mI (92) boot: End of partition table[0m
[0;32mI (96) esp_image: segment 0: paddr=00010020 vaddr=3f400020 size=11010h ( 69648) map[0m
[0;32mI (129) esp_image: segment 1: paddr=00021038 vaddr=3ffb0000 size=02820h ( 10272) load[0m
[0;32mI (133) esp_image: segment 2: paddr=00023860 vaddr=40080000 size=0c7b8h ( 51128) load[0m
[0;32mI (154) esp_image: segment 3: paddr=00030020 vaddr=400d0020 size=309a8h (199080) map[0m
[0;32mI (223) esp_image: segment 4: paddr=000609d0 vaddr=4008c7b8 size=03ba8h ( 15272) load[0m
[0;32mI (237) boot: Loaded app from partition at offset 0x10000[0m
[0;32mI (237) boot: Disabling RNG early entropy source...[0m
[0;32mI (250) cpu_start: Multicore app[0m
[0;32mI (258) cpu_start: Pro cpu start user code[0m
[0;32mI (258) cpu_start: cpu freq: 160000000 Hz[0m
[0;32mI (258) app_init: Application information:[0m
[0;32mI (261) app_init: Project name:     hot_potato[0m
[0;32mI (266) app_init: App version:      v5.3.3-dirty[0m
[0;32mI (272) app_init: Compile time:     Aug 12 2025 21:50:08[0m
[0;32mI (278) app_init: ELF file SHA256:  e7b95a7cd...[0m
[0;32mI (283) app_init: ESP-IDF:          v5.3.3-dirty[0m
[0;32mI (288) efuse_init: Min chip rev:     v0.0[0m
[0;32mI (293) efuse_init: Max chip rev:     v3.99 [0m
[0;32mI (298) efuse_init: Chip rev:         v3.1[0m
[0;32mI (303) heap_init: Initializing. RAM available for dynamic allocation:[0m
[0;32mI (310) heap_init: At 3FFAE6E0 len 00001920 (6 KiB): DRAM[0m
[0;32mI (316) heap_init: At 3FFB3970 len 0002C690 (177 KiB): DRAM[0m
[0;32mI (322) heap_init: At 3FFE0440 len 00003AE0 (14 KiB): D/IRAM[0m
[0;32mI (329) heap_init: At 3FFE4350 len 0001BCB0 (111 KiB): D/IRAM[0m
[0;32mI (335) heap_init: At 40090360 len 0000FCA0 (63 KiB): IRAM[0m
[0;32mI (343) spi_flash: detected chip: generic[0m
[0;32mI (346) spi_flash: flash io: dio[0m
[0;33mW (350) spi_flash: Detected size(16384k) larger than the size in the binary image header(2048k). Using the size in the binary image header.[0m
[0;32mI (364) main_task: Started on CPU0[0m
[0;32mI (374) main_task: Calling app_main()[0m
Starting Hot Potato Game
[0;32mI (374) IR_SIMPLE_TEST_OPT: Starting IR Simple Test[0m
[0;32mI (374) IR_SIMPLE_TEST_OPT: MAC: 34:98:7A:B5:97:74[0m
[0;32mI (414) M5GFX: [Autodetect] M5Stack[0m
[0;32mI (584) gpio: GPIO[39]| InputEn: 1| OutputEn: 0| OpenDrain: 0| Pullup: 0| Pulldown: 0| Intr:2 [0m
[0;32mI (584) IR_SIMPLE_TEST_OPT: Button interrupt setup successful[0m
[0;32mI (594) gpio: GPIO[26]| InputEn: 0| OutputEn: 1| OpenDrain: 0| Pullup: 1| Pulldown: 0| Intr:0 [0m
[0;32mI (594) IR_SIMPLE_TEST_OPT: RMT TX initialized[0m
[0;32mI (604) IR_SIMPLE_TEST_OPT: TX prebuilt 0x5A into 10 symbols[0m
[0;32mI (614) IR-UART: UART RX initialized on GPIO36 at 2400-8N1[0m
[0;32mI (614) IR-UART: UART RX task started[0m
[0;32mI (624) IR_SIMPLE_TEST_OPT: TX task started[0m
[0;32mI (624) IR_SIMPLE_TEST_OPT: IR Simple Test (Stage-2a) ready - press Button A to send ZT[0m
[0;32mI (2604) IR_SIMPLE_TEST_OPT: Sent ZT+LEN+MAC+CRC (len=6)[0m
[0;32mI (2664) IR-UART: 0x5A[0m
[0;32mI (2664) IR-UART: 0x54[0m
[0;32mI (2664) IR-UART: 0x06[0m
[0;32mI (2664) IR-UART: 0x34[0m
[0;32mI (2664) IR-UART: 0x98[0m
[0;32mI (2664) IR-UART: 0x7A[0m
[0;32mI (2664) IR-UART: 0xB5[0m
[0;32mI (2674) IR-UART: 0x97[0m
[0;32mI (2674) IR-UART: 0x74[0m
[0;32mI (2674) IR-UART: 0x3D[0m
[0;32mI (2674) RX: CRC OK (len=6)[0m
[0;32mI (2684) RX: MAC = 34:98:7A:B5:97:74[0m
[0;32mI (3984) IR_SIMPLE_TEST_OPT: Sent ZT+LEN+MAC+CRC (len=6)[0m
[0;32mI (4044) IR-UART: 0x5A[0m
[0;32mI (4044) IR-UART: 0x54[0m
[0;32mI (4044) IR-UART: 0x06[0m
[0;32mI (4044) IR-UART: 0x34[0m
[0;32mI (4044) IR-UART: 0x98[0m
[0;32mI (4044) IR-UART: 0x7A[0m
[0;32mI (4044) IR-UART: 0xB5[0m
[0;32mI (4054) IR-UART: 0x97[0m
[0;32mI (4054) IR-UART: 0x74[0m
[0;32mI (4054) IR-UART: 0x3D[0m
[0;32mI (4054) RX: CRC OK (len=6)[0m
[0;32mI (4064) RX: MAC = 34:98:7A:B5:97:74[0m
[0;32mI (6054) IR-UART: 0x5A[0m
[0;32mI (6054) IR-UART: 0x54[0m
[0;32mI (6054) IR-UART: 0x06[0m
[0;32mI (6054) IR-UART: 0x08[0m
[0;32mI (6054) IR-UART: 0xD1[0m
[0;32mI (6054) IR-UART: 0xF9[0m
[0;32mI (6054) IR-UART: 0x6A[0m
[0;32mI (6064) IR-UART: 0xD9[0m
[0;32mI (6064) IR-UART: 0xBC[0m
[0;32mI (6064) IR-UART: 0x5D[0m
[0;32mI (6064) RX: CRC OK (len=6)[0m
[0;32mI (6074) RX: MAC = 08:D1:F9:6A:D9:BC[0m
[0;32mI (9814) IR_SIMPLE_TEST_OPT: Sent ZT+LEN+MAC+CRC (len=6)[0m
[0;32mI (9874) IR-UART: 0x5A[0m
[0;32mI (9874) IR-UART: 0x54[0m
[0;32mI (9874) IR-UART: 0x06[0m
[0;32mI (9874) IR-UART: 0x34[0m
[0;32mI (9874) IR-UART: 0x98[0m
[0;32mI (9874) IR-UART: 0x7A[0m
[0;32mI (9874) IR-UART: 0xB5[0m
[0;32mI (9884) IR-UART: 0x97[0m
[0;32mI (9884) IR-UART: 0x74[0m
[0;32mI (9884) IR-UART: 0x3D[0m
[0;32mI (9884) RX: CRC OK (len=6)[0m
[0;32mI (9894) RX: MAC = 34:98:7A:B5:97:74[0m
[0;32mI (10574) IR_SIMPLE_TEST_OPT: Sent ZT+LEN+MAC+CRC (len=6)[0m
[0;32mI (10634) IR-UART: 0x5A[0m
[0;32mI (10634) IR-UART: 0x54[0m
[0;32mI (10634) IR-UART: 0x06[0m
[0;32mI (10634) IR-UART: 0x34[0m
[0;32mI (10634) IR-UART: 0x98[0m
[0;32mI (10634) IR-UART: 0x7A[0m
[0;32mI (10634) IR-UART: 0xB5[0m
[0;32mI (10644) IR-UART: 0x97[0m
[0;32mI (10644) IR-UART: 0x74[0m
[0;32mI (10644) IR-UART: 0x3D[0m
[0;32mI (10654) RX: CRC OK (len=6)[0m
[0;32mI (10654) RX: MAC = 34:98:7A:B5:97:74[0m
[0;32mI (11084) IR_SIMPLE_TEST_OPT: Sent ZT+LEN+MAC+CRC (len=6)[0m
[0;32mI (11144) IR-UART: 0x5A[0m
[0;32mI (11144) IR-UART: 0x54[0m
[0;32mI (11144) IR-UART: 0x06[0m
[0;32mI (11144) IR-UART: 0x34[0m
[0;32mI (11144) IR-UART: 0x98[0m
[0;32mI (11144) IR-UART: 0x7A[0m
[0;32mI (11144) IR-UART: 0xB5[0m
[0;32mI (11154) IR-UART: 0x97[0m
[0;32mI (11154) IR-UART: 0x74[0m
[0;32mI (11154) IR-UART: 0x3D[0m
[0;32mI (11164) RX: CRC OK (len=6)[0m
[0;32mI (11164) RX: MAC = 34:98:7A:B5:97:74[0m
[0;32mI (11494) IR_SIMPLE_TEST_OPT: Sent ZT+LEN+MAC+CRC (len=6)[0m
[0;32mI (11554) IR-UART: 0x5A[0m
[0;32mI (11554) IR-UART: 0x54[0m
[0;32mI (11554) IR-UART: 0x06[0m
[0;32mI (11554) IR-UART: 0x34[0m
[0;32mI (11554) IR-UART: 0x98[0m
[0;32mI (11554) IR-UART: 0x7A[0m
[0;32mI (11554) IR-UART: 0xB5[0m
[0;32mI (11564) IR-UART: 0x97[0m
[0;32mI (11564) IR-UART: 0x74[0m
[0;32mI (11564) IR-UART: 0x3D[0m
[0;32mI (11574) RX: CRC OK (len=6)[0m
[0;32mI (11574) RX: MAC = 34:98:7A:B5:97:74[0m
[0;32mI (11824) IR_SIMPLE_TEST_OPT: Sent ZT+LEN+MAC+CRC (len=6)[0m
[0;32mI (11884) IR-UART: 0x5A[0m
[0;32mI (11884) IR-UART: 0x54[0m
[0;32mI (11884) IR-UART: 0x06[0m
[0;32mI (11884) IR-UART: 0x34[0m
[0;32mI (11884) IR-UART: 0x98[0m
[0;32mI (11884) IR-UART: 0x7A[0m
[0;32mI (11884) IR-UART: 0xB5[0m
[0;32mI (11894) IR-UART: 0x97[0m
[0;32mI (11894) IR-UART: 0x74[0m
[0;32mI (11894) IR-UART: 0x3D[0m
[0;32mI (11904) RX: CRC OK (len=6)[0m
[0;32mI (11904) RX: MAC = 34:98:7A:B5:97:74[0m
