ï¿½[RBï¿½ï¿½ï¿½Jï¿½ets Jul 29 2019 12:21:46

rst:0x1 (POWERON_RESET),boot:0x17 (SPI_FAST_FLASH_BOOT)
configsip: 0, SPIWP:0xee
clk_drv:0x00,q_drv:0x00,d_drv:0x00,cs0_drv:0x00,hd_drv:0x00,wp_drv:0x00
mode:DIO, clock div:2
load:0x3fff0030,len:7176
load:0x40078000,len:15644
ho 0 tail 12 room 4
load:0x40080400,len:4
load:0x40080404,len:3904
entry 0x40080640
[0;32mI (31) boot: ESP-IDF v5.3.3-dirty 2nd stage bootloader[0m
[0;32mI (31) boot: compile time Aug  7 2025 21:47:29[0m
[0;32mI (31) boot: Multicore bootloader[0m
[0;32mI (36) boot: chip revision: v3.1[0m
[0;32mI (40) boot.esp32: SPI Speed      : 40MHz[0m
[0;32mI (44) boot.esp32: SPI Mode       : DIO[0m
[0;32mI (49) boot.esp32: SPI Flash Size : 2MB[0m
[0;32mI (53) boot: Enabling RNG early entropy source...[0m
[0;32mI (59) boot: Partition Table:[0m
[0;32mI (62) boot: ## Label            Usage          Type ST Offset   Length[0m
[0;32mI (70) boot:  0 nvs              WiFi data        01 02 00009000 00006000[0m
[0;32mI (77) boot:  1 phy_init         RF data          01 01 0000f000 00001000[0m
[0;32mI (85) boot:  2 factory          factory app      00 00 00010000 00100000[0m
[0;32mI (92) boot: End of partition table[0m
[0;32mI (96) esp_image: segment 0: paddr=00010020 vaddr=3f400020 size=10580h ( 66944) map[0m
[0;32mI (128) esp_image: segment 1: paddr=000205a8 vaddr=3ffb0000 size=028c0h ( 10432) load[0m
[0;32mI (132) esp_image: segment 2: paddr=00022e70 vaddr=40080000 size=0d1a8h ( 53672) load[0m
[0;32mI (155) esp_image: segment 3: paddr=00030020 vaddr=400d0020 size=2fc64h (195684) map[0m
[0;32mI (222) esp_image: segment 4: paddr=0005fc8c vaddr=4008d1a8 size=025a8h (  9640) load[0m
[0;32mI (234) boot: Loaded app from partition at offset 0x10000[0m
[0;32mI (234) boot: Disabling RNG early entropy source...[0m
[0;32mI (246) cpu_start: Multicore app[0m
[0;32mI (255) cpu_start: Pro cpu start user code[0m
[0;32mI (255) cpu_start: cpu freq: 160000000 Hz[0m
[0;32mI (255) app_init: Application information:[0m
[0;32mI (258) app_init: Project name:     hot_potato[0m
[0;32mI (263) app_init: App version:      v5.3.3-dirty[0m
[0;32mI (268) app_init: Compile time:     Aug 12 2025 21:50:08[0m
[0;32mI (274) app_init: ELF file SHA256:  9536cbc1e...[0m
[0;32mI (279) app_init: ESP-IDF:          v5.3.3-dirty[0m
[0;32mI (285) efuse_init: Min chip rev:     v0.0[0m
[0;32mI (289) efuse_init: Max chip rev:     v3.99 [0m
[0;32mI (294) efuse_init: Chip rev:         v3.1[0m
[0;32mI (299) heap_init: Initializing. RAM available for dynamic allocation:[0m
[0;32mI (306) heap_init: At 3FFAE6E0 len 00001920 (6 KiB): DRAM[0m
[0;32mI (312) heap_init: At 3FFB3A98 len 0002C568 (177 KiB): DRAM[0m
[0;32mI (319) heap_init: At 3FFE0440 len 00003AE0 (14 KiB): D/IRAM[0m
[0;32mI (325) heap_init: At 3FFE4350 len 0001BCB0 (111 KiB): D/IRAM[0m
[0;32mI (331) heap_init: At 4008F750 len 000108B0 (66 KiB): IRAM[0m
[0;32mI (339) spi_flash: detected chip: generic[0m
[0;32mI (342) spi_flash: flash io: dio[0m
[0;33mW (346) spi_flash: Detected size(16384k) larger than the size in the binary image header(2048k). Using the size in the binary image header.[0m
[0;32mI (361) main_task: Started on CPU0[0m
[0;32mI (371) main_task: Calling app_main()[0m
Starting Hot Potato Game
[0;32mI (371) IR_SIMPLE_TEST_OPT: Starting IR Simple Test[0m
[0;32mI (371) IR_SIMPLE_TEST_OPT: Our MAC: 08:D1:F9:6A:D9:BC[0m
[0;32mI (411) M5GFX: [Autodetect] M5Stack[0m
[0;32mI (581) gpio: GPIO[39]| InputEn: 1| OutputEn: 0| OpenDrain: 0| Pullup: 0| Pulldown: 0| Intr:2 [0m
[0;32mI (581) IR_SIMPLE_TEST_OPT: Button interrupt setup successful[0m
[0;32mI (581) gpio: GPIO[26]| InputEn: 0| OutputEn: 1| OpenDrain: 0| Pullup: 1| Pulldown: 0| Intr:0 [0m
[0;32mI (591) IR_SIMPLE_TEST_OPT: RMT TX initialized[0m
[0;32mI (601) IR_SIMPLE_TEST_OPT: TX prebuilt 0x5A into 10 symbols[0m
[0;32mI (611) gpio: GPIO[36]| InputEn: 1| OutputEn: 0| OpenDrain: 0| Pullup: 1| Pulldown: 0| Intr:0 [0m
[0;32mI (611) IR_SIMPLE_TEST_OPT: RMT RX initialized[0m
[0;32mI (621) IR_SIMPLE_TEST_OPT: RX task started[0m
[0;32mI (621) IR_SIMPLE_TEST_OPT: TX task started[0m
[0;32mI (631) IR_SIMPLE_TEST_OPT: IR Simple Test (OPTIMIZED) ready - press Button A to send[0m
[0;32mI (2321) RX: Dump 4 symbols:[0m
[0;32mI (2321) RX: [00] l0=0 d0=866 | l1=1 d1=423[0m
[0;32mI (2321) RX: [01] l0=0 d0=413 | l1=1 d1=798[0m
[0;32mI (2321) RX: [02] l0=0 d0=437 | l1=1 d1=404[0m
[0;32mI (2331) RX: [03] l0=0 d0=443 | l1=1 d1=0[0m
[0;32mI (2331) IR_SIMPLE_TEST_OPT: Received byte: 0x5A[0m
[0;32mI (4821) IR_SIMPLE_TEST_OPT: TX prebuilt 0x5A into 10 symbols[0m

***ERROR*** A stack overflow in task tx_task has been detected.


Backtrace: 0x40081ad2:0x3ffb7b60 0x4008722d:0x3ffb7b80 0x4008813e:0x3ffb7ba0 0x400891ab:0x3ffb7c20 0x40088248:0x3ffb7c40 0x400881fa:0xa5a5a5a5 |<-CORRUPTED




ELF file SHA256: 9536cbc1e

Rebooting...
ets Jul 29 2019 12:21:46

rst:0xc (SW_CPU_RESET),boot:0x17 (SPI_FAST_FLASH_BOOT)
configsip: 0, SPIWP:0xee
clk_drv:0x00,q_drv:0x00,d_drv:0x00,cs0_drv:0x00,hd_drv:0x00,wp_drv:0x00
mode:DIO, clock div:2
load:0x3fff0030,len:7176
load:0x40078000,len:15644
ho 0 tail 12 room 4
load:0x40080400,len:4
load:0x40080404,len:3904
entry 0x40080640
[0;32mI (31) boot: ESP-IDF v5.3.3-dirty 2nd stage bootloader[0m
[0;32mI (31) boot: compile time Aug  7 2025 21:47:29[0m
[0;32mI (31) boot: Multicore bootloader[0m
[0;32mI (36) boot: chip revision: v3.1[0m
[0;32mI (40) boot.esp32: SPI Speed      : 40MHz[0m
[0;32mI (44) boot.esp32: SPI Mode       : DIO[0m
[0;32mI (49) boot.esp32: SPI Flash Size : 2MB[0m
[0;32mI (53) boot: Enabling RNG early entropy source...[0m
[0;32mI (59) boot: Partition Table:[0m
[0;32mI (62) boot: ## Label            Usage          Type ST Offset   Length[0m
[0;32mI (70) boot:  0 nvs              WiFi data        01 02 00009000 00006000[0m
[0;32mI (77) boot:  1 phy_init         RF data          01 01 0000f000 00001000[0m
[0;32mI (85) boot:  2 factory          factory app      00 00 00010000 00100000[0m
[0;32mI (92) boot: End of partition table[0m
[0;32mI (96) esp_image: segment 0: paddr=00010020 vaddr=3f400020 size=10580h ( 66944) map[0m
[0;32mI (128) esp_image: segment 1: paddr=000205a8 vaddr=3ffb0000 size=028c0h ( 10432) load[0m
[0;32mI (132) esp_image: segment 2: paddr=00022e70 vaddr=40080000 size=0d1a8h ( 53672) load[0m
[0;32mI (154) esp_image: segment 3: paddr=00030020 vaddr=400d0020 size=2fc64h (195684) map[0m
[0;32mI (222) esp_image: segment 4: paddr=0005fc8c vaddr=4008d1a8 size=025a8h (  9640) load[0m
[0;32mI (234) boot: Loaded app from partition at offset 0x10000[0m
[0;32mI (234) boot: Disabling RNG early entropy source...[0m
[0;32mI (246) cpu_start: Multicore app[0m
[0;32mI (254) cpu_start: Pro cpu start user code[0m
[0;32mI (254) cpu_start: cpu freq: 160000000 Hz[0m
[0;32mI (255) app_init: Application information:[0m
[0;32mI (257) app_init: Project name:     hot_potato[0m
[0;32mI (263) app_init: App version:      v5.3.3-dirty[0m
[0;32mI (268) app_init: Compile time:     Aug 12 2025 21:50:08[0m
[0;32mI (274) app_init: ELF file SHA256:  9536cbc1e...[0m
[0;32mI (279) app_init: ESP-IDF:          v5.3.3-dirty[0m
[0;32mI (284) efuse_init: Min chip rev:     v0.0[0m
[0;32mI (289) efuse_init: Max chip rev:     v3.99 [0m
[0;32mI (294) efuse_init: Chip rev:         v3.1[0m
[0;32mI (299) heap_init: Initializing. RAM available for dynamic allocation:[0m
[0;32mI (306) heap_init: At 3FFAE6E0 len 00001920 (6 KiB): DRAM[0m
[0;32mI (312) heap_init: At 3FFB3A98 len 0002C568 (177 KiB): DRAM[0m
[0;32mI (318) heap_init: At 3FFE0440 len 00003AE0 (14 KiB): D/IRAM[0m
[0;32mI (325) heap_init: At 3FFE4350 len 0001BCB0 (111 KiB): D/IRAM[0m
[0;32mI (331) heap_init: At 4008F750 len 000108B0 (66 KiB): IRAM[0m
[0;32mI (339) spi_flash: detected chip: generic[0m
[0;32mI (342) spi_flash: flash io: dio[0m
[0;33mW (346) spi_flash: Detected size(16384k) larger than the size in the binary image header(2048k). Using the size in the binary image header.[0m
[0;32mI (361) main_task: Started on CPU0[0m
[0;32mI (371) main_task: Calling app_main()[0m
Starting Hot Potato Game
[0;32mI (371) IR_SIMPLE_TEST_OPT: Starting IR Simple Test[0m
[0;32mI (371) IR_SIMPLE_TEST_OPT: Our MAC: 08:D1:F9:6A:D9:BC[0m
[0;32mI (411) M5GFX: [Autodetect] M5Stack[0m
[0;32mI (581) gpio: GPIO[39]| InputEn: 1| OutputEn: 0| OpenDrain: 0| Pullup: 0| Pulldown: 0| Intr:2 [0m
[0;32mI (581) IR_SIMPLE_TEST_OPT: Button interrupt setup successful[0m
[0;32mI (581) gpio: GPIO[26]| InputEn: 0| OutputEn: 1| OpenDrain: 0| Pullup: 1| Pulldown: 0| Intr:0 [0m
[0;32mI (591) IR_SIMPLE_TEST_OPT: RMT TX initialized[0m
[0;32mI (601) IR_SIMPLE_TEST_OPT: TX prebuilt 0x5A into 10 symbols[0m
[0;32mI (611) gpio: GPIO[36]| InputEn: 1| OutputEn: 0| OpenDrain: 0| Pullup: 1| Pulldown: 0| Intr:0 [0m
[0;32mI (611) IR_SIMPLE_TEST_OPT: RMT RX initialized[0m
[0;32mI (621) IR_SIMPLE_TEST_OPT: RX task started[0m
[0;32mI (621) IR_SIMPLE_TEST_OPT: TX task started[0m
[0;32mI (631) IR_SIMPLE_TEST_OPT: IR Simple Test (OPTIMIZED) ready - press Button A to send[0m
