ï¿½ï¿½ï¿½m[0mï¿½ets Jul 29 2019 12:21:46

rst:0x1 (POWERON_RESET),boot:0x17 (SPI_FAST_FLASH_BOOT)
configsip: 0, SPIWP:0xee
clk_drv:0x00,q_drv:0x00,d_drv:0x00,cs0_drv:0x00,hd_drv:0x00,wp_drv:0x00
mode:DIO, clock div:2
load:0x3fff0030,len:7176
load:0x40078000,len:15644
ho 0 tail 12 room 4
load:0x40080400,len:4
load:0x40080404,len:3904
entry 0x40080640
[0;32mI (31) boot: ESP-IDF v5.3.3-dirty 2nd stage bootloader[0m
[0;32mI (31) boot: compile time Aug  7 2025 21:47:29[0m
[0;32mI (31) boot: Multicore bootloader[0m
[0;32mI (36) boot: chip revision: v3.1[0m
[0;32mI (40) boot.esp32: SPI Speed      : 40MHz[0m
[0;32mI (44) boot.esp32: SPI Mode       : DIO[0m
[0;32mI (49) boot.esp32: SPI Flash Size : 2MB[0m
[0;32mI (53) boot: Enabling RNG early entropy source...[0m
[0;32mI (59) boot: Partition Table:[0m
[0;32mI (62) boot: ## Label            Usage          Type ST Offset   Length[0m
[0;32mI (70) boot:  0 nvs              WiFi data        01 02 00009000 00006000[0m
[0;32mI (77) boot:  1 phy_init         RF data          01 01 0000f000 00001000[0m
[0;32mI (85) boot:  2 factory          factory app      00 00 00010000 00100000[0m
[0;32mI (92) boot: End of partition table[0m
[0;32mI (96) esp_image: segment 0: paddr=00010020 vaddr=3f400020 size=0ffc0h ( 65472) map[0m
[0;32mI (127) esp_image: segment 1: paddr=0001ffe8 vaddr=3ffb0000 size=00030h (    48) load[0m
[0;32mI (128) esp_image: segment 2: paddr=00020020 vaddr=400d0020 size=2f32ch (193324) map[0m
[0;32mI (199) esp_image: segment 3: paddr=0004f354 vaddr=3ffb0030 size=02830h ( 10288) load[0m
[0;32mI (203) esp_image: segment 4: paddr=00051b8c vaddr=40080000 size=0f344h ( 62276) load[0m
[0;32mI (237) boot: Loaded app from partition at offset 0x10000[0m
[0;32mI (237) boot: Disabling RNG early entropy source...[0m
[0;32mI (250) cpu_start: Multicore app[0m
[0;32mI (258) cpu_start: Pro cpu start user code[0m
[0;32mI (258) cpu_start: cpu freq: 160000000 Hz[0m
[0;32mI (258) app_init: Application information:[0m
[0;32mI (261) app_init: Project name:     hot_potato[0m
[0;32mI (266) app_init: App version:      v5.3.3-dirty[0m
[0;32mI (271) app_init: Compile time:     Aug 12 2025 21:50:08[0m
[0;32mI (277) app_init: ELF file SHA256:  ab0655de2...[0m
[0;32mI (283) app_init: ESP-IDF:          v5.3.3-dirty[0m
[0;32mI (288) efuse_init: Min chip rev:     v0.0[0m
[0;32mI (293) efuse_init: Max chip rev:     v3.99 [0m
[0;32mI (298) efuse_init: Chip rev:         v3.1[0m
[0;32mI (303) heap_init: Initializing. RAM available for dynamic allocation:[0m
[0;32mI (310) heap_init: At 3FFAE6E0 len 00001920 (6 KiB): DRAM[0m
[0;32mI (316) heap_init: At 3FFB3718 len 0002C8E8 (178 KiB): DRAM[0m
[0;32mI (322) heap_init: At 3FFE0440 len 00003AE0 (14 KiB): D/IRAM[0m
[0;32mI (328) heap_init: At 3FFE4350 len 0001BCB0 (111 KiB): D/IRAM[0m
[0;32mI (335) heap_init: At 4008F344 len 00010CBC (67 KiB): IRAM[0m
[0;32mI (342) spi_flash: detected chip: generic[0m
[0;32mI (346) spi_flash: flash io: dio[0m
[0;33mW (349) spi_flash: Detected size(16384k) larger than the size in the binary image header(2048k). Using the size in the binary image header.[0m
[0;32mI (364) main_task: Started on CPU0[0m
[0;32mI (374) main_task: Calling app_main()[0m
Starting Hot Potato Game
[0;32mI (374) IR_SIMPLE_TEST: Starting IR Simple Test[0m
[0;32mI (404) M5GFX: [Autodetect] M5Stack[0m
[0;32mI (574) gpio: GPIO[39]| InputEn: 1| OutputEn: 0| OpenDrain: 0| Pullup: 1| Pulldown: 0| Intr:0 [0m
[0;32mI (574) gpio: GPIO[26]| InputEn: 0| OutputEn: 1| OpenDrain: 0| Pullup: 1| Pulldown: 0| Intr:0 [0m
[0;32mI (584) IR_SIMPLE_TEST: RMT TX initialized[0m
[0;32mI (584) gpio: GPIO[36]| InputEn: 1| OutputEn: 0| OpenDrain: 0| Pullup: 1| Pulldown: 0| Intr:0 [0m
[0;32mI (594) IR_SIMPLE_TEST: RMT RX initialized[0m
[0;32mI (604) IR_SIMPLE_TEST: RX task started[0m
[0;32mI (604) IR_SIMPLE_TEST: IR Simple Test ready - press Button A to send[0m
[0;32mI (4244) RX: Dump 4 symbols:[0m
[0;32mI (4244) RX: [00] l0=0 d0=856 | l1=1 d1=407[0m
[0;32mI (4244) RX: [01] l0=0 d0=435 | l1=1 d1=801[0m
[0;32mI (4244) RX: [02] l0=0 d0=435 | l1=1 d1=408[0m
[0;32mI (4254) RX: [03] l0=0 d0=434 | l1=1 d1=0[0m
[0;32mI (4254) IR_SIMPLE_TEST: CAND[0] mark=LOW, phase=0  stop=0  byte=0x0B  bitsLSB=11010000  bitsMSB=00001011[0m
[0;32mI (4264) IR_SIMPLE_TEST: CAND[1] mark=LOW, phase=half  stop=0  byte=0x05  bitsLSB=10100000  bitsMSB=00000101[0m
[0;32mI (4274) IR_SIMPLE_TEST: CAND[2] mark=HIGH,phase=0  stop=0  byte=0x14  bitsLSB=00101000  bitsMSB=00010100[0m
[0;32mI (4284) IR_SIMPLE_TEST: CAND[3] mark=HIGH,phase=half  stop=0  byte=0x0A  bitsLSB=01010000  bitsMSB=00001010[0m
[0;32mI (4294) IR_SIMPLE_TEST: DEC  choose=mark=LOW, phase=0  byte=0x0B  bitsLSB=11010000  bitsMSB=00001011[0m
[0;32mI (4304) IR_SIMPLE_TEST: Received byte: 0x0B[0m
[0;32mI (5774) RX: Dump 4 symbols:[0m
[0;32mI (5774) RX: [00] l0=0 d0=859 | l1=1 d1=405[0m
[0;32mI (5774) RX: [01] l0=0 d0=437 | l1=1 d1=799[0m
[0;32mI (5774) RX: [02] l0=0 d0=437 | l1=1 d1=406[0m
[0;32mI (5784) RX: [03] l0=0 d0=436 | l1=1 d1=0[0m
[0;32mI (5784) IR_SIMPLE_TEST: CAND[0] mark=LOW, phase=0  stop=0  byte=0x0B  bitsLSB=11010000  bitsMSB=00001011[0m
[0;32mI (5794) IR_SIMPLE_TEST: CAND[1] mark=LOW, phase=half  stop=0  byte=0x05  bitsLSB=10100000  bitsMSB=00000101[0m
[0;32mI (5804) IR_SIMPLE_TEST: CAND[2] mark=HIGH,phase=0  stop=0  byte=0x14  bitsLSB=00101000  bitsMSB=00010100[0m
[0;32mI (5814) IR_SIMPLE_TEST: CAND[3] mark=HIGH,phase=half  stop=0  byte=0x0A  bitsLSB=01010000  bitsMSB=00001010[0m
[0;32mI (5824) IR_SIMPLE_TEST: DEC  choose=mark=LOW, phase=0  byte=0x0B  bitsLSB=11010000  bitsMSB=00001011[0m
[0;32mI (5834) IR_SIMPLE_TEST: Received byte: 0x0B[0m
[0;32mI (6364) RX: Dump 4 symbols:[0m
[0;32mI (6364) RX: [00] l0=0 d0=859 | l1=1 d1=404[0m
[0;32mI (6364) RX: [01] l0=0 d0=438 | l1=1 d1=799[0m
[0;32mI (6364) RX: [02] l0=0 d0=437 | l1=1 d1=405[0m
[0;32mI (6374) RX: [03] l0=0 d0=437 | l1=1 d1=0[0m
[0;32mI (6374) IR_SIMPLE_TEST: CAND[0] mark=LOW, phase=0  stop=0  byte=0x0B  bitsLSB=11010000  bitsMSB=00001011[0m
[0;32mI (6384) IR_SIMPLE_TEST: CAND[1] mark=LOW, phase=half  stop=0  byte=0x05  bitsLSB=10100000  bitsMSB=00000101[0m
[0;32mI (6394) IR_SIMPLE_TEST: CAND[2] mark=HIGH,phase=0  stop=0  byte=0x14  bitsLSB=00101000  bitsMSB=00010100[0m
[0;32mI (6404) IR_SIMPLE_TEST: CAND[3] mark=HIGH,phase=half  stop=0  byte=0x0A  bitsLSB=01010000  bitsMSB=00001010[0m
[0;32mI (6414) IR_SIMPLE_TEST: DEC  choose=mark=LOW, phase=0  byte=0x0B  bitsLSB=11010000  bitsMSB=00001011[0m
[0;32mI (6424) IR_SIMPLE_TEST: Received byte: 0x0B[0m
