}ï¿½ï¿½ï¿½ï¿½ï¿½ets Jul 29 2019 12:21:46

rst:0x1 (POWERON_RESET),boot:0x17 (SPI_FAST_FLASH_BOOT)
configsip: 0, SPIWP:0xee
clk_drv:0x00,q_drv:0x00,d_drv:0x00,cs0_drv:0x00,hd_drv:0x00,wp_drv:0x00
mode:DIO, clock div:2
load:0x3fff0030,len:7176
load:0x40078000,len:15644
ho 0 tail 12 room 4
load:0x40080400,len:4
load:0x40080404,len:3904
entry 0x40080640
[0;32mI (31) boot: ESP-IDF v5.3.3-dirty 2nd stage bootloader[0m
[0;32mI (31) boot: compile time Aug  7 2025 21:47:29[0m
[0;32mI (31) boot: Multicore bootloader[0m
[0;32mI (36) boot: chip revision: v3.1[0m
[0;32mI (40) boot.esp32: SPI Speed      : 40MHz[0m
[0;32mI (44) boot.esp32: SPI Mode       : DIO[0m
[0;32mI (49) boot.esp32: SPI Flash Size : 2MB[0m
[0;32mI (53) boot: Enabling RNG early entropy source...[0m
[0;32mI (59) boot: Partition Table:[0m
[0;32mI (62) boot: ## Label            Usage          Type ST Offset   Length[0m
[0;32mI (70) boot:  0 nvs              WiFi data        01 02 00009000 00006000[0m
[0;32mI (77) boot:  1 phy_init         RF data          01 01 0000f000 00001000[0m
[0;32mI (85) boot:  2 factory          factory app      00 00 00010000 00100000[0m
[0;32mI (92) boot: End of partition table[0m
[0;32mI (96) esp_image: segment 0: paddr=00010020 vaddr=3f400020 size=10660h ( 67168) map[0m
[0;32mI (128) esp_image: segment 1: paddr=00020688 vaddr=3ffb0000 size=028d0h ( 10448) load[0m
[0;32mI (132) esp_image: segment 2: paddr=00022f60 vaddr=40080000 size=0d0b8h ( 53432) load[0m
[0;32mI (155) esp_image: segment 3: paddr=00030020 vaddr=400d0020 size=2fda0h (196000) map[0m
[0;32mI (222) esp_image: segment 4: paddr=0005fdc8 vaddr=4008d0b8 size=02698h (  9880) load[0m
[0;32mI (234) boot: Loaded app from partition at offset 0x10000[0m
[0;32mI (234) boot: Disabling RNG early entropy source...[0m
[0;32mI (246) cpu_start: Multicore app[0m
[0;32mI (255) cpu_start: Pro cpu start user code[0m
[0;32mI (255) cpu_start: cpu freq: 160000000 Hz[0m
[0;32mI (255) app_init: Application information:[0m
[0;32mI (258) app_init: Project name:     hot_potato[0m
[0;32mI (263) app_init: App version:      v5.3.3-dirty[0m
[0;32mI (268) app_init: Compile time:     Aug 12 2025 21:50:08[0m
[0;32mI (274) app_init: ELF file SHA256:  d1d79e76c...[0m
[0;32mI (279) app_init: ESP-IDF:          v5.3.3-dirty[0m
[0;32mI (285) efuse_init: Min chip rev:     v0.0[0m
[0;32mI (290) efuse_init: Max chip rev:     v3.99 [0m
[0;32mI (294) efuse_init: Chip rev:         v3.1[0m
[0;32mI (300) heap_init: Initializing. RAM available for dynamic allocation:[0m
[0;32mI (307) heap_init: At 3FFAE6E0 len 00001920 (6 KiB): DRAM[0m
[0;32mI (313) heap_init: At 3FFB37D0 len 0002C830 (178 KiB): DRAM[0m
[0;32mI (319) heap_init: At 3FFE0440 len 00003AE0 (14 KiB): D/IRAM[0m
[0;32mI (325) heap_init: At 3FFE4350 len 0001BCB0 (111 KiB): D/IRAM[0m
[0;32mI (332) heap_init: At 4008F750 len 000108B0 (66 KiB): IRAM[0m
[0;32mI (339) spi_flash: detected chip: generic[0m
[0;32mI (342) spi_flash: flash io: dio[0m
[0;33mW (346) spi_flash: Detected size(16384k) larger than the size in the binary image header(2048k). Using the size in the binary image header.[0m
[0;32mI (361) main_task: Started on CPU0[0m
[0;32mI (371) main_task: Calling app_main()[0m
Starting Hot Potato Game
[0;32mI (371) IR_SIMPLE_TEST_OPT: Starting IR Simple Test[0m
[0;32mI (401) M5GFX: [Autodetect] M5Stack[0m
[0;32mI (571) gpio: GPIO[39]| InputEn: 1| OutputEn: 0| OpenDrain: 0| Pullup: 0| Pulldown: 0| Intr:2 [0m
[0;32mI (571) IR_SIMPLE_TEST_OPT: Button interrupt setup successful[0m
[0;32mI (571) gpio: GPIO[26]| InputEn: 0| OutputEn: 1| OpenDrain: 0| Pullup: 1| Pulldown: 0| Intr:0 [0m
[0;32mI (581) IR_SIMPLE_TEST_OPT: RMT TX initialized[0m
[0;32mI (591) IR_SIMPLE_TEST_OPT: TX prebuilt 0x5A into 10 symbols[0m
[0;32mI (601) gpio: GPIO[36]| InputEn: 1| OutputEn: 0| OpenDrain: 0| Pullup: 1| Pulldown: 0| Intr:0 [0m
[0;32mI (601) IR_SIMPLE_TEST_OPT: RMT RX initialized[0m
[0;32mI (611) IR_SIMPLE_TEST_OPT: RX task started[0m
[0;32mI (611) IR_SIMPLE_TEST_OPT: TX task started[0m
[0;32mI (621) IR_SIMPLE_TEST_OPT: IR Simple Test ready - press Button A to send[0m
[0;32mI (1731) RX: Dump 8 symbols:[0m
[0;32mI (1731) RX: [00] l0=0 d0=831 | l1=1 d1=405[0m
[0;32mI (1731) RX: [01] l0=0 d0=436 | l1=1 d1=828[0m
[0;32mI (1731) RX: [02] l0=0 d0=440 | l1=1 d1=375[0m
[0;32mI (1741) RX: [03] l0=0 d0=435 | l1=1 d1=1223[0m
[0;32mI (1741) RX: [04] l0=0 d0=833 | l1=1 d1=404[0m
[0;32mI (1751) RX: [05] l0=0 d0=438 | l1=1 d1=825[0m
[0;32mI (1751) RX: [06] l0=0 d0=432 | l1=1 d1=383[0m
[0;32mI (1761) RX: [07] l0=0 d0=437 | l1=1 d1=0[0m
[0;32mI (1761) IR_SIMPLE_TEST_OPT: Received byte: 0x5A[0m
[0;32mI (1791) RX: Dump 4 symbols:[0m
[0;32mI (1791) RX: [00] l0=0 d0=1285 | l1=1 d1=400[0m
[0;32mI (1791) RX: [01] l0=0 d0=441 | l1=1 d1=374[0m
[0;32mI (1801) RX: [02] l0=0 d0=436 | l1=1 d1=407[0m
[0;32mI (1801) RX: [03] l0=0 d0=434 | l1=1 d1=0[0m
[0;32mI (1811) IR_SIMPLE_TEST_OPT: Received byte: 0x54[0m
[0;32mI (1841) RX: Dump 1 symbols:[0m
[0;32mI (1841) RX: [00] l0=0 d0=436 | l1=1 d1=0[0m
[0;32mI (1841) IR_SIMPLE_TEST_OPT: Received byte: 0x00[0m
[0;32mI (1881) RX: Dump 1 symbols:[0m
[0;32mI (1881) RX: [00] l0=0 d0=440 | l1=1 d1=0[0m
[0;32mI (1881) IR_SIMPLE_TEST_OPT: Received byte: 0x00[0m
[0;32mI (6631) RX: Dump 8 symbols:[0m
[0;32mI (6631) RX: [00] l0=0 d0=858 | l1=1 d1=379[0m
[0;32mI (6631) RX: [01] l0=0 d0=442 | l1=1 d1=821[0m
[0;32mI (6631) RX: [02] l0=0 d0=436 | l1=1 d1=379[0m
[0;32mI (6631) RX: [03] l0=0 d0=462 | l1=1 d1=1276[0m
[0;32mI (6641) RX: [04] l0=0 d0=854 | l1=1 d1=409[0m
[0;32mI (6641) RX: [05] l0=0 d0=432 | l1=1 d1=804[0m
[0;32mI (6651) RX: [06] l0=0 d0=432 | l1=1 d1=410[0m
[0;32mI (6651) RX: [07] l0=0 d0=442 | l1=1 d1=0[0m
[0;32mI (6661) IR_SIMPLE_TEST_OPT: Received byte: 0x5A[0m
[0;32mI (6691) RX: Dump 4 symbols:[0m
[0;32mI (6691) RX: [00] l0=0 d0=1278 | l1=1 d1=407[0m
[0;32mI (6691) RX: [01] l0=0 d0=435 | l1=1 d1=407[0m
[0;32mI (6701) RX: [02] l0=0 d0=434 | l1=1 d1=381[0m
[0;32mI (6701) RX: [03] l0=0 d0=440 | l1=1 d1=0[0m
[0;32mI (6711) IR_SIMPLE_TEST_OPT: Received byte: 0x54[0m
[0;32mI (6741) RX: Dump 1 symbols:[0m
[0;32mI (6741) RX: [00] l0=0 d0=439 | l1=1 d1=0[0m
[0;32mI (6741) IR_SIMPLE_TEST_OPT: Received byte: 0x00[0m
[0;32mI (6781) RX: Dump 1 symbols:[0m
[0;32mI (6781) RX: [00] l0=0 d0=434 | l1=1 d1=0[0m
[0;32mI (6781) IR_SIMPLE_TEST_OPT: Received byte: 0x00[0m
[0;32mI (8431) RX: Dump 13 symbols:[0m
[0;32mI (8431) RX: [00] l0=0 d0=858 | l1=1 d1=406[0m
[0;32mI (8431) RX: [01] l0=0 d0=436 | l1=1 d1=827[0m
[0;32mI (8431) RX: [02] l0=0 d0=429 | l1=1 d1=386[0m
[0;32mI (8431) RX: [03] l0=0 d0=435 | l1=1 d1=1302[0m
[0;32mI (8441) RX: [04] l0=0 d0=858 | l1=1 d1=378[0m
[0;32mI (8441) RX: [05] l0=0 d0=464 | l1=1 d1=800[0m
[0;32mI (8451) RX: [06] l0=0 d0=436 | l1=1 d1=406[0m
[0;32mI (8451) RX: [07] l0=0 d0=435 | l1=1 d1=7195[0m
[0;32mI (8461) RX: [08] l0=0 d0=1280 | l1=1 d1=405[0m
[0;32mI (8461) RX: [09] l0=0 d0=437 | l1=1 d1=404[0m
[0;32mI (8471) RX: [10] l0=0 d0=437 | l1=1 d1=379[0m
[0;32mI (8471) RX: [11] l0=0 d0=442 | l1=1 d1=7610[0m
[0;32mI (8481) RX: [12] l0=0 d0=439 | l1=1 d1=0[0m
[0;32mI (8481) IR_SIMPLE_TEST_OPT: Received byte: 0x5A[0m
[0;32mI (8501) RX: Dump 1 symbols:[0m
[0;32mI (8501) RX: [00] l0=0 d0=434 | l1=1 d1=0[0m
[0;32mI (8501) IR_SIMPLE_TEST_OPT: Received byte: 0x00[0m
[0;32mI (8541) RX: Dump 1 symbols:[0m
[0;32mI (8541) RX: [00] l0=0 d0=490 | l1=1 d1=0[0m
[0;32mI (8541) IR_SIMPLE_TEST_OPT: Received byte: 0x00[0m
[0;32mI (8591) RX: Dump 1 symbols:[0m
[0;32mI (8591) RX: [00] l0=0 d0=436 | l1=1 d1=0[0m
[0;32mI (8591) IR_SIMPLE_TEST_OPT: Received byte: 0x00[0m
[0;32mI (9571) RX: Dump 13 symbols:[0m
[0;32mI (9571) RX: [00] l0=0 d0=832 | l1=1 d1=406[0m
[0;32mI (9571) RX: [01] l0=0 d0=436 | l1=1 d1=827[0m
[0;32mI (9571) RX: [02] l0=0 d0=430 | l1=1 d1=385[0m
[0;32mI (9581) RX: [03] l0=0 d0=435 | l1=1 d1=1302[0m
[0;32mI (9581) RX: [04] l0=0 d0=859 | l1=1 d1=377[0m
[0;32mI (9591) RX: [05] l0=0 d0=433 | l1=1 d1=830[0m
[0;32mI (9591) RX: [06] l0=0 d0=437 | l1=1 d1=406[0m
[0;32mI (9601) RX: [07] l0=0 d0=435 | l1=1 d1=6853[0m
[0;32mI (9601) RX: [08] l0=0 d0=1280 | l1=1 d1=404[0m
[0;32mI (9611) RX: [09] l0=0 d0=438 | l1=1 d1=377[0m
[0;32mI (9611) RX: [10] l0=0 d0=433 | l1=1 d1=409[0m
[0;32mI (9621) RX: [11] l0=0 d0=443 | l1=1 d1=7425[0m
[0;32mI (9621) RX: [12] l0=0 d0=437 | l1=1 d1=0[0m
[0;32mI (9631) IR_SIMPLE_TEST_OPT: Received byte: 0x5A[0m
[0;32mI (9661) RX: Dump 1 symbols:[0m
[0;32mI (9661) RX: [00] l0=0 d0=437 | l1=1 d1=0[0m
[0;32mI (9661) IR_SIMPLE_TEST_OPT: Received byte: 0x00[0m
[0;32mI (9711) RX: Dump 1 symbols:[0m
[0;32mI (9711) RX: [00] l0=0 d0=440 | l1=1 d1=0[0m
[0;32mI (9711) IR_SIMPLE_TEST_OPT: Received byte: 0x00[0m
[0;32mI (9761) RX: Dump 1 symbols:[0m
[0;32mI (9761) RX: [00] l0=0 d0=437 | l1=1 d1=0[0m
[0;32mI (9761) IR_SIMPLE_TEST_OPT: Received byte: 0x00[0m
[0;32mI (10881) RX: Dump 13 symbols:[0m
[0;32mI (10881) RX: [00] l0=0 d0=856 | l1=1 d1=381[0m
[0;32mI (10881) RX: [01] l0=0 d0=439 | l1=1 d1=824[0m
[0;32mI (10881) RX: [02] l0=0 d0=433 | l1=1 d1=409[0m
[0;32mI (10891) RX: [03] l0=0 d0=433 | l1=1 d1=1277[0m
[0;32mI (10891) RX: [04] l0=0 d0=863 | l1=1 d1=400[0m
[0;32mI (10901) RX: [05] l0=0 d0=441 | l1=1 d1=795[0m
[0;32mI (10901) RX: [06] l0=0 d0=441 | l1=1 d1=402[0m
[0;32mI (10911) RX: [07] l0=0 d0=523 | l1=1 d1=7423[0m
[0;32mI (10911) RX: [08] l0=0 d0=1250 | l1=1 d1=408[0m
[0;32mI (10921) RX: [09] l0=0 d0=433 | l1=1 d1=409[0m
[0;32mI (10921) RX: [10] l0=0 d0=433 | l1=1 d1=382[0m
[0;32mI (10931) RX: [11] l0=0 d0=439 | l1=1 d1=7324[0m
[0;32mI (10931) RX: [12] l0=0 d0=435 | l1=1 d1=0[0m
[0;32mI (10941) IR_SIMPLE_TEST_OPT: Received byte: 0x5A[0m
[0;32mI (10981) RX: Dump 1 symbols:[0m
[0;32mI (10981) RX: [00] l0=0 d0=441 | l1=1 d1=0[0m
[0;32mI (10981) IR_SIMPLE_TEST_OPT: Received byte: 0x00[0m
[0;32mI (11031) RX: Dump 1 symbols:[0m
[0;32mI (11031) RX: [00] l0=0 d0=433 | l1=1 d1=0[0m
[0;32mI (11031) IR_SIMPLE_TEST_OPT: Received byte: 0x00[0m
[0;32mI (11081) RX: Dump 1 symbols:[0m
[0;32mI (11081) RX: [00] l0=0 d0=441 | l1=1 d1=0[0m
[0;32mI (11081) IR_SIMPLE_TEST_OPT: Received byte: 0x00[0m
[0;32mI (19301) IR_SIMPLE_TEST_OPT: Sent byte: 0x5A[0m
[0;32mI (19301) IR_SIMPLE_TEST_OPT: TX prebuilt 0x5A into 10 symbols[0m
[0;32mI (19301) IR_SIMPLE_TEST_OPT: Sent byte: 0x5A[0m
[0;32mI (19311) IR_SIMPLE_TEST_OPT: TX prebuilt 0x54 into 10 symbols[0m
[0;32mI (19311) IR_SIMPLE_TEST_OPT: Sent byte: 0x54[0m
[0;32mI (19321) IR_SIMPLE_TEST_OPT: TX prebuilt 0xFF into 10 symbols[0m
[0;32mI (19321) IR_SIMPLE_TEST_OPT: Sent byte: 0xFF[0m
[0;32mI (19331) IR_SIMPLE_TEST_OPT: TX p
ebuilt 0xFF into 10 symbols[0m
[0;32mI (19331) RX: Dump 13 symbols:[0m
[0;32mI (19341) RX: [00] l0=0 d0=827 | l1=1 d1=410[0m
[0;32mI (19341) RX: [02] l0=0 d0=436 | l1=1 d1=379[0m
[0;32mI (19341) IR_SIMPLE_TEST_OPT: Sent byte: 0xFF[0m
[0;32mI (19351) RX: [03] l0=0 d0=442 | l1=1 d1=1189[0m
[0;32mI (19361) RX: [04] l0=0 d0=857 | l1=1 d1=407[0m
[0;32mI (19361) RX: [05] l0=0 d0=435 | l1=1 d1=801[0m
[0;32mI (19371) RX: [06] l0=0 d0=435 | l1=1 d1=434[0m
[0;32mI (19371) RX: [07] l0=0 d0=407 | l1=1 d1=7592[0m
[0;32mI (19381) RX: [08] l0=0 d0=1258 | l1=1 d1=400[0m
[0;32mI (19381) RX: [09] l0=0 d0=441 | l1=1 d1=401[0m
[0;32mI (19391) RX: [10] l0=0 d0=441 | l1=1 d1=374[0m
[0;32mI (19391) RX: [11] l0=0 d0=436 | l1=1 d1=7772[0m
[0;32mI (19401) RX: [12] l0=0 d0=444 | l1=1 d1=0[0m
[0;32mI (19401) IR_SIMPLE_TEST_OPT: Received byte: 0x5A[0m
 symbols[0m
[0;32mI (19401) IR_SIMPLE_TEST_OPT: Received byte: 0x5A[0m
[0;32mI (19411) RX: Dump 13 symbols:[0m
[0;32mI (19421) RX: [00] l0=0 d0=827 | l1=1 d1=410[0m
[0;32mI (19421) IR_SIMPLE_TEST_OPT: Sent byte: 0xFF[0m
[0;32mI (19421) RX: [01] l0=0 d0=442 | l1=1 d1=821[0m
[0;32mI (19431) RX: [02] l0=0 d0=436 | l1=1 d1=379[0m
[0;32mI (19441) RX: [03] l0=0 d0=442 | l1=1 d1=1189[0m
[0;32mI (19441) RX: [04] l0=0 d0=857 | l1=1 d1=407[0m
 d1=801[0m
451[0;32mI (19451) IRRXIMPLE_TEST_OPT7[0: [05: TX 0rebuilt 0x sendFF into : 0|105tr | l1=ls[0m
mï¿½Nï¿½1 d1=801[0m
[0;32mI (19461) RX: [06] l0=0 d0=435 | l1=1 d1=434[0m
[0;32mI (19461) RX: [07] l0=0 d0=407 | l1=1 d1=7592[0m
[0;32mI (19471) RX: [08] l0=0 d0=1258 | l1=1 d1=400[0m
 d0=441 | l1=1 d1=401[0m
9471) IRRXIMPLE_TEST_OPT00[: [09: Sen0 byte: 0xx sendFF[0m
 d0=441 | l1=1 d1=401[0m
[0;32mI (19481) RX: [10] l0=0 d0=441 | l1=1 d1=374[0m
[0;32mI (19491) RX: [11] l0=0 d0=436 | l1=1 d1=7772[0m
[0;32mI (19491) RX: [12] l0=0 d0=444 | l1=1 d1=0[0m
) IR_SIMPLE_TEST_OPT: Received byte: 0x5A[0m
lt 0xFF[0;32mI (19501 into 10 symbols[0m
) IR_SIMPLE_TEST_OPT: Received byte: 0x5A[0m
[0;32mI (19511) RX: Dump 1 symbols:[0m
 d0=440 | l1=1 d1=0[0m
) 511mbIR_SIMPLE_TEST_OPT) RX: [0nt byte: 0xinto0F0[0m
] l0= d0=440 | l1=1 d1=0[0m
[0;32mI (19521) IR_SIMPLE_TEST_OPT: Received byte: 0x00[0m
[0;31mE (19531) rmt: rmt_receive(392): channel not in enable state[0m
ESP_ERROR_CHECK failed: esp_err_t 0x103 (ESP_ERR_INVALID_STATE) at 0x400d81a3
file: "/IDF/projects/hot_potato/main/ir_simple_test.cpp" line 439
func: void rx_task(void*)
expression: rmt_receive(rmt_rx_chan, rx_buffer, sizeof(rx_buffer), &rx_cfg)

abort() was called at PC 0x40087223 on core 1


Backtrace: 0x40081ad2:0x3ffb70a0 0x4008722d:0x3ffb70c0 0x4008dfc1:0x3ffb70e0 0x40087223:0x3ffb7150 0x400d81a3:0x3ffb7180 0x40087d41:0x3ffb72c0




ELF file SHA256: d1d79e76c

Rebooting...
ets Jul 29 2019 12:21:46

rst:0xc (SW_CPU_RESET),boot:0x17 (SPI_FAST_FLASH_BOOT)
configsip: 0, SPIWP:0xee
clk_drv:0x00,q_drv:0x00,d_drv:0x00,cs0_drv:0x00,hd_drv:0x00,wp_drv:0x00
mode:DIO, clock div:2
load:0x3fff0030,len:7176
load:0x40078000,len:15644
ho 0 tail 12 room 4
load:0x40080400,len:4
load:0x40080404,len:3904
entry 0x40080640
[0;32mI (31) boot: ESP-IDF v5.3.3-dirty 2nd stage bootloader[0m
[0;32mI (31) boot: compile time Aug  7 2025 21:47:29[0m
[0;32mI (31) boot: Multicore bootloader[0m
[0;32mI (36) boot: chip revision: v3.1[0m
[0;32mI (40) boot.esp32: SPI Speed      : 40MHz[0m
[0;32mI (44) boot.esp32: SPI Mode       : DIO[0m
[0;32mI (49) boot.esp32: SPI Flash Size : 2MB[0m
[0;32mI (53) boot: Enabling RNG early entropy source...[0m
[0;32mI (59) boot: Partition Table:[0m
[0;32mI (62) boot: ## Label            Usage          Type ST Offset   Length[0m
[0;32mI (70) boot:  0 nvs              WiFi data        01 02 00009000 00006000[0m
[0;32mI (77) boot:  1 phy_init         RF data          01 01 0000f000 00001000[0m
[0;32mI (85) boot:  2 factory          factory app      00 00 00010000 00100000[0m
[0;32mI (92) boot: End of partition table[0m
[0;32mI (96) esp_image: segment 0: paddr=00010020 vaddr=3f400020 size=10660h ( 67168) map[0m
[0;32mI (128) esp_image: segment 1: paddr=00020688 vaddr=3ffb0000 size=028d0h ( 10448) load[0m
[0;32mI (132) esp_image: segment 2: paddr=00022f60 vaddr=40080000 size=0d0b8h ( 53432) load[0m
[0;32mI (154) esp_image: segment 3: paddr=00030020 vaddr=400d0020 size=2fda0h (196000) map[0m
[0;32mI (222) esp_image: segment 4: paddr=0005fdc8 vaddr=4008d0b8 size=02698h (  9880) load[0m
[0;32mI (234) boot: Loaded app from partition at offset 0x10000[0m
[0;32mI (234) boot: Disabling RNG early entropy source...[0m
[0;32mI (246) cpu_start: Multicore app[0m
[0;32mI (255) cpu_start: Pro cpu start user code[0m
[0;32mI (255) cpu_start: cpu freq: 160000000 Hz[0m
[0;32mI (255) app_init: Application information:[0m
[0;32mI (258) app_init: Project name:     hot_potato[0m
[0;32mI (263) app_init: App version:      v5.3.3-dirty[0m
[0;32mI (268) app_init: Compile time:     Aug 12 2025 21:50:08[0m
[0;32mI (274) app_init: ELF file SHA256:  d1d79e76c...[0m
[0;32mI (279) app_init: ESP-IDF:          v5.3.3-dirty[0m
[0;32mI (285) efuse_init: Min chip rev:     v0.0[0m
[0;32mI (289) efuse_init: Max chip rev:     v3.99 [0m
[0;32mI (294) efuse_init: Chip rev:         v3.1[0m
[0;32mI (299) heap_init: Initializing. RAM available for dynamic allocation:[0m
[0;32mI (306) heap_init: At 3FFAE6E0 len 00001920 (6 KiB): DRAM[0m
[0;32mI (312) heap_init: At 3FFB37D0 len 0002C830 (178 KiB): DRAM[0m
[0;32mI (319) heap_init: At 3FFE0440 len 00003AE0 (14 KiB): D/IRAM[0m
[0;32mI (325) heap_init: At 3FFE4350 len 0001BCB0 (111 KiB): D/IRAM[0m
[0;32mI (331) heap_init: At 4008F750 len 000108B0 (66 KiB): IRAM[0m
[0;32mI (339) spi_flash: detected chip: generic[0m
[0;32mI (342) spi_flash: flash io: dio[0m
[0;33mW (346) spi_flash: Detected size(16384k) larger than the size in the binary image header(2048k). Using the size in the binary image header.[0m
[0;32mI (361) main_task: Started on CPU0[0m
[0;32mI (371) main_task: Calling app_main()[0m
Starting Hot Potato Game
[0;32mI (371) IR_SIMPLE_TEST_OPT: Starting IR Simple Test[0m
[0;32mI (401) M5GFX: [Autodetect] M5Stack[0m
[0;32mI (571) gpio: GPIO[39]| InputEn: 1| OutputEn: 0| OpenDrain: 0| Pullup: 0| Pulldown: 0| Intr:2 [0m
[0;32mI (571) IR_SIMPLE_TEST_OPT: Button interrupt setup successful[0m
[0;32mI (571) gpio: GPIO[26]| InputEn: 0| OutputEn: 1| OpenDrain: 0| Pullup: 1| Pulldown: 0| Intr:0 [0m
[0;32mI (581) IR_SIMPLE_TEST_OPT: RMT TX initialized[0m
[0;32mI (591) IR_SIMPLE_TEST_OPT: TX prebuilt 0x5A into 10 symbols[0m
[0;32mI (601) gpio: GPIO[36]| InputEn: 1| OutputEn: 0| OpenDrain: 0| Pullup: 1| Pulldown: 0| Intr:0 [0m
[0;32mI (601) IR_SIMPLE_TEST_OPT: RMT RX initialized[0m
[0;32mI (611) IR_SIMPLE_TEST_OPT: RX task started[0m
[0;32mI (611) IR_SIMPLE_TEST_OPT: TX task started[0m
[0;32mI (621) IR_SIMPLE_TEST_OPT: IR Simple Test ready - press Button A to send[0m
[0;32mI (1771) IR_SIMPLE_TEST_OPT: Sent byte: 0x5A[0m
[0;32mI (1781) IR_SIMPLE_TEST_OPT: TX prebuilt 0x5A into 10 symbols[0m
[0;32mI (1781) IR_SIMPLE_TEST_OPT: Sent byte: 0x5A[0m
[0;32mI (1791) IR_SIMPLE_TEST_OPT: TX prebuilt 0x54 into 10 symbols[0m
[0;32mI (1791) IR_SIMPLE_TEST_OPT: Sent byte: 0x54[0m
[0;32mI (1801) IR_SIMPLE_TEST_OPT: TX prebuilt 0xFF into 10 symbols[0m
[0;32mI (1801) IR_SIMPLE_TEST_OPT: Sent byte: 0xFF[0m
[0;32mI (1811) IR_SIMPLE_TEST_OPT: TX prebuilt 0xFF into 10 symbols[0m
[0;32mI (1811) RX: Dump 13 symbols:[0m
[0;32mI (1811) RX: [00] l0=0 d0=945 | l1=1 d1=344[0m
[0;32mI (1821) RX: [01] l0=0 d0=435 | l1=1 d1=800[0m
[0;32mI (1821) RX: [02] l0=0 d0=467 | l1=1 d1=376[0m
[0;32mI (1821) IR_SIMPLE_TEST_OPT: Sent byte: 0xFF[0m
[0;32mI (1831) RX: [03] l0=0 d0=434 | l1=1 d1=1303[0m
[0;32mI (1841) RX: [04] l0=0 d0=858 | l1=1 d1=405[0m
[0;32mI (1841) RX: [05] l0=0 d0=436 | l1=1 d1=800[0m
 d1=433[0m
51[0;32mI (1851) IRRXIMPLE_TEST_OPT00[: [06: TX 0rebuilt 0x_SIMPLFF into PT: 106t  | l1=ls[0m
m
mï¿½N1 d1=433[0m
[0;32mI (1861) RX: [07] l0=0 d0=409 | l1=1 d1=7195[0m
[0;32mI (1861) RX: [08] l0=0 d0=1281 | l1=1 d1=403[0m
[0;32mI (1871) RX: [09] l0=0 d0=438 | l1=1 d1=404[0m
 d0=437 | l1=1 d1=405[0m
71) IRRXIMPLE_TEST_OPT04[: [10] l0=t byte: 0xFFSIMPL0[0m
 d0=437 | l1=1 d1=405[0m
[0;32mI (1881) RX: [11] l0=0 d0=416 | l1=1 d1=7610[0m
[0;32mI (1891) RX: [12] l0=0 d0=440 | l1=1 d1=0[0m
[0;32mI (1891) IR_SIMPLE_TEST_OPT: Received byte: 0x5A[0m
[0;32mI (1901) RX: Dump 13 symbols:[0m
[0;32mI (1901) RX: [00] l0=0 d0=945 | l1=1 d1=344[0m
[0;32mI (1911) RX: [01] l0=0 d0=435 | l1=1 d1=800[0m
[0;32mI (1911) RX: [02] l0=0 d0=467 | l1=1 d1=376[0m
[0;32mI (1921) RX: [03] l0=0 d0=434 | l1=1 d1=1303[0m
[0;32mI (1921) RX: [04] l0=0 d0=858 | l1=1 d1=405[0m
[0;32mI (1931) IR_SIMPLE_TEST_OPT: TX prebuilt 0xFF into 10 symbols[0m
[0;32mI (1931) RX: [05] l0=0 d0=436 | l1=1 d1=800[0m
[0;32mI (1941) RX: [06] l0=0 d0=436 | l1=1 d1=433[0m
 d0=409 | l1=1 d1=7195[0m
1) IRRXIMPLE_TEST_OPT33[: [07: Sen0 byte: 0x
FSIMPFF[0m
 d0=409 | l1=1 d1=7195[0m
[0;32mI (1951) RX: [08] l0=0 d0=1281 | l1=1 d1=403[0m
[0;32mI (1961) RX: [09] l0=0 d0=438 | l1=1 d1=404[0m
[0;32mI (1961) RX: [10] l0=0 d0=437 | l1=1 d1=405[0m
 d1=7610[0m
[0;32mI (1971) IRRXIMPLE_TEST_OPT05[: [11] l0=prebuilt 0xFSIMP0F into  d0=10416 symbols[0m
 | l1= d1=7610[0m
[0;32mI (1981) RX: [12] l0=0 d0=440 | l1=1 d1=0[0m
[0;32mI (1981) IR_SIMPLE_TEST_OPT: Received byte: 0x5A[0m
[0;32mI (1991) RX: Dump 1 symbols:[0m
[0;32mI (1991) IR_SIMPLE_TEST_OPT[0;32mI (1991) RXnt byte: 0xrebuFF[0m
: [[0;32mI (1991) IR_SIMPLE_TEST_OPT[0;32mI (1991) RXnt byte: 0xrebuFF[0m
: [00] l0=0 d0=436 | l1=1 d1=0[0m
[0;32mI (2011) IR_SIMPLE_TEST_OPT: Received byte: 0x00[0m
[0;31mE (2011) rmt: rmt_receive(392): channel not in enable state[0m
ESP_ERROR_CHECK failed: esp_err_t 0x103 (ESP_ERR_INVALID_STATE) at 0x400d81a3
file: "/IDF/projects/hot_potato/main/ir_simple_test.cpp" line 439
func: void rx_task(void*)
expression: rmt_receive(rmt_rx_chan, rx_buffer, sizeof(rx_buffer), &rx_cfg)

abort() was called at PC 0x40087223 on core 1


Backtrace: 0x40081ad2:0x3ffb70a0 0x4008722d:0x3ffb70c0 0x4008dfc1:0x3ffb70e0 0x40087223:0x3ffb7150 0x400d81a3:0x3ffb7180 0x40087d41:0x3ffb72c0




ELF file SHA256: d1d79e76c

Rebooting...
ets Jul 29 2019 12:21:46

rst:0xc (SW_CPU_RESET),boot:0x17 (SPI_FAST_FLASH_BOOT)
configsip: 0, SPIWP:0xee
clk_drv:0x00,q_drv:0x00,d_drv:0x00,cs0_drv:0x00,hd_drv:0x00,wp_drv:0x00
mode:DIO, clock div:2
load:0x3fff0030,len:7176
load:0x40078000,len:15644
ho 0 tail 12 room 4
load:0x40080400,len:4
load:0x40080404,len:3904
entry 0x40080640
[0;32mI (31) boot: ESP-IDF v5.3.3-dirty 2nd stage bootloader[0m
[0;32mI (31) boot: compile time Aug  7 2025 21:47:29[0m
[0;32mI (31) boot: Multicore bootloader[0m
[0;32mI (36) boot: chip revision: v3.1[0m
[0;32mI (40) boot.esp32: SPI Speed      : 40MHz[0m
[0;32mI (44) boot.esp32: SPI Mode       : DIO[0m
[0;32mI (49) boot.esp32: SPI Flash Size : 2MB[0m
[0;32mI (53) boot: Enabling RNG early entropy source...[0m
[0;32mI (59) boot: Partition Table:[0m
[0;32mI (62) boot: ## Label            Usage          Type ST Offset   Length[0m
[0;32mI (70) boot:  0 nvs              WiFi data        01 02 00009000 00006000[0m
[0;32mI (77) boot:  1 phy_init         RF data          01 01 0000f000 00001000[0m
[0;32mI (85) boot:  2 factory          factory app      00 00 00010000 00100000[0m
[0;32mI (92) boot: End of partition table[0m
[0;32mI (96) esp_image: segment 0: paddr=00010020 vaddr=3f400020 size=10660h ( 67168) map[0m
[0;32mI (128) esp_image: segment 1: paddr=00020688 vaddr=3ffb0000 size=028d0h ( 10448) load[0m
[0;32mI (132) esp_image: segment 2: paddr=00022f60 vaddr=40080000 size=0d0b8h ( 53432) load[0m
[0;32mI (154) esp_image: segment 3: paddr=00030020 vaddr=400d0020 size=2fda0h (196000) map[0m
[0;32mI (222) esp_image: segment 4: paddr=0005fdc8 vaddr=4008d0b8 size=02698h (  9880) load[0m
[0;32mI (234) boot: Loaded app from partition at offset 0x10000[0m
[0;32mI (234) boot: Disabling RNG early entropy source...[0m
[0;32mI (246) cpu_start: Multicore app[0m
[0;32mI (255) cpu_start: Pro cpu start user code[0m
[0;32mI (255) cpu_start: cpu freq: 160000000 Hz[0m
[0;32mI (255) app_init: Application information:[0m
[0;32mI (258) app_init: Project name:     hot_potato[0m
[0;32mI (263) app_init: App version:      v5.3.3-dirty[0m
[0;32mI (268) app_init: Compile time:     Aug 12 2025 21:50:08[0m
[0;32mI (274) app_init: ELF file SHA256:  d1d79e76c...[0m
[0;32mI (279) app_init: ESP-IDF:          v5.3.3-dirty[0m
[0;32mI (285) efuse_init: Min chip rev:     v0.0[0m
[0;32mI (289) efuse_init: Max chip rev:     v3.99 [0m
[0;32mI (294) efuse_init: Chip rev:         v3.1[0m
[0;32mI (299) heap_init: Initializing. RAM available for dynamic allocation:[0m
[0;32mI (306) heap_init: At 3FFAE6E0 len 00001920 (6 KiB): DRAM[0m
[0;32mI (312) heap_init: At 3FFB37D0 len 0002C830 (178 KiB): DRAM[0m
[0;32mI (319) heap_init: At 3FFE0440 len 00003AE0 (14 KiB): D/IRAM[0m
[0;32mI (325) heap_init: At 3FFE4350 len 0001BCB0 (111 KiB): D/IRAM[0m
[0;32mI (331) heap_init: At 4008F750 len 000108B0 (66 KiB): IRAM[0m
[0;32mI (339) spi_flash: detected chip: generic[0m
[0;32mI (342) spi_flash: flash io: dio[0m
[0;33mW (346) spi_flash: Detected size(16384k) larger than the size in the binary image header(2048k). Using the size in the binary image header.[0m
[0;32mI (361) main_task: Started on CPU0[0m
[0;32mI (371) main_task: Calling app_main()[0m
Starting Hot Potato Game
[0;32mI (371) IR_SIMPLE_TEST_OPT: Starting IR Simple Test[0m
[0;32mI (401) M5GFX: [Autodetect] M5Stack[0m
[0;32mI (571) gpio: GPIO[39]| InputEn: 1| OutputEn: 0| OpenDrain: 0| Pullup: 0| Pulldown: 0| Intr:2 [0m
[0;32mI (571) IR_SIMPLE_TEST_OPT: Button interrupt setup successful[0m
[0;32mI (571) gpio: GPIO[26]| InputEn: 0| OutputEn: 1| OpenDrain: 0| Pullup: 1| Pulldown: 0| Intr:0 [0m
[0;32mI (581) IR_SIMPLE_TEST_OPT: RMT TX initialized[0m
[0;32mI (591) IR_SIMPLE_TEST_OPT: TX prebuilt 0x5A into 10 symbols[0m
[0;32mI (601) gpio: GPIO[36]| InputEn: 1| OutputEn: 0| OpenDrain: 0| Pullup: 1| Pulldown: 0| Intr:0 [0m
[0;32mI (601) IR_SIMPLE_TEST_OPT: RMT RX initialized[0m
[0;32mI (611) IR_SIMPLE_TEST_OPT: RX task started[0m
[0;32mI (611) IR_SIMPLE_TEST_OPT: TX task started[0m
[0;32mI (621) IR_SIMPLE_TEST_OPT: IR Simple Test ready - press Button A to send[0m
[0;32mI (3841) RX: Dump 1 symbols:[0m
[0;32mI (3841) RX: [00] l0=0 d0=287 | l1=1 d1=0[0m
[0;32mI (3841) IR_SIMPLE_TEST_OPT: Received byte: 0x00[0m
