ï¿½j5
ï¿½ets Jul 29 2019 12:21:46

rst:0x1 (POWERON_RESET),boot:0x17 (SPI_FAST_FLASH_BOOT)
configsip: 0, SPIWP:0xee
clk_drv:0x00,q_drv:0x00,d_drv:0x00,cs0_drv:0x00,hd_drv:0x00,wp_drv:0x00
mode:DIO, clock div:2
load:0x3fff0030,len:7176
load:0x40078000,len:15644
ho 0 tail 12 room 4
load:0x40080400,len:4
load:0x40080404,len:3904
entry 0x40080640
[0;32mI (31) boot: ESP-IDF v5.3.3-dirty 2nd stage bootloader[0m
[0;32mI (31) boot: compile time Aug  7 2025 21:47:29[0m
[0;32mI (31) boot: Multicore bootloader[0m
[0;32mI (36) boot: chip revision: v3.1[0m
[0;32mI (40) boot.esp32: SPI Speed      : 40MHz[0m
[0;32mI (44) boot.esp32: SPI Mode       : DIO[0m
[0;32mI (49) boot.esp32: SPI Flash Size : 2MB[0m
[0;32mI (53) boot: Enabling RNG early entropy source...[0m
[0;32mI (59) boot: Partition Table:[0m
[0;32mI (62) boot: ## Label            Usage          Type ST Offset   Length[0m
[0;32mI (70) boot:  0 nvs              WiFi data        01 02 00009000 00006000[0m
[0;32mI (77) boot:  1 phy_init         RF data          01 01 0000f000 00001000[0m
[0;32mI (85) boot:  2 factory          factory app      00 00 00010000 00100000[0m
[0;32mI (92) boot: End of partition table[0m
[0;32mI (96) esp_image: segment 0: paddr=00010020 vaddr=3f400020 size=10208h ( 66056) map[0m
[0;32mI (127) esp_image: segment 1: paddr=00020230 vaddr=3ffb0000 size=02860h ( 10336) load[0m
[0;32mI (132) esp_image: segment 2: paddr=00022a98 vaddr=40080000 size=0d580h ( 54656) load[0m
[0;32mI (155) esp_image: segment 3: paddr=00030020 vaddr=400d0020 size=2f580h (193920) map[0m
[0;32mI (221) esp_image: segment 4: paddr=0005f5a8 vaddr=4008d580 size=021d0h (  8656) load[0m
[0;32mI (233) boot: Loaded app from partition at offset 0x10000[0m
[0;32mI (233) boot: Disabling RNG early entropy source...[0m
[0;32mI (245) cpu_start: Multicore app[0m
[0;32mI (254) cpu_start: Pro cpu start user code[0m
[0;32mI (254) cpu_start: cpu freq: 160000000 Hz[0m
[0;32mI (254) app_init: Application information:[0m
[0;32mI (257) app_init: Project name:     hot_potato[0m
[0;32mI (262) app_init: App version:      v5.3.3-dirty[0m
[0;32mI (267) app_init: Compile time:     Aug 12 2025 21:50:08[0m
[0;32mI (273) app_init: ELF file SHA256:  df967d4b3...[0m
[0;32mI (278) app_init: ESP-IDF:          v5.3.3-dirty[0m
[0;32mI (284) efuse_init: Min chip rev:     v0.0[0m
[0;32mI (288) efuse_init: Max chip rev:     v3.99 [0m
[0;32mI (293) efuse_init: Chip rev:         v3.1[0m
[0;32mI (298) heap_init: Initializing. RAM available for dynamic allocation:[0m
[0;32mI (306) heap_init: At 3FFAE6E0 len 00001920 (6 KiB): DRAM[0m
[0;32mI (311) heap_init: At 3FFB3720 len 0002C8E0 (178 KiB): DRAM[0m
[0;32mI (318) heap_init: At 3FFE0440 len 00003AE0 (14 KiB): D/IRAM[0m
[0;32mI (324) heap_init: At 3FFE4350 len 0001BCB0 (111 KiB): D/IRAM[0m
[0;32mI (330) heap_init: At 4008F750 len 000108B0 (66 KiB): IRAM[0m
[0;32mI (338) spi_flash: detected chip: generic[0m
[0;32mI (341) spi_flash: flash io: dio[0m
[0;33mW (345) spi_flash: Detected size(16384k) larger than the size in the binary image header(2048k). Using the size in the binary image header.[0m
[0;32mI (360) main_task: Started on CPU0[0m
[0;32mI (370) main_task: Calling app_main()[0m
Starting Hot Potato Game
[0;32mI (370) IR_SIMPLE_TEST_OPT: Starting IR Simple Test (OPTIMIZED)[0m
[0;32mI (400) M5GFX: [Autodetect] M5Stack[0m
[0;32mI (570) gpio: GPIO[39]| InputEn: 1| OutputEn: 0| OpenDrain: 0| Pullup: 0| Pulldown: 0| Intr:2 [0m
[0;32mI (570) IR_SIMPLE_TEST_OPT: Button interrupt setup successful[0m
[0;32mI (570) gpio: GPIO[26]| InputEn: 0| OutputEn: 1| OpenDrain: 0| Pullup: 1| Pulldown: 0| Intr:0 [0m
[0;32mI (580) IR_SIMPLE_TEST_OPT: RMT TX initialized[0m
[0;32mI (590) IR_SIMPLE_TEST_OPT: TX prebuilt 0x5A into 11 symbols[0m
[0;32mI (600) gpio: GPIO[36]| InputEn: 1| OutputEn: 0| OpenDrain: 0| Pullup: 1| Pulldown: 0| Intr:0 [0m
[0;32mI (600) IR_SIMPLE_TEST_OPT: RMT RX initialized[0m
[0;32mI (610) IR_SIMPLE_TEST_OPT: RX task started[0m
[0;32mI (610) IR_SIMPLE_TEST_OPT: TX task started[0m
[0;32mI (620) IR_SIMPLE_TEST_OPT: IR Simple Test (OPTIMIZED) ready - press Button A to send[0m
[0;32mI (52200) RX: Dump 4 symbols:[0m
[0;32mI (52200) RX: [00] l0=0 d0=862 | l1=1 d1=401[0m
[0;32mI (52200) RX: [01] l0=0 d0=435 | l1=1 d1=802[0m
[0;32mI (52200) RX: [02] l0=0 d0=443 | l1=1 d1=399[0m
[0;32mI (52210) RX: [03] l0=0 d0=437 | l1=1 d1=0[0m
[0;32mI (52210) IR_SIMPLE_TEST_OPT: RX: discard (no valid start/stop)[0m
[0;32mI (53980) RX: Dump 4 symbols:[0m
[0;32mI (53980) RX: [00] l0=0 d0=863 | l1=1 d1=428[0m
[0;32mI (53980) RX: [01] l0=0 d0=419 | l1=1 d1=790[0m
[0;32mI (53980) RX: [02] l0=0 d0=444 | l1=1 d1=400[0m
[0;32mI (53990) RX: [03] l0=0 d0=436 | l1=1 d1=0[0m
[0;32mI (53990) IR_SIMPLE_TEST_OPT: RX: discard (no valid start/stop)[0m
[0;32mI (54700) RX: Dump 4 symbols:[0m
[0;32mI (54700) RX: [00] l0=0 d0=866 | l1=1 d1=397[0m
[0;32mI (54700) RX: [01] l0=0 d0=439 | l1=1 d1=797[0m
[0;32mI (54700) RX: [02] l0=0 d0=437 | l1=1 d1=406[0m
[0;32mI (54710) RX: [03] l0=0 d0=441 | l1=1 d1=0[0m
[0;32mI (54710) IR_SIMPLE_TEST_OPT: RX: discard (no valid start/stop)[0m
