ï¿½ï¿½ At 3FFï¿½ets Jul 29 2019 12:21:46

rst:0x1 (POWERON_RESET),boot:0x17 (SPI_FAST_FLASH_BOOT)
configsip: 0, SPIWP:0xee
clk_drv:0x00,q_drv:0x00,d_drv:0x00,cs0_drv:0x00,hd_drv:0x00,wp_drv:0x00
mode:DIO, clock div:2
load:0x3fff0030,len:7176
load:0x40078000,len:15644
ho 0 tail 12 room 4
load:0x40080400,len:4
load:0x40080404,len:3904
entry 0x40080640
[0;32mI (31) boot: ESP-IDF v5.3.3-dirty 2nd stage bootloader[0m
[0;32mI (31) boot: compile time Aug  7 2025 21:47:29[0m
[0;32mI (31) boot: Multicore bootloader[0m
[0;32mI (36) boot: chip revision: v3.1[0m
[0;32mI (40) boot.esp32: SPI Speed      : 40MHz[0m
[0;32mI (44) boot.esp32: SPI Mode       : DIO[0m
[0;32mI (49) boot.esp32: SPI Flash Size : 2MB[0m
[0;32mI (53) boot: Enabling RNG early entropy source...[0m
[0;32mI (59) boot: Partition Table:[0m
[0;32mI (62) boot: ## Label            Usage          Type ST Offset   Length[0m
[0;32mI (70) boot:  0 nvs              WiFi data        01 02 00009000 00006000[0m
[0;32mI (77) boot:  1 phy_init         RF data          01 01 0000f000 00001000[0m
[0;32mI (85) boot:  2 factory          factory app      00 00 00010000 00100000[0m
[0;32mI (92) boot: End of partition table[0m
[0;32mI (96) esp_image: segment 0: paddr=00010020 vaddr=3f400020 size=0fed0h ( 65232) map[0m
[0;32mI (127) esp_image: segment 1: paddr=0001fef8 vaddr=3ffb0000 size=00120h (   288) load[0m
[0;32mI (128) esp_image: segment 2: paddr=00020020 vaddr=400d0020 size=2f0e8h (192744) map[0m
[0;32mI (199) esp_image: segment 3: paddr=0004f110 vaddr=3ffb0120 size=02740h ( 10048) load[0m
[0;32mI (203) esp_image: segment 4: paddr=00051858 vaddr=40080000 size=0f344h ( 62276) load[0m
[0;32mI (237) boot: Loaded app from partition at offset 0x10000[0m
[0;32mI (237) boot: Disabling RNG early entropy source...[0m
[0;32mI (249) cpu_start: Multicore app[0m
[0;32mI (258) cpu_start: Pro cpu start user code[0m
[0;32mI (258) cpu_start: cpu freq: 160000000 Hz[0m
[0;32mI (258) app_init: Application information:[0m
[0;32mI (261) app_init: Project name:     hot_potato[0m
[0;32mI (266) app_init: App version:      v5.3.3-dirty[0m
[0;32mI (271) app_init: Compile time:     Aug 12 2025 21:50:08[0m
[0;32mI (277) app_init: ELF file SHA256:  a3da5227b...[0m
[0;32mI (282) app_init: ESP-IDF:          v5.3.3-dirty[0m
[0;32mI (288) efuse_init: Min chip rev:     v0.0[0m
[0;32mI (292) efuse_init: Max chip rev:     v3.99 [0m
[0;32mI (297) efuse_init: Chip rev:         v3.1[0m
[0;32mI (302) heap_init: Initializing. RAM available for dynamic allocation:[0m
[0;32mI (310) heap_init: At 3FFAE6E0 len 00001920 (6 KiB): DRAM[0m
[0;32mI (315) heap_init: At 3FFB3718 len 0002C8E8 (178 KiB): DRAM[0m
[0;32mI (322) heap_init: At 3FFE0440 len 00003AE0 (14 KiB): D/IRAM[0m
[0;32mI (328) heap_init: At 3FFE4350 len 0001BCB0 (111 KiB): D/IRAM[0m
[0;32mI (334) heap_init: At 4008F344 len 00010CBC (67 KiB): IRAM[0m
[0;32mI (342) spi_flash: detected chip: generic[0m
[0;32mI (345) spi_flash: flash io: dio[0m
[0;33mW (349) spi_flash: Detected size(16384k) larger than the size in the binary image header(2048k). Using the size in the binary image header.[0m
[0;32mI (364) main_task: Started on CPU0[0m
[0;32mI (374) main_task: Calling app_main()[0m
Starting Hot Potato Game
[0;32mI (374) IR_SIMPLE_TEST: Starting IR Simple Test[0m
[0;32mI (404) M5GFX: [Autodetect] M5Stack[0m
[0;32mI (574) gpio: GPIO[39]| InputEn: 1| OutputEn: 0| OpenDrain: 0| Pullup: 1| Pulldown: 0| Intr:0 [0m
[0;32mI (574) gpio: GPIO[26]| InputEn: 0| OutputEn: 1| OpenDrain: 0| Pullup: 1| Pulldown: 0| Intr:0 [0m
[0;32mI (584) IR_SIMPLE_TEST: RMT TX initialized[0m
[0;32mI (584) gpio: GPIO[36]| InputEn: 1| OutputEn: 0| OpenDrain: 0| Pullup: 1| Pulldown: 0| Intr:0 [0m
[0;32mI (594) IR_SIMPLE_TEST: RMT RX initialized[0m
[0;32mI (604) IR_SIMPLE_TEST: RX task started[0m
[0;32mI (604) IR_SIMPLE_TEST: IR Simple Test ready - press Button A to send[0m
[0;32mI (7554) RX: Dump 4 symbols:[0m
[0;32mI (7554) RX: [00] l0=0 d0=908 | l1=1 d1=328[0m
[0;32mI (7554) RX: [01] l0=0 d0=436 | l1=1 d1=828[0m
[0;32mI (7554) RX: [02] l0=0 d0=438 | l1=1 d1=377[0m
[0;32mI (7564) RX: [03] l0=0 d0=439 | l1=1 d1=0[0m
[0;32mI (7564) IR_SIMPLE_TEST: Received byte: 0x01[0m
[0;32mI (8464) RX: Dump 4 symbols:[0m
[0;32mI (8464) RX: [00] l0=0 d0=857 | l1=1 d1=407[0m
[0;32mI (8464) RX: [01] l0=0 d0=440 | l1=1 d1=796[0m
[0;32mI (8464) RX: [02] l0=0 d0=439 | l1=1 d1=403[0m
[0;32mI (8474) RX: [03] l0=0 d0=445 | l1=1 d1=0[0m
[0;32mI (8474) IR_SIMPLE_TEST: Received byte: 0x01[0m
[0;32mI (8874) RX: Dump 4 symbols:[0m
[0;32mI (8874) RX: [00] l0=0 d0=867 | l1=1 d1=397[0m
[0;32mI (8874) RX: [01] l0=0 d0=440 | l1=1 d1=796[0m
[0;32mI (8874) RX: [02] l0=0 d0=439 | l1=1 d1=404[0m
[0;32mI (8884) RX: [03] l0=0 d0=444 | l1=1 d1=0[0m
[0;32mI (8884) IR_SIMPLE_TEST: Received byte: 0x01[0m
[0;32mI (9114) RX: Dump 4 symbols:[0m
[0;32mI (9114) RX: [00] l0=0 d0=866 | l1=1 d1=398[0m
[0;32mI (9114) RX: [01] l0=0 d0=439 | l1=1 d1=797[0m
[0;32mI (9114) RX: [02] l0=0 d0=437 | l1=1 d1=405[0m
[0;32mI (9124) RX: [03] l0=0 d0=443 | l1=1 d1=0[0m
[0;32mI (9124) IR_SIMPLE_TEST: Received byte: 0x01[0m
[0;32mI (9304) RX: Dump 4 symbols:[0m
[0;32mI (9304) RX: [00] l0=0 d0=858 | l1=1 d1=406[0m
[0;32mI (9304) RX: [01] l0=0 d0=441 | l1=1 d1=795[0m
[0;32mI (9304) RX: [02] l0=0 d0=440 | l1=1 d1=403[0m
[0;32mI (9314) RX: [03] l0=0 d0=497 | l1=1 d1=0[0m
[0;32mI (9314) IR_SIMPLE_TEST: Received byte: 0x01[0m
