ets Jul 29 2019 12:21:46

rst:0x1 (POWERON_RESET),boot:0x17 (SPI_FAST_FLASH_BOOT)
configsip: 0, SPIWP:0xee
clk_drv:0x00,q_drv:0x00,d_drv:0x00,cs0_drv:0x00,hd_drv:0x00,wp_drv:0x00
mode:DIO, clock div:2
load:0x3fff0030,len:7176
load:0x40078000,len:15644
ho 0 tail 12 room 4
load:0x40080400,len:4
load:0x40080404,len:3904
entry 0x40080640
[0;32mI (31) boot: ESP-IDF v5.3.3-dirty 2nd stage bootloader[0m
[0;32mI (31) boot: compile time Aug  7 2025 21:47:29[0m
[0;32mI (31) boot: Multicore bootloader[0m
[0;32mI (36) boot: chip revision: v3.1[0m
[0;32mI (40) boot.esp32: SPI Speed      : 40MHz[0m
[0;32mI (44) boot.esp32: SPI Mode       : DIO[0m
[0;32mI (49) boot.esp32: SPI Flash Size : 2MB[0m
[0;32mI (53) boot: Enabling RNG early entropy source...[0m
[0;32mI (59) boot: Partition Table:[0m
[0;32mI (62) boot: ## Label            Usage          Type ST Offset   Length[0m
[0;32mI (70) boot:  0 nvs              WiFi data        01 02 00009000 00006000[0m
[0;32mI (77) boot:  1 phy_init         RF data          01 01 0000f000 00001000[0m
[0;32mI (85) boot:  2 factory          factory app      00 00 00010000 00100000[0m
[0;32mI (92) boot: End of partition table[0m
[0;32mI (96) esp_image: segment 0: paddr=00010020 vaddr=3f400020 size=1ffa0h (130976) map[0m
[0;32mI (150) esp_image: segment 1: paddr=0002ffc8 vaddr=3ffb0000 size=00050h (    80) load[0m
[0;32mI (150) esp_image: segment 2: paddr=00030020 vaddr=400d0020 size=99698h (628376) map[0m
[0;32mI (371) esp_image: segment 3: paddr=000c96c0 vaddr=3ffb0050 size=04250h ( 16976) load[0m
[0;32mI (377) esp_image: segment 4: paddr=000cd918 vaddr=40080000 size=1a1f0h (106992) load[0m
[0;32mI (432) boot: Loaded app from partition at offset 0x10000[0m
[0;32mI (432) boot: Disabling RNG early entropy source...[0m
[0;32mI (445) cpu_start: Multicore app[0m
[0;32mI (453) cpu_start: Pro cpu start user code[0m
[0;32mI (453) cpu_start: cpu freq: 160000000 Hz[0m
[0;32mI (453) app_init: Application information:[0m
[0;32mI (456) app_init: Project name:     hot_potato[0m
[0;32mI (461) app_init: App version:      v5.3.3-dirty[0m
[0;32mI (467) app_init: Compile time:     Aug 12 2025 21:50:08[0m
[0;32mI (473) app_init: ELF file SHA256:  347669c4c...[0m
[0;32mI (478) app_init: ESP-IDF:          v5.3.3-dirty[0m
[0;32mI (483) efuse_init: Min chip rev:     v0.0[0m
[0;32mI (488) efuse_init: Max chip rev:     v3.99 [0m
[0;32mI (493) efuse_init: Chip rev:         v3.1[0m
[0;32mI (498) heap_init: Initializing. RAM available for dynamic allocation:[0m
[0;32mI (505) heap_init: At 3FFAE6E0 len 00001920 (6 KiB): DRAM[0m
[0;32mI (511) heap_init: At 3FFB8E40 len 000271C0 (156 KiB): DRAM[0m
[0;32mI (517) heap_init: At 3FFE0440 len 00003AE0 (14 KiB): D/IRAM[0m
[0;32mI (524) heap_init: At 3FFE4350 len 0001BCB0 (111 KiB): D/IRAM[0m
[0;32mI (530) heap_init: At 4009A1F0 len 00005E10 (23 KiB): IRAM[0m
[0;32mI (538) spi_flash: detected chip: generic[0m
[0;32mI (541) spi_flash: flash io: dio[0m
[0;33mW (545) spi_flash: Detected size(16384k) larger than the size in the binary image header(2048k). Using the size in the binary image header.[0m
[0;32mI (560) main_task: Started on CPU0[0m
[0;32mI (570) main_task: Calling app_main()[0m
Starting Hot Potato Game
[0;32mI (570) IR_SIMPLE_TEST_OPT: Starting IR Simple Test[0m
[0;32mI (570) IR_SIMPLE_TEST_OPT: MAC: 34:98:7A:B5:97:74[0m
[0;32mI (610) M5GFX: [Autodetect] M5Stack[0m
[0;32mI (780) gpio: GPIO[39]| InputEn: 1| OutputEn: 0| OpenDrain: 0| Pullup: 0| Pulldown: 0| Intr:2 [0m
[0;32mI (780) IR_SIMPLE_TEST_OPT: Button interrupt setup successful[0m
[0;32mI (780) gpio: GPIO[26]| InputEn: 0| OutputEn: 1| OpenDrain: 0| Pullup: 1| Pulldown: 0| Intr:0 [0m
[0;32mI (790) IR_SIMPLE_TEST_OPT: RMT TX initialized[0m
[0;32mI (800) IR_SIMPLE_TEST_OPT: TX prebuilt 0x5A into 10 symbols[0m
[0;32mI (800) CFG: Self MAC = 34:98:7A:B5:97:74[0m
[0;33mW (810) wifi:wifi osi_nvs_open fail ret=4353[0m

[0;33mW (810) wifi_init: Failed to unregister Rx callbacks[0m
[0;31mE (820) wifi_init: Failed to deinit Wi-Fi driver (0x3001)[0m
[0;31mE (830) wifi_init: Failed to deinit Wi-Fi (0x3001)[0m
ESP_ERROR_CHECK failed: esp_err_t 0x1101 (ESP_ERR_NVS_NOT_INITIALIZED) at 0x400da118
file: "/IDF/projects/hot_potato/main/ir_simple_test.cpp" line 97
func: esp_err_t espnow_init_once()
expression: esp_wifi_init(&wic)

abort() was called at PC 0x4008b37b on core 0


Backtrace: 0x40081cd6:0x3ffbaef0 0x4008b385:0x3ffbaf10 0x40093dc5:0x3ffbaf30 0x4008b37b:0x3ffbafa0 0x400da118:0x3ffbafd0 0x400daa8d:0x3ffbb0d0 0x400d9904:0x3ffbb120 0x401674a7:0x3ffbb140 0x4008bf4d:0x3ffbb170




ELF file SHA256: 347669c4c

Rebooting...
ets Jul 29 2019 12:21:46

rst:0xc (SW_CPU_RESET),boot:0x17 (SPI_FAST_FLASH_BOOT)
configsip: 0, SPIWP:0xee
clk_drv:0x00,q_drv:0x00,d_drv:0x00,cs0_drv:0x00,hd_drv:0x00,wp_drv:0x00
mode:DIO, clock div:2
load:0x3fff0030,len:7176
load:0x40078000,len:15644
ho 0 tail 12 room 4
load:0x40080400,len:4
load:0x40080404,len:3904
entry 0x40080640
[0;32mI (31) boot: ESP-IDF v5.3.3-dirty 2nd stage bootloader[0m
[0;32mI (31) boot: compile time Aug  7 2025 21:47:29[0m
[0;32mI (31) boot: Multicore bootloader[0m
[0;32mI (36) boot: chip revision: v3.1[0m
[0;32mI (40) boot.esp32: SPI Speed      : 40MHz[0m
[0;32mI (44) boot.esp32: SPI Mode       : DIO[0m
[0;32mI (49) boot.esp32: SPI Flash Size : 2MB[0m
[0;32mI (53) boot: Enabling RNG early entropy source...[0m
[0;32mI (59) boot: Partition Table:[0m
[0;32mI (62) boot: ## Label            Usage          Type ST Offset   Length[0m
[0;32mI (70) boot:  0 nvs              WiFi data        01 02 00009000 00006000[0m
[0;32mI (77) boot:  1 phy_init         RF data          01 01 0000f000 00001000[0m
[0;32mI (85) boot:  2 factory          factory app      00 00 00010000 00100000[0m
[0;32mI (92) boot: End of partition table[0m
[0;32mI (96) esp_image: segment 0: paddr=00010020 vaddr=3f400020 size=1ffa0h (130976) map[0m
[0;32mI (150) esp_image: segment 1: paddr=0002ffc8 vaddr=3ffb0000 size=00050h (    80) load[0m
[0;32mI (150) esp_image: segment 2: paddr=00030020 vaddr=400d0020 size=99698h (628376) map[0m
[0;32mI (371) esp_image: segment 3: paddr=000c96c0 vaddr=3ffb0050 size=04250h ( 16976) load[0m
[0;32mI (377) esp_image: segment 4: paddr=000cd918 vaddr=40080000 size=1a1f0h (106992) load[0m
[0;32mI (432) boot: Loaded app from partition at offset 0x10000[0m
[0;32mI (432) boot: Disabling RNG early entropy source...[0m
[0;32mI (445) cpu_start: Multicore app[0m
[0;32mI (453) cpu_start: Pro cpu start user code[0m
[0;32mI (453) cpu_start: cpu freq: 160000000 Hz[0m
[0;32mI (453) app_init: Application information:[0m
[0;32mI (456) app_init: Project name:     hot_potato[0m
[0;32mI (461) app_init: App version:      v5.3.3-dirty[0m
[0;32mI (467) app_init: Compile time:     Aug 12 2025 21:50:08[0m
[0;32mI (473) app_init: ELF file SHA256:  347669c4c...[0m
[0;32mI (478) app_init: ESP-IDF:          v5.3.3-dirty[0m
[0;32mI (483) efuse_init: Min chip rev:     v0.0[0m
[0;32mI (488) efuse_init: Max chip rev:     v3.99 [0m
[0;32mI (493) efuse_init: Chip rev:         v3.1[0m
[0;32mI (498) heap_init: Initializing. RAM available for dynamic allocation:[0m
[0;32mI (505) heap_init: At 3FFAE6E0 len 00001920 (6 KiB): DRAM[0m
[0;32mI (511) heap_init: At 3FFB8E40 len 000271C0 (156 KiB): DRAM[0m
[0;32mI (517) heap_init: At 3FFE0440 len 00003AE0 (14 KiB): D/IRAM[0m
[0;32mI (523) heap_init: At 3FFE4350 len 0001BCB0 (111 KiB): D/IRAM[0m
[0;32mI (530) heap_init: At 4009A1F0 len 00005E10 (23 KiB): IRAM[0m
[0;32mI (538) spi_flash: detected chip: generic[0m
[0;32mI (541) spi_flash: flash io: dio[0m
[0;33mW (545) spi_flash: Detected size(16384k) larger than the size in the binary image header(2048k). Using the size in the binary image header.[0m
[0;32mI (560) main_task: Started on CPU0[0m
[0;32mI (570) main_task: Calling app_main()[0m
Starting Hot Potato Game
[0;32mI (570) IR_SIMPLE_TEST_OPT: Starting IR Simple Test[0m
[0;32mI (570) IR_SIMPLE_TEST_OPT: MAC: 34:98:7A:B5:97:74[0m
[0;32mI (610) M5GFX: [Autodetect] M5Stack[0m
[0;32mI (780) gpio: GPIO[39]| InputEn: 1| OutputEn: 0| OpenDrain: 0| Pullup: 0| Pulldown: 0| Intr:2 [0m
[0;32mI (780) IR_SIMPLE_TEST_OPT: Button interrupt setup successful[0m
[0;32mI (780) gpio: GPIO[26]| InputEn: 0| OutputEn: 1| OpenDrain: 0| Pullup: 1| Pulldown: 0| Intr:0 [0m
[0;32mI (790) IR_SIMPLE_TEST_OPT: RMT TX initialized[0m
[0;32mI (800) IR_SIMPLE_TEST_OPT: TX prebuilt 0x5A into 10 symbols[0m
[0;32mI (800) CFG: Self MAC = 34:98:7A:B5:97:74[0m
[0;33mW (810) wifi:wifi osi_nvs_open fail ret=4353[0m

[0;33mW (810) wifi_init: Failed to unregister Rx callbacks[0m
[0;31mE (820) wifi_init: Failed to deinit Wi-Fi driver (0x3001)[0m
[0;31mE (830) wifi_init: Failed to deinit Wi-Fi (0x3001)[0m
ESP_ERROR_CHECK failed: esp_err_t 0x1101 (ESP_ERR_NVS_NOT_INITIALIZED) at 0x400da118
file: "/IDF/projects/hot_potato/main/ir_simple_test.cpp" line 97
func: esp_err_t espnow_init_once()
expression: esp_wifi_init(&wic)

abort() was called at PC 0x4008b37b on core 0


Backtrace: 0x40081cd6:0x3ffbaef0 0x4008b385:0x3ffbaf10 0x40093dc5:0x3ffbaf30 0x4008b37b:0x3ffbafa0 0x400da118:0x3ffbafd0 0x400daa8d:0x3ffbb0d0 0x400d9904:0x3ffbb120 0x401674a7:0x3ffbb140 0x4008bf4d:0x3ffbb170




ELF file SHA256: 347669c4c

Rebooting...
ets Jul 29 2019 12:21:46

rst:0xc (SW_CPU_RESET),boot:0x17 (SPI_FAST_FLASH_BOOT)
configsip: 0, SPIWP:0xee
clk_drv:0x00,q_drv:0x00,d_drv:0x00,cs0_drv:0x00,hd_drv:0x00,wp_drv:0x00
mode:DIO, clock div:2
load:0x3fff0030,len:7176
load:0x40078000,len:15644
ho 0 tail 12 room 4
load:0x40080400,len:4
load:0x40080404,len:3904
entry 0x40080640
[0;32mI (31) boot: ESP-IDF v5.3.3-dirty 2nd stage bootloader[0m
[0;32mI (31) boot: compile time Aug  7 2025 21:47:29[0m
[0;32mI (31) boot: Multicore bootloader[0m
[0;32mI (36) boot: chip revision: v3.1[0m
[0;32mI (40) boot.esp32: SPI Speed      : 40MHz[0m
[0;32mI (44) boot.esp32: SPI Mode       : DIO[0m
[0;32mI (49) boot.esp32: SPI Flash Size : 2MB[0m
[0;32mI (53) boot: Enabling RNG early entropy source...[0m
[0;32mI (59) boot: Partition Table:[0m
[0;32mI (62) boot: ## Label            Usage          Type ST Offset   Length[0m
[0;32mI (70) boot:  0 nvs              WiFi data        01 02 00009000 00006000[0m
[0;32mI (77) boot:  1 phy_init         RF data          01 01 0000f000 00001000[0m
[0;32mI (85) boot:  2 factory          factory app      00 00 00010000 00100000[0m
[0;32mI (92) boot: End of partition table[0m
[0;32mI (96) esp_image: segment 0: paddr=00010020 vaddr=3f400020 size=1ffa0h (130976) map[0m
[0;32mI (150) esp_image: segment 1: paddr=0002ffc8 vaddr=3ffb0000 size=00050h (    80) load[0m
[0;32mI (150) esp_image: segment 2: paddr=00030020 vaddr=400d0020 size=99698h (628376) map[0m
[0;32mI (371) esp_image: segment 3: paddr=000c96c0 vaddr=3ffb0050 size=04250h ( 16976) load[0m
[0;32mI (377) esp_image: segment 4: paddr=000cd918 vaddr=40080000 size=1a1f0h (106992) load[0m
[0;32mI (432) boot: Loaded app from partition at offset 0x10000[0m
[0;32mI (432) boot: Disabling RNG early entropy source...[0m
[0;32mI (445) cpu_start: Multicore app[0m
[0;32mI (453) cpu_start: Pro cpu start user code[0m
[0;32mI (453) cpu_start: cpu freq: 160000000 Hz[0m
[0;32mI (453) app_init: Application information:[0m
[0;32mI (456) app_init: Project name:     hot_potato[0m
[0;32mI (461) app_init: App version:      v5.3.3-dirty[0m
[0;32mI (467) app_init: Compile time:     Aug 12 2025 21:50:08[0m
[0;32mI (473) app_init: ELF file SHA256:  347669c4c...[0m
[0;32mI (478) app_init: ESP-IDF:          v5.3.3-dirty[0m
[0;32mI (483) efuse_init: Min chip rev:     v0.0[0m
[0;32mI (488) efuse_init: Max chip rev:     v3.99 [0m
[0;32mI (493) efuse_init: Chip rev:         v3.1[0m
[0;32mI (498) heap_init: Initializing. RAM available for dynamic allocation:[0m
[0;32mI (505) heap_init: At 3FFAE6E0 len 00001920 (6 KiB): DRAM[0m
[0;32mI (511) heap_init: At 3FFB8E40 len 000271C0 (156 KiB): DRAM[0m
[0;32mI (517) heap_init: At 3FFE0440 len 00003AE0 (14 KiB): D/IRAM[0m
[0;32mI (523) heap_init: At 3FFE4350 len 0001BCB0 (111 KiB): D/IRAM[0m
[0;32mI (530) heap_init: At 4009A1F0 len 00005E10 (23 KiB): IRAM[0m
[0;32mI (538) spi_flash: detected chip: generic[0m
[0;32mI (541) spi_flash: flash io: dio[0m
[0;33mW (545) spi_flash: Detected size(16384k) larger than the size in the binary image header(2048k). Using the size in the binary image header.[0m
[0;32mI (560) main_task: Started on CPU0[0m
[0;32mI (570) main_task: Calling app_main()[0m
Starting Hot Potato Game
[0;32mI (570) IR_SIMPLE_TEST_OPT: Starting IR Simple Test[0m
[0;32mI (570) IR_SIMPLE_TEST_OPT: MAC: 34:98:7A:B5:97:74[0m
[0;32mI (610) M5GFX: [Autodetect] M5Stack[0m
[0;32mI (780) gpio: GPIO[39]| InputEn: 1| OutputEn: 0| OpenDrain: 0| Pullup: 0| Pulldown: 0| Intr:2 [0m
[0;32mI (780) IR_SIMPLE_TEST_OPT: Button interrupt setup successful[0m
[0;32mI (780) gpio: GPIO[26]| InputEn: 0| OutputEn: 1| OpenDrain: 0| Pullup: 1| Pulldown: 0| Intr:0 [0m
[0;32mI (790) IR_SIMPLE_TEST_OPT: RMT TX initialized[0m
[0;32mI (800) IR_SIMPLE_TEST_OPT: TX prebuilt 0x5A into 10 symbols[0m
[0;32mI (800) CFG: Self MAC = 34:98:7A:B5:97:74[0m
[0;33mW (810) wifi:wifi osi_nvs_open fail ret=4353[0m

[0;33mW (810) wifi_init: Failed to unregister Rx callbacks[0m
[0;31mE (820) wifi_init: Failed to deinit Wi-Fi driver (0x3001)[0m
[0;31mE (830) wifi_init: Failed to deinit Wi-Fi (0x3001)[0m
ESP_ERROR_CHECK failed: esp_err_t 0x1101 (ESP_ERR_NVS_NOT_INITIALIZED) at 0x400da118
file: "/IDF/projects/hot_potato/main/ir_simple_test.cpp" line 97
func: esp_err_t espnow_init_once()
expression: esp_wifi_init(&wic)

abort() was called at PC 0x4008b37b on core 0


Backtrace: 0x40081cd6:0x3ffbaef0 0x4008b385:0x3ffbaf10 0x40093dc5:0x3ffbaf30 0x4008b37b:0x3ffbafa0 0x400da118:0x3ffbafd0 0x400daa8d:0x3ffbb0d0 0x400d9904:0x3ffbb120 0x401674a7:0x3ffbb140 0x4008bf4d:0x3ffbb170




ELF file SHA256: 347669c4c

Rebooting...
ets Jul 29 2019 12:21:46

rst:0xc (SW_CPU_RESET),boot:0x17 (SPI_FAST_FLASH_BOOT)
configsip: 0, SPIWP:0xee
clk_drv:0x00,q_drv:0x00,d_drv:0x00,cs0_drv:0x00,hd_drv:0x00,wp_drv:0x00
mode:DIO, clock div:2
load:0x3fff0030,len:7176
load:0x40078000,len:15644
ho 0 tail 12 room 4
load:0x40080400,len:4
load:0x40080404,len:3904
entry 0x40080640
[0;32mI (31) boot: ESP-IDF v5.3.3-dirty 2nd stage bootloader[0m
[0;32mI (31) boot: compile time Aug  7 2025 21:47:29[0m
[0;32mI (31) boot: Multicore bootloader[0m
[0;32mI (36) boot: chip revision: v3.1[0m
[0;32mI (40) boot.esp32: SPI Speed      : 40MHz[0m
[0;32mI (44) boot.esp32: SPI Mode       : DIO[0m
[0;32mI (49) boot.esp32: SPI Flash Size : 2MB[0m
[0;32mI (53) boot: Enabling RNG early entropy source...[0m
[0;32mI (59) boot: Partition Table:[0m
[0;32mI (62) boot: ## Label            Usage          Type ST Offset   Length[0m
[0;32mI (70) boot:  0 nvs              WiFi data        01 02 00009000 00006000[0m
[0;32mI (77) boot:  1 phy_init         RF data          01 01 0000f000 00001000[0m
[0;32mI (85) boot:  2 factory          factory app      00 00 00010000 00100000[0m
[0;32mI (92) boot: End of partition table[0m
[0;32mI (96) esp_image: segment 0: paddr=00010020 vaddr=3f400020 size=1ffa0h (130976) map[0m
[0;32mI (150) esp_image: segment 1: paddr=0002ffc8 vaddr=3ffb0000 size=00050h (    80) load[0m
[0;32mI (150) esp_image: segment 2: paddr=00030020 vaddr=400d0020 size=99698h (628376) map[0m
[0;32mI (371) esp_image: segment 3: paddr=000c96c0 vaddr=3ffb0050 size=04250h ( 16976) load[0m
[0;32mI (377) esp_image: segment 4: paddr=000cd918 vaddr=40080000 size=1a1f0h (106992) load[0m
[0;32mI (432) boot: Loaded app from partition at offset 0x10000[0m
[0;32mI (432) boot: Disabling RNG early entropy source...[0m
[0;32mI (445) cpu_start: Multicore app[0m
[0;32mI (453) cpu_start: Pro cpu start user code[0m
[0;32mI (453) cpu_start: cpu freq: 160000000 Hz[0m
[0;32mI (453) app_init: Application information:[0m
[0;32mI (456) app_init: Project name:     hot_potato[0m
[0;32mI (461) app_init: App version:      v5.3.3-dirty[0m
[0;32mI (467) app_init: Compile time:     Aug 12 2025 21:50:08[0m
[0;32mI (473) app_init: ELF file SHA256:  347669c4c...[0m
[0;32mI (478) app_init: ESP-IDF:          v5.3.3-dirty[0m
[0;32mI (483) efuse_init: Min chip rev:     v0.0[0m
[0;32mI (488) efuse_init: Max chip rev:     v3.99 [0m
[0;32mI (493) efuse_init: Chip rev:         v3.1[0m
[0;32mI (498) heap_init: Initializing. RAM available for dynamic allocation:[0m
[0;32mI (505) heap_init: At 3FFAE6E0 len 00001920 (6 KiB): DRAM[0m
[0;32mI (511) heap_init: At 3FFB8E40 len 000271C0 (156 KiB): DRAM[0m
[0;32mI (517) heap_init: At 3FFE0440 len 00003AE0 (14 KiB): D/IRAM[0m
[0;32mI (523) heap_init: At 3FFE4350 len 0001BCB0 (111 KiB): D/IRAM[0m
[0;32mI (530) heap_init: At 4009A1F0 len 00005E10 (23 KiB): IRAM[0m
[0;32mI (538) spi_flash: detected chip: generic[0m
[0;32mI (541) spi_flash: flash io: dio[0m
[0;33mW (545) spi_flash: Detected size(16384k) larger than the size in the binary image header(2048k). Using the size in the binary image header.[0m
[0;32mI (560) main_task: Started on CPU0[0m
[0;32mI (570) main_task: Calling app_main()[0m
Starting Hot Potato Game
[0;32mI (570) IR_SIMPLE_TEST_OPT: Starting IR Simple Test[0m
[0;32mI (570) IR_SIMPLE_TEST_OPT: MAC: 34:98:7A:B5:97:74[0m
[0;32mI (610) M5GFX: [Autodetect] M5Stack[0m
[0;32mI (780) gpio: GPIO[39]| InputEn: 1| OutputEn: 0| OpenDrain: 0| Pullup: 0| Pulldown: 0| Intr:2 [0m
[0;32mI (780) IR_SIMPLE_TEST_OPT: Button interrupt setup successful[0m
[0;32mI (780) gpio: GPIO[26]| InputEn: 0| OutputEn: 1| OpenDrain: 0| Pullup: 1| Pulldown: 0| Intr:0 [0m
[0;32mI (790) IR_SIMPLE_TEST_OPT: RMT TX initialized[0m
[0;32mI (800) IR_SIMPLE_TEST_OPT: TX prebuilt 0x5A into 10 symbols[0m
[0;32mI (800) CFG: Self MAC = 34:98:7A:B5:97:74[0m
[0;33mW (810) wifi:wifi osi_nvs_open fail ret=4353[0m

[0;33mW (810) wifi_init: Failed to unregister Rx callbacks[0m
[0;31mE (820) wifi_init: Failed to deinit Wi-Fi driver (0x3001)[0m
[0;31mE (830) wifi_init: Failed to deinit Wi-Fi (0x3001)[0m
ESP_ERROR_CHECK failed: esp_err_t 0x1101 (ESP_ERR_NVS_NOT_INITIALIZED) at 0x400da118
file: "/IDF/projects/hot_potato/main/ir_simple_test.cpp" line 97
func: esp_err_t espnow_init_once()
expression: esp_wifi_init(&wic)

abort() was called at PC 0x4008b37b on core 0


Backtrace: 0x40081cd6:0x3ffbaef0 0x4008b385:0x3ffbaf10 0x40093dc5:0x3ffbaf30 0x4008b37b:0x3ffbafa0 0x400da118:0x3ffbafd0 0x400daa8d:0x3ffbb0d0 0x400d9904:0x3ffbb120 0x401674a7:0x3ffbb140 0x4008bf4d:0x3ffbb170




ELF file SHA256: 347669c4c

Rebooting...
ets Jul 29 2019 12:21:46

rst:0xc (SW_CPU_RESET),boot:0x17 (SPI_FAST_FLASH_BOOT)
configsip: 0, SPIWP:0xee
clk_drv:0x00,q_drv:0x00,d_drv:0x00,cs0_drv:0x00,hd_drv:0x00,wp_drv:0x00
mode:DIO, clock div:2
load:0x3fff0030,len:7176
load:0x40078000,len:15644
ho 0 tail 12 room 4
load:0x40080400,len:4
load:0x40080404,len:3904
entry 0x40080640
[0;32mI (31) boot: ESP-IDF v5.3.3-dirty 2nd stage bootloader[0m
[0;32mI (31) boot: compile time Aug  7 2025 21:47:29[0m
[0;32mI (31) boot: Multicore bootloader[0m
[0;32mI (36) boot: chip revision: v3.1[0m
[0;32mI (40) boot.esp32: SPI Speed      : 40MHz[0m
[0;32mI (44) boot.esp32: SPI Mode       : DIO[0m
[0;32mI (49) boot.esp32: SPI Flash Size : 2MB[0m
[0;32mI (53) boot: Enabling RNG early entropy source...[0m
[0;32mI (59) boot: Partition Table:[0m
[0;32mI (62) boot: ## Label            Usage          Type ST Offset   Length[0m
[0;32mI (70) boot:  0 nvs              WiFi data        01 02 00009000 00006000[0m
[0;32mI (77) boot:  1 phy_init         RF data          01 01 0000f000 00001000[0m
[0;32mI (85) boot:  2 factory          factory app      00 00 00010000 00100000[0m
[0;32mI (92) boot: End of partition table[0m
[0;32mI (96) esp_image: segment 0: paddr=00010020 vaddr=3f400020 size=1ffa0h (130976) map[0m
[0;32mI (150) esp_image: segment 1: paddr=0002ffc8 vaddr=3ffb0000 size=00050h (    80) load[0m
[0;32mI (150) esp_image: segment 2: paddr=00030020 vaddr=400d0020 size=99698h (628376) map[0m
[0;32mI (371) esp_image: segment 3: paddr=000c96c0 vaddr=3ffb0050 size=04250h ( 16976) load[0m
[0;32mI (377) esp_image: segment 4: paddr=000cd918 vaddr=40080000 size=1a1f0h (106992) load[0m
[0;32mI (432) boot: Loaded app from partition at offset 0x10000[0m
[0;32mI (432) boot: Disabling RNG early entropy source...[0m
[0;32mI (445) cpu_start: Multicore app[0m
[0;32mI (453) cpu_start: Pro cpu start user code[0m
[0;32mI (453) cpu_start: cpu freq: 160000000 Hz[0m
[0;32mI (453) app_init: Application information:[0m
[0;32mI (456) app_init: Project name:     hot_potato[0m
[0;32mI (461) app_init: App version:      v5.3.3-dirty[0m
[0;32mI (467) app_init: Compile time:     Aug 12 2025 21:50:08[0m
[0;32mI (473) app_init: ELF file SHA256:  347669c4c...[0m
[0;32mI (478) app_init: ESP-IDF:          v5.3.3-dirty[0m
[0;32mI (483) efuse_init: Min chip rev:     v0.0[0m
[0;32mI (488) efuse_init: Max chip rev:     v3.99 [0m
[0;32mI (493) efuse_init: Chip rev:         v3.1[0m
[0;32mI (498) heap_init: Initializing. RAM available for dynamic allocation:[0m
[0;32mI (505) heap_init: At 3FFAE6E0 len 00001920 (6 KiB): DRAM[0m
[0;32mI (511) heap_init: At 3FFB8E40 len 000271C0 (156 KiB): DRAM[0m
[0;32mI (517) heap_init: At 3FFE0440 len 00003AE0 (14 KiB): D/IRAM[0m
[0;32mI (523) heap_init: At 3FFE4350 len 0001BCB0 (111 KiB): D/IRAM[0m
[0;32mI (530) heap_init: At 4009A1F0 len 00005E10 (23 KiB): IRAM[0m
[0;32mI (538) spi_flash: detected chip: generic[0m
[0;32mI (541) spi_flash: flash io: dio[0m
[0;33mW (545) spi_flash: Detected size(16384k) larger than the size in the binary image header(2048k). Using the size in the binary image header.[0m
[0;32mI (560) main_task: Started on CPU0[0m
[0;32mI (570) main_task: Calling app_main()[0m
Starting Hot Potato Game
[0;32mI (570) IR_SIMPLE_TEST_OPT: Starting IR Simple Test[0m
[0;32mI (570) IR_SIMPLE_TEST_OPT: MAC: 34:98:7A:B5:97:74[0m
[0;32mI (610) M5GFX: [Autodetect] M5Stack[0m
[0;32mI (780) gpio: GPIO[39]| InputEn: 1| OutputEn: 0| OpenDrain: 0| Pullup: 0| Pulldown: 0| Intr:2 [0m
[0;32mI (780) IR_SIMPLE_TEST_OPT: Button interrupt setup successful[0m
[0;32mI (780) gpio: GPIO[26]| InputEn: 0| OutputEn: 1| OpenDrain: 0| Pullup: 1| Pulldown: 0| Intr:0 [0m
[0;32mI (790) IR_SIMPLE_TEST_OPT: RMT TX initialized[0m
[0;32mI (800) IR_SIMPLE_TEST_OPT: TX prebuilt 0x5A into 10 symbols[0m
[0;32mI (800) CFG: Self MAC = 34:98:7A:B5:97:74[0m
[0;33mW (810) wifi:wifi osi_nvs_open fail ret=4353[0m

[0;33mW (810) wifi_init: Failed to unregister Rx callbacks[0m
[0;31mE (820) wifi_init: Failed to deinit Wi-Fi driver (0x3001)[0m
[0;31mE (830) wifi_init: Failed to deinit Wi-Fi (0x3001)[0m
ESP_ERROR_CHECK failed: esp_err_t 0x1101 (ESP_ERR_NVS_NOT_INITIALIZED) at 0x400da118
file: "/IDF/projects/hot_potato/main/ir_simple_test.cpp" line 97
func: esp_err_t espnow_init_once()
expression: esp_wifi_init(&wic)

abort() was called at PC 0x4008b37b on core 0


Backtrace: 0x40081cd6:0x3ffbaef0 0x4008b385:0x3ffbaf10 0x40093dc5:0x3ffbaf30 0x4008b37b:0x3ffbafa0 0x400da118:0x3ffbafd0 0x400daa8d:0x3ffbb0d0 0x400d9904:0x3ffbb120 0x401674a7:0x3ffbb140 0x4008bf4d:0x3ffbb170




ELF file SHA256: 347669c4c

Rebooting...
ets Jul 29 2019 12:21:46

rst:0xc (SW_CPU_RESET),boot:0x17 (SPI_FAST_FLASH_BOOT)
configsip: 0, SPIWP:0xee
clk_drv:0x00,q_drv:0x00,d_drv:0x00,cs0_drv:0x00,hd_drv:0x00,wp_drv:0x00
mode:DIO, clock div:2
load:0x3fff0030,len:7176
load:0x40078000,len:15644
ho 0 tail 12 room 4
load:0x40080400,len:4
load:0x40080404,len:3904
entry 0x40080640
[0;32mI (31) boot: ESP-IDF v5.3.3-dirty 2nd stage bootloader[0m
[0;32mI (31) boot: compile time Aug  7 2025 21:47:29[0m
[0;32mI (31) boot: Multicore bootloader[0m
[0;32mI (36) boot: chip revision: v3.1[0m
[0;32mI (40) boot.esp32: SPI Speed      : 40MHz[0m
[0;32mI (44) boot.esp32: SPI Mode       : DIO[0m
[0;32mI (49) boot.esp32: SPI Flash Size : 2MB[0m
[0;32mI (53) boot: Enabling RNG early entropy source...[0m
[0;32mI (59) boot: Partition Table:[0m
[0;32mI (62) boot: ## Label            Usage          Type ST Offset   Length[0m
[0;32mI (70) boot:  0 nvs              WiFi data        01 02 00009000 00006000[0m
[0;32mI (77) boot:  1 phy_init         RF data          01 01 0000f000 00001000[0m
[0;32mI (85) boot:  2 factory          factory app      00 00 00010000 00100000[0m
[0;32mI (92) boot: End of partition table[0m
[0;32mI (96) esp_image: segment 0: paddr=00010020 vaddr=3f400020 size=1ffa0h (130976) map[0m
[0;32mI (150) esp_image: segment 1: paddr=0002ffc8 vaddr=3ffb0000 size=00050h (    80) load[0m
[0;32mI (150) esp_image: segment 2: paddr=00030020 vaddr=400d0020 size=99698h (628376) map[0m
[0;32mI (371) esp_image: segment 3: paddr=000c96c0 vaddr=3ffb0050 size=04250h ( 16976) load[0m
[0;32mI (377) esp_image: segment 4: paddr=000cd918 vaddr=40080000 size=1a1f0h (106992) load[0m
[0;32mI (432) boot: Loaded app from partition at offset 0x10000[0m
[0;32mI (432) boot: Disabling RNG early entropy source...[0m
[0;32mI (445) cpu_start: Multicore app[0m
[0;32mI (453) cpu_start: Pro cpu start user code[0m
[0;32mI (453) cpu_start: cpu freq: 160000000 Hz[0m
[0;32mI (453) app_init: Application information:[0m
[0;32mI (456) app_init: Project name:     hot_potato[0m
[0;32mI (461) app_init: App version:      v5.3.3-dirty[0m
[0;32mI (467) app_init: Compile time:     Aug 12 2025 21:50:08[0m
[0;32mI (473) app_init: ELF file SHA256:  347669c4c...[0m
[0;32mI (478) app_init: ESP-IDF:          v5.3.3-dirty[0m
[0;32mI (483) efuse_init: Min chip rev:     v0.0[0m
[0;32mI (488) efuse_init: Max chip rev:     v3.99 [0m
[0;32mI (493) efuse_init: Chip rev:         v3.1[0m
[0;32mI (498) heap_init: Initializing. RAM available for dynamic allocation:[0m
[0;32mI (505) heap_init: At 3FFAE6E0 len 00001920 (6 KiB): DRAM[0m
[0;32mI (511) heap_init: At 3FFB8E40 len 000271C0 (156 KiB): DRAM[0m
[0;32mI (517) heap_init: At 3FFE0440 len 00003AE0 (14 KiB): D/IRAM[0m
[0;32mI (523) heap_init: At 3FFE4350 len 0001BCB0 (111 KiB): D/IRAM[0m
[0;32mI (530) heap_init: At 4009A1F0 len 00005E10 (23 KiB): IRAM[0m
[0;32mI (538) spi_flash: detected chip: generic[0m
[0;32mI (541) spi_flash: flash io: dio[0m
[0;33mW (545) spi_flash: Detected size(16384k) larger than the size in the binary image header(2048k). Using the size in the binary image header.[0m
[0;32mI (560) main_task: Started on CPU0[0m
[0;32mI (570) main_task: Calling app_main()[0m
Starting Hot Potato Game
[0;32mI (570) IR_SIMPLE_TEST_OPT: Starting IR Simple Test[0m
[0;32mI (570) IR_SIMPLE_TEST_OPT: MAC: 34:98:7A:B5:97:74[0m
[0;32mI (610) M5GFX: [Autodetect] M5Stack[0m
[0;32mI (780) gpio: GPIO[39]| InputEn: 1| OutputEn: 0| OpenDrain: 0| Pullup: 0| Pulldown: 0| Intr:2 [0m
[0;32mI (780) IR_SIMPLE_TEST_OPT: Button interrupt setup successful[0m
[0;32mI (780) gpio: GPIO[26]| InputEn: 0| OutputEn: 1| OpenDrain: 0| Pullup: 1| Pulldown: 0| Intr:0 [0m
[0;32mI (790) IR_SIMPLE_TEST_OPT: RMT TX initialized[0m
[0;32mI (800) IR_SIMPLE_TEST_OPT: TX prebuilt 0x5A into 10 symbols[0m
[0;32mI (800) CFG: Self MAC = 34:98:7A:B5:97:74[0m
[0;33mW (810) wifi:wifi osi_nvs_open fail ret=4353[0m

[0;33mW (810) wifi_init: Failed to unregister Rx callbacks[0m
[0;31mE (820) wifi_init: Failed to deinit Wi-Fi driver (0x3001)[0m
[0;31mE (830) wifi_init: Failed to deinit Wi-Fi (0x3001)[0m
ESP_ERROR_CHECK failed: esp_err_t 0x1101 (ESP_ERR_NVS_NOT_INITIALIZED) at 0x400da118
file: "/IDF/projects/hot_potato/main/ir_simple_test.cpp" line 97
func: esp_err_t espnow_init_once()
expression: esp_wifi_init(&wic)

abort() was called at PC 0x4008b37b on core 0


Backtrace: 0x40081cd6:0x3ffbaef0 0x4008b385:0x3ffbaf10 0x40093dc5:0x3ffbaf30 0x4008b37b:0x3ffbafa0 0x400da118:0x3ffbafd0 0x400daa8d:0x3ffbb0d0 0x400d9904:0x3ffbb120 0x401674a7:0x3ffbb140 0x4008bf4d:0x3ffbb170




ELF file SHA256: 347669c4c

Rebooting...
ets Jul 29 2019 12:21:46

rst:0xc (SW_CPU_RESET),boot:0x17 (SPI_FAST_FLASH_BOOT)
configsip: 0, SPIWP:0xee
clk_drv:0x00,q_drv:0x00,d_drv:0x00,cs0_drv:0x00,hd_drv:0x00,wp_drv:0x00
mode:DIO, clock div:2
load:0x3fff0030,len:7176
load:0x40078000,len:15644
ho 0 tail 12 room 4
load:0x40080400,len:4
load:0x40080404,len:3904
entry 0x40080640
[0;32mI (31) boot: ESP-IDF v5.3.3-dirty 2nd stage bootloader[0m
[0;32mI (31) boot: compile time Aug  7 2025 21:47:29[0m
[0;32mI (31) boot: Multicore bootloader[0m
[0;32mI (36) boot: chip revision: v3.1[0m
[0;32mI (40) boot.esp32: SPI Speed      : 40MHz[0m
[0;32mI (44) boot.esp32: SPI Mode       : DIO[0m
[0;32mI (49) boot.esp32: SPI Flash Size : 2MB[0m
[0;32mI (53) boot: Enabling RNG early entropy source...[0m
[0;32mI (59) boot: Partition Table:[0m
[0;32mI (62) boot: ## Label            Usage          Type ST Offset   Length[0m
[0;32mI (70) boot:  0 nvs              WiFi data        01 02 00009000 00006000[0m
[0;32mI (77) boot:  1 phy_init         RF data          01 01 0000f000 00001000[0m
[0;32mI (85) boot:  2 factory          factory app      00 00 00010000 00100000[0m
[0;32mI (92) boot: End of partition table[0m
[0;32mI (96) esp_image: segment 0: paddr=00010020 vaddr=3f400020 size=1ffa0h (130976) map[0m
[0;32mI (150) esp_image: segment 1: paddr=0002ffc8 vaddr=3ffb0000 size=00050h (    80) load[0m
[0;32mI (150) esp_image: segment 2: paddr=00030020 vaddr=400d0020 size=99698h (628376) map[0m
[0;32mI (371) esp_image: segment 3: paddr=000c96c0 vaddr=3ffb0050 size=04250h ( 16976) load[0m
[0;32mI (377) esp_image: segment 4: paddr=000cd918 vaddr=40080000 size=1a1f0h (106992) load[0m
[0;32mI (432) boot: Loaded app from partition at offset 0x10000[0m
[0;32mI (432) boot: Disabling RNG early entropy source...[0m
[0;32mI (445) cpu_start: Multicore app[0m
[0;32mI (453) cpu_start: Pro cpu start user code[0m
[0;32mI (453) cpu_start: cpu freq: 160000000 Hz[0m
[0;32mI (453) app_init: Application information:[0m
[0;32mI (456) app_init: Project name:     hot_potato[0m
[0;32mI (461) app_init: App version:      v5.3.3-dirty[0m
[0;32mI (467) app_init: Compile time:     Aug 12 2025 21:50:08[0m
[0;32mI (473) app_init: ELF file SHA256:  347669c4c...[0m
[0;32mI (478) app_init: ESP-IDF:          v5.3.3-dirty[0m
[0;32mI (483) efuse_init: Min chip rev:     v0.0[0m
[0;32mI (488) efuse_init: Max chip rev:     v3.99 [0m
[0;32mI (493) efuse_init: Chip rev:         v3.1[0m
[0;32mI (498) heap_init: Initializing. RAM available for dynamic allocation:[0m
[0;32mI (505) heap_init: At 3FFAE6E0 len 00001920 (6 KiB): DRAM[0m
[0;32mI (511) heap_init: At 3FFB8E40 len 000271C0 (156 KiB): DRAM[0m
[0;32mI (517) heap_init: At 3FFE0440 len 00003AE0 (14 KiB): D/IRAM[0m
[0;32mI (523) heap_init: At 3FFE4350 len 0001BCB0 (111 KiB): D/IRAM[0m
[0;32mI (530) heap_init: At 4009A1F0 len 00005E10 (23 KiB): IRAM[0m
[0;32mI (538) spi_flash: detected chip: generic[0m
[0;32mI (541) spi_flash: flash io: dio[0m
[0;33mW (545) spi_flash: Detected size(16384k) larger than the size in the binary image header(2048k). Using the size in the binary image header.[0m
[0;32mI (560) main_task: Started on CPU0[0m
[0;32mI (570) main_task: Calling app_main()[0m
Starting Hot Potato Game
[0;32mI (570) IR_SIMPLE_TEST_OPT: Starting IR Simple Test[0m
[0;32mI (570) IR_SIMPLE_TEST_OPT: MAC: 34:98:7A:B5:97:74[0m
[0;32mI (610) M5GFX: [Autodetect] M5Stack[0m
[0;32mI (780) gpio: GPIO[39]| InputEn: 1| OutputEn: 0| OpenDrain: 0| Pullup: 0| Pulldown: 0| Intr:2 [0m
[0;32mI (780) IR_SIMPLE_TEST_OPT: Button interrupt setup successful[0m
[0;32mI (780) gpio: GPIO[26]| InputEn: 0| OutputEn: 1| OpenDrain: 0| Pullup: 1| Pulldown: 0| Intr:0 [0m
[0;32mI (790) IR_SIMPLE_TEST_OPT: RMT TX initialized[0m
[0;32mI (800) IR_SIMPLE_TEST_OPT: TX prebuilt 0x5A into 10 symbols[0m
[0;32mI (800) CFG: Self MAC = 34:98:7A:B5:97:74[0m
[0;33mW (810) wifi:wifi osi_nvs_open fail ret=4353[0m

[0;33mW (810) wifi_init: Failed to unregister Rx callbacks[0m
[0;31mE (820) wifi_init: Failed to deinit Wi-Fi driver (0x3001)[0m
[0;31mE (830) wifi_init: Failed to deinit Wi-Fi (0x3001)[0m
ESP_ERROR_CHECK failed: esp_err_t 0x1101 (ESP_ERR_NVS_NOT_INITIALIZED) at 0x400da118
file: "/IDF/projects/hot_potato/main/ir_simple_test.cpp" line 97
func: esp_err_t espnow_init_once()
expression: esp_wifi_init(&wic)

abort() was called at PC 0x4008b37b on core 0


Backtrace: 0x40081cd6:0x3ffbaef0 0x4008b385:0x3ffbaf10 0x40093dc5:0x3ffbaf30 0x4008b37b:0x3ffbafa0 0x400da118:0x3ffbafd0 0x400daa8d:0x3ffbb0d0 0x400d9904:0x3ffbb120 0x401674a7:0x3ffbb140 0x4008bf4d:0x3ffbb170




ELF file SHA256: 347669c4c

Rebooting...
ets Jul 29 2019 12:21:46

rst:0xc (SW_CPU_RESET),boot:0x17 (SPI_FAST_FLASH_BOOT)
configsip: 0, SPIWP:0xee
clk_drv:0x00,q_drv:0x00,d_drv:0x00,cs0_drv:0x00,hd_drv:0x00,wp_drv:0x00
mode:DIO, clock div:2
load:0x3fff0030,len:7176
load:0x40078000,len:15644
ho 0 tail 12 room 4
load:0x40080400,len:4
load:0x40080404,len:3904
entry 0x40080640
[0;32mI (31) boot: ESP-IDF v5.3.3-dirty 2nd stage bootloader[0m
[0;32mI (31) boot: compile time Aug  7 2025 21:47:29[0m
[0;32mI (31) boot: Multicore bootloader[0m
[0;32mI (36) boot: chip revision: v3.1[0m
[0;32mI (40) boot.esp32: SPI Speed      : 40MHz[0m
[0;32mI (44) boot.esp32: SPI Mode       : DIO[0m
[0;32mI (49) boot.esp32: SPI Flash Size : 2MB[0m
[0;32mI (53) boot: Enabling RNG early entropy source...[0m
[0;32mI (59) boot: Partition Table:[0m
[0;32mI (62) boot: ## Label            Usage          Type ST Offset   Length[0m
[0;32mI (70) boot:  0 nvs              WiFi data        01 02 00009000 00006000[0m
[0;32mI (77) boot:  1 phy_init         RF data          01 01 0000f000 00001000[0m
[0;32mI (85) boot:  2 factory          factory app      00 00 00010000 00100000[0m
[0;32mI (92) boot: End of partition table[0m
[0;32mI (96) esp_image: segment 0: paddr=00010020 vaddr=3f400020 size=1ffa0h (130976) map[0m
[0;32mI (150) esp_image: segment 1: paddr=0002ffc8 vaddr=3ffb0000 size=00050h (    80) load[0m
[0;32mI (150) esp_image: segment 2: paddr=00030020 vaddr=400d0020 size=99698h (628376) map[0m
[0;32mI (371) esp_image: segment 3: paddr=000c96c0 vaddr=3ffb0050 size=04250h ( 16976) load[0m
[0;32mI (377) esp_image: segment 4: paddr=000cd918 vaddr=40080000 size=1a1f0h (106992) load[0m
[0;32mI (432) boot: Loaded app from partition at offset 0x10000[0m
[0;32mI (432) boot: Disabling RNG early entropy source...[0m
[0;32mI (445) cpu_start: Multicore app[0m
[0;32mI (453) cpu_start: Pro cpu start user code[0m
[0;32mI (453) cpu_start: cpu freq: 160000000 Hz[0m
[0;32mI (453) app_init: Application information:[0m
[0;32mI (456) app_init: Project name:     hot_potato[0m
[0;32mI (461) app_init: App version:      v5.3.3-dirty[0m
[0;32mI (467) app_init: Compile time:     Aug 12 2025 21:50:08[0m
[0;32mI (473) app_init: ELF file SHA256:  347669c4c...[0m
[0;32mI (478) app_init: ESP-IDF:          v5.3.3-dirty[0m
[0;32mI (483) efuse_init: Min chip rev:     v0.0[0m
[0;32mI (488) efuse_init: Max chip rev:     v3.99 [0m
[0;32mI (493) efuse_init: Chip rev:         v3.1[0m
[0;32mI (498) heap_init: Initializing. RAM available for dynamic allocation:[0m
[0;32mI (505) heap_init: At 3FFAE6E0 len 00001920 (6 KiB): DRAM[0m
[0;32mI (511) heap_init: At 3FFB8E40 len 000271C0 (156 KiB): DRAM[0m
[0;32mI (517) heap_init: At 3FFE0440 len 00003AE0 (14 KiB): D/IRAM[0m
[0;32mI (523) heap_init: At 3FFE4350 len 0001BCB0 (111 KiB): D/IRAM[0m
[0;32mI (530) heap_init: At 4009A1F0 len 00005E10 (23 KiB): IRAM[0m
[0;32mI (538) spi_flash: detected chip: generic[0m
[0;32mI (541) spi_flash: flash io: dio[0m
[0;33mW (545) spi_flash: Detected size(16384k) larger than the size in the binary image header(2048k). Using the size in the binary image header.[0m
[0;32mI (560) main_task: Started on CPU0[0m
[0;32mI (570) main_task: Calling app_main()[0m
Starting Hot Potato Game
[0;32mI (570) IR_SIMPLE_TEST_OPT: Starting IR Simple Test[0m
[0;32mI (570) IR_SIMPLE_TEST_OPT: MAC: 34:98:7A:B5:97:74[0m
[0;32mI (610) M5GFX: [Autodetect] M5Stack[0m
[0;32mI (780) gpio: GPIO[39]| InputEn: 1| OutputEn: 0| OpenDrain: 0| Pullup: 0| Pulldown: 0| Intr:2 [0m
[0;32mI (780) IR_SIMPLE_TEST_OPT: Button interrupt setup successful[0m
[0;32mI (780) gpio: GPIO[26]| InputEn: 0| OutputEn: 1| OpenDrain: 0| Pullup: 1| Pulldown: 0| Intr:0 [0m
[0;32mI (790) IR_SIMPLE_TEST_OPT: RMT TX initialized[0m
[0;32mI (800) IR_SIMPLE_TEST_OPT: TX prebuilt 0x5A into 10 symbols[0m
[0;32mI (800) CFG: Self MAC = 34:98:7A:B5:97:74[0m
[0;33mW (810) wifi:wifi osi_nvs_open fail ret=4353[0m

[0;33mW (810) wifi_init: Failed to unregister Rx callbacks[0m
[0;31mE (820) wifi_init: Failed to deinit Wi-Fi driver (0x3001)[0m
[0;31mE (830) wifi_init: Failed to deinit Wi-Fi (0x3001)[0m
ESP_ERROR_CHECK failed: esp_err_t 0x1101 (ESP_ERR_NVS_NOT_INITIALIZED) at 0x400da118
file: "/IDF/projects/hot_potato/main/ir_simple_test.cpp" line 97
func: esp_err_t espnow_init_once()
expression: esp_wifi_init(&wic)

abort() was called at PC 0x4008b37b on core 0


Backtrace: 0x40081cd6:0x3ffbaef0 0x4008b385:0x3ffbaf10 0x40093dc5:0x3ffbaf30 0x4008b37b:0x3ffbafa0 0x400da118:0x3ffbafd0 0x400daa8d:0x3ffbb0d0 0x400d9904:0x3ffbb120 0x401674a7:0x3ffbb140 0x4008bf4d:0x3ffbb170




ELF file SHA256: 347669c4c

Rebooting...
ets Jul 29 2019 12:21:46

rst:0xc (SW_CPU_RESET),boot:0x17 (SPI_FAST_FLASH_BOOT)
configsip: 0, SPIWP:0xee
clk_drv:0x00,q_drv:0x00,d_drv:0x00,cs0_drv:0x00,hd_drv:0x00,wp_drv:0x00
mode:DIO, clock div:2
load:0x3fff0030,len:7176
load:0x40078000,len:15644
ho 0 tail 12 room 4
load:0x40080400,len:4
load:0x40080404,len:3904
entry 0x40080640
[0;32mI (31) boot: ESP-IDF v5.3.3-dirty 2nd stage bootloader[0m
[0;32mI (31) boot: compile time Aug  7 2025 21:47:29[0m
[0;32mI (31) boot: Multicore bootloader[0m
[0;32mI (36) boot: chip revision: v3.1[0m
[0;32mI (40) boot.esp32: SPI Speed      : 40MHz[0m
[0;32mI (44) boot.esp32: SPI Mode       : DIO[0m
[0;32mI (49) boot.esp32: SPI Flash Size : 2MB[0m
[0;32mI (53) boot: Enabling RNG early entropy source...[0m
[0;32mI (59) boot: Partition Table:[0m
[0;32mI (62) boot: ## Label            Usage          Type ST Offset   Length[0m
[0;32mI (70) boot:  0 nvs              WiFi data        01 02 00009000 00006000[0m
[0;32mI (77) boot:  1 phy_init         RF data          01 01 0000f000 00001000[0m
[0;32mI (85) boot:  2 factory          factory app      00 00 00010000 00100000[0m
[0;32mI (92) boot: End of partition table[0m
[0;32mI (96) esp_image: segment 0: paddr=00010020 vaddr=3f400020 size=1ffa0h (130976) map[0m
[0;32mI (150) esp_image: segment 1: paddr=0002ffc8 vaddr=3ffb0000 size=00050h (    80) load[0m
[0;32mI (150) esp_image: segment 2: paddr=00030020 vaddr=400d0020 size=99698h (628376) map[0m
[0;32mI (371) esp_image: segment 3: paddr=000c96c0 vaddr=3ffb0050 size=04250h ( 16976) load[0m
[0;32mI (377) esp_image: segment 4: paddr=000cd918 vaddr=40080000 size=1a1f0h (106992) load[0m
[0;32mI (432) boot: Loaded app from partition at offset 0x10000[0m
[0;32mI (432) boot: Disabling RNG early entropy source...[0m
[0;32mI (445) cpu_start: Multicore app[0m
[0;32mI (453) cpu_start: Pro cpu start user code[0m
[0;32mI (453) cpu_start: cpu freq: 160000000 Hz[0m
[0;32mI (453) app_init: Application information:[0m
[0;32mI (456) app_init: Project name:     hot_potato[0m
[0;32mI (461) app_init: App version:      v5.3.3-dirty[0m
[0;32mI (467) app_init: Compile time:     Aug 12 2025 21:50:08[0m
[0;32mI (473) app_init: ELF file SHA256:  347669c4c...[0m
[0;32mI (478) app_init: ESP-IDF:          v5.3.3-dirty[0m
[0;32mI (483) efuse_init: Min chip rev:     v0.0[0m
[0;32mI (488) efuse_init: Max chip rev:     v3.99 [0m
[0;32mI (493) efuse_init: Chip rev:         v3.1[0m
[0;32mI (498) heap_init: Initializing. RAM available for dynamic allocation:[0m
[0;32mI (505) heap_init: At 3FFAE6E0 len 00001920 (6 KiB): DRAM[0m
[0;32mI (511) heap_init: At 3FFB8E40 len 000271C0 (156 KiB): DRAM[0m
[0;32mI (517) heap_init: At 3FFE0440 len 00003AE0 (14 KiB): D/IRAM[0m
[0;32mI (523) heap_init: At 3FFE4350 len 0001BCB0 (111 KiB): D/IRAM[0m
[0;32mI (530) heap_init: At 4009A1F0 len 00005E10 (23 KiB): IRAM[0m
[0;32mI (538) spi_flash: detected chip: generic[0m
[0;32mI (541) spi_flash: flash io: dio[0m
[0;33mW (545) spi_flash: Detected size(16384k) larger than the size in the binary image header(2048k). Using the size in the binary image header.[0m
[0;32mI (560) main_task: Started on CPU0[0m
[0;32mI (570) main_task: Calling app_main()[0m
Starting Hot Potato Game
[0;32mI (570) IR_SIMPLE_TEST_OPT: Starting IR Simple Test[0m
[0;32mI (570) IR_SIMPLE_TEST_OPT: MAC: 34:98:7A:B5:97:74[0m
[0;32mI (610) M5GFX: [Autodetect] M5Stack[0m
[0;32mI (780) gpio: GPIO[39]| InputEn: 1| OutputEn: 0| OpenDrain: 0| Pullup: 0| Pulldown: 0| Intr:2 [0m
[0;32mI (780) IR_SIMPLE_TEST_OPT: Button interrupt setup successful[0m
[0;32mI (780) gpio: GPIO[26]| InputEn: 0| OutputEn: 1| OpenDrain: 0| Pullup: 1| Pulldown: 0| Intr:0 [0m
[0;32mI (790) IR_SIMPLE_TEST_OPT: RMT TX initialized[0m
[0;32mI (800) IR_SIMPLE_TEST_OPT: TX prebuilt 0x5A into 10 symbols[0m
[0;32mI (800) CFG: Self MAC = 34:98:7A:B5:97:74[0m
[0;33mW (810) wifi:wifi osi_nvs_open fail ret=4353[0m

[0;33mW (810) wifi_init: Failed to unregister Rx callbacks[0m
[0;31mE (820) wifi_init: Failed to deinit Wi-Fi driver (0x3001)[0m
[0;31mE (830) wifi_init: Failed to deinit Wi-Fi (0x3001)[0m
ESP_ERROR_CHECK failed: esp_err_t 0x1101 (ESP_ERR_NVS_NOT_INITIALIZED) at 0x400da118
file: "/IDF/projects/hot_potato/main/ir_simple_test.cpp" line 97
func: esp_err_t espnow_init_once()
expression: esp_wifi_init(&wic)

abort() was called at PC 0x4008b37b on core 0


Backtrace: 0x40081cd6:0x3ffbaef0 0x4008b385:0x3ffbaf10 0x40093dc5:0x3ffbaf30 0x4008b37b:0x3ffbafa0 0x400da118:0x3ffbafd0 0x400daa8d:0x3ffbb0d0 0x400d9904:0x3ffbb120 0x401674a7:0x3ffbb140 0x4008bf4d:0x3ffbb170




ELF file SHA256: 347669c4c

Rebooting...
ets Jul 29 2019 12:21:46

rst:0xc (SW_CPU_RESET),boot:0x17 (SPI_FAST_FLASH_BOOT)
configsip: 0, SPIWP:0xee
clk_drv:0x00,q_drv:0x00,d_drv:0x00,cs0_drv:0x00,hd_drv:0x00,wp_drv:0x00
mode:DIO, clock div:2
load:0x3fff0030,len:7176
load:0x40078000,len:15644
ho 0 tail 12 room 4
load:0x40080400,len:4
load:0x40080404,len:3904
entry 0x40080640
[0;32mI (31) boot: ESP-IDF v5.3.3-dirty 2nd stage bootloader[0m
[0;32mI (31) boot: compile time Aug  7 2025 21:47:29[0m
[0;32mI (31) boot: Multicore bootloader[0m
[0;32mI (36) boot: chip revision: v3.1[0m
[0;32mI (40) boot.esp32: SPI Speed      : 40MHz[0m
[0;32mI (44) boot.esp32: SPI Mode       : DIO[0m
[0;32mI (49) boot.esp32: SPI Flash Size : 2MB[0m
[0;32mI (53) boot: Enabling RNG early entropy source...[0m
[0;32mI (59) boot: Partition Table:[0m
[0;32mI (62) boot: ## Label            Usage          Type ST Offset   Length[0m
[0;32mI (70) boot:  0 nvs              WiFi data        01 02 00009000 00006000[0m
[0;32mI (77) boot:  1 phy_init         RF data          01 01 0000f000 00001000[0m
[0;32mI (85) boot:  2 factory          factory app      00 00 00010000 00100000[0m
[0;32mI (92) boot: End of partition table[0m
[0;32mI (96) esp_image: segment 0: paddr=00010020 vaddr=3f400020 size=1ffa0h (130976) map[0m
[0;32mI (150) esp_image: segment 1: paddr=0002ffc8 vaddr=3ffb0000 size=00050h (    80) load[0m
[0;32mI (150) esp_image: segment 2: paddr=00030020 vaddr=400d0020 size=99698h (628376) map[0m
[0;32mI (371) esp_image: segment 3: paddr=000c96c0 vaddr=3ffb0050 size=04250h ( 16976) load[0m
[0;32mI (377) esp_image: segment 4: paddr=000cd918 vaddr=40080000 size=1a1f0h (106992) load[0m
[0;32mI (432) boot: Loaded app from partition at offset 0x10000[0m
[0;32mI (432) boot: Disabling RNG early entropy source...[0m
[0;32mI (445) cpu_start: Multicore app[0m
[0;32mI (453) cpu_start: Pro cpu start user code[0m
[0;32mI (453) cpu_start: cpu freq: 160000000 Hz[0m
[0;32mI (453) app_init: Application information:[0m
[0;32mI (456) app_init: Project name:     hot_potato[0m
[0;32mI (461) app_init: App version:      v5.3.3-dirty[0m
[0;32mI (467) app_init: Compile time:     Aug 12 2025 21:50:08[0m
[0;32mI (473) app_init: ELF file SHA256:  347669c4c...[0m
[0;32mI (478) app_init: ESP-IDF:          v5.3.3-dirty[0m
[0;32mI (483) efuse_init: Min chip rev:     v0.0[0m
[0;32mI (488) efuse_init: Max chip rev:     v3.99 [0m
[0;32mI (493) efuse_init: Chip rev:         v3.1[0m
[0;32mI (498) heap_init: Initializing. RAM available for dynamic allocation:[0m
[0;32mI (505) heap_init: At 3FFAE6E0 len 00001920 (6 KiB): DRAM[0m
[0;32mI (511) heap_init: At 3FFB8E40 len 000271C0 (156 KiB): DRAM[0m
[0;32mI (517) heap_init: At 3FFE0440 len 00003AE0 (14 KiB): D/IRAM[0m
[0;32mI (523) heap_init: At 3FFE4350 len 0001BCB0 (111 KiB): D/IRAM[0m
[0;32mI (530) heap_init: At 4009A1F0 len 00005E10 (23 KiB): IRAM[0m
[0;32mI (538) spi_flash: detected chip: generic[0m
[0;32mI (541) spi_flash: flash io: dio[0m
[0;33mW (545) spi_flash: Detected size(16384k) larger than the size in the binary image header(2048k). Using the size in the binary image header.[0m
[0;32mI (560) main_task: Started on CPU0[0m
[0;32mI (570) main_task: Calling app_main()[0m
Starting Hot Potato Game
[0;32mI (570) IR_SIMPLE_TEST_OPT: Starting IR Simple Test[0m
[0;32mI (570) IR_SIMPLE_TEST_OPT: MAC: 34:98:7A:B5:97:74[0m
[0;32mI (610) M5GFX: [Autodetect] M5Stack[0m
[0;32mI (780) gpio: GPIO[39]| InputEn: 1| OutputEn: 0| OpenDrain: 0| Pullup: 0| Pulldown: 0| Intr:2 [0m
[0;32mI (780) IR_SIMPLE_TEST_OPT: Button interrupt setup successful[0m
[0;32mI (780) gpio: GPIO[26]| InputEn: 0| OutputEn: 1| OpenDrain: 0| Pullup: 1| Pulldown: 0| Intr:0 [0m
[0;32mI (790) IR_SIMPLE_TEST_OPT: RMT TX initialized[0m
[0;32mI (800) IR_SIMPLE_TEST_OPT: TX prebuilt 0x5A into 10 symbols[0m
[0;32mI (800) CFG: Self MAC = 34:98:7A:B5:97:74[0m
[0;33mW (810) wifi:wifi osi_nvs_open fail ret=4353[0m

[0;33mW (810) wifi_init: Failed to unregister Rx callbacks[0m
[0;31mE (820) wifi_init: Failed to deinit Wi-Fi driver (0x3001)[0m
[0;31mE (830) wifi_init: Failed to deinit Wi-Fi (0x3001)[0m
ESP_ERROR_CHECK failed: esp_err_t 0x1101 (ESP_ERR_NVS_NOT_INITIALIZED) at 0x400da118
file: "/IDF/projects/hot_potato/main/ir_simple_test.cpp" line 97
func: esp_err_t espnow_init_once()
expression: esp_wifi_init(&wic)

abort() was called at PC 0x4008b37b on core 0


Backtrace: 0x40081cd6:0x3ffbaef0 0x4008b385:0x3ffbaf10 0x40093dc5:0x3ffbaf30 0x4008b37b:0x3ffbafa0 0x400da118:0x3ffbafd0 0x400daa8d:0x3ffbb0d0 0x400d9904:0x3ffbb120 0x401674a7:0x3ffbb140 0x4008bf4d:0x3ffbb170




ELF file SHA256: 347669c4c

Rebooting...
ets Jul 29 2019 12:21:46

rst:0xc (SW_CPU_RESET),boot:0x17 (SPI_FAST_FLASH_BOOT)
configsip: 0, SPIWP:0xee
clk_drv:0x00,q_drv:0x00,d_drv:0x00,cs0_drv:0x00,hd_drv:0x00,wp_drv:0x00
mode:DIO, clock div:2
load:0x3fff0030,len:7176
load:0x40078000,len:15644
ho 0 tail 12 room 4
load:0x40080400,len:4
load:0x40080404,len:3904
entry 0x40080640
[0;32mI (31) boot: ESP-IDF v5.3.3-dirty 2nd stage bootloader[0m
[0;32mI (31) boot: compile time Aug  7 2025 21:47:29[0m
[0;32mI (31) boot: Multicore bootloader[0m
[0;32mI (36) boot: chip revision: v3.1[0m
[0;32mI (40) boot.esp32: SPI Speed      : 40MHz[0m
[0;32mI (44) boot.esp32: SPI Mode       : DIO[0m
[0;32mI (49) boot.esp32: SPI Flash Size : 2MB[0m
[0;32mI (53) boot: Enabling RNG early entropy source...[0m
[0;32mI (59) boot: Partition Table:[0m
[0;32mI (62) boot: ## Label            Usage          Type ST Offset   Length[0m
[0;32mI (70) boot:  0 nvs              WiFi data        01 02 00009000 00006000[0m
[0;32mI (77) boot:  1 phy_init         RF data          01 01 0000f000 00001000[0m
[0;32mI (85) boot:  2 factory          factory app      00 00 00010000 00100000[0m
[0;32mI (92) boot: End of partition table[0m
[0;32mI (96) esp_image: segment 0: paddr=00010020 vaddr=3f400020 size=1ffa0h (130976) map[0m
[0;32mI (150) esp_image: segment 1: paddr=0002ffc8 vaddr=3ffb0000 size=00050h (    80) load[0m
[0;32mI (150) esp_image: segment 2: paddr=00030020 vaddr=400d0020 size=99698h (628376) map[0m
[0;32mI (371) esp_image: segment 3: paddr=000c96c0 vaddr=3ffb0050 size=04250h ( 16976) load[0m
[0;32mI (377) esp_image: segment 4: paddr=000cd918 vaddr=40080000 size=1a1f0h (106992) load[0m
[0;32mI (432) boot: Loaded app from partition at offset 0x10000[0m
[0;32mI (432) boot: Disabling RNG early entropy source...[0m
[0;32mI (445) cpu_start: Multicore app[0m
[0;32mI (453) cpu_start: Pro cpu start user code[0m
[0;32mI (453) cpu_start: cpu freq: 160000000 Hz[0m
[0;32mI (453) app_init: Application information:[0m
[0;32mI (456) app_init: Project name:     hot_potato[0m
[0;32mI (461) app_init: App version:      v5.3.3-dirty[0m
[0;32mI (467) app_init: Compile time:     Aug 12 2025 21:50:08[0m
[0;32mI (473) app_init: ELF file SHA256:  347669c4c...[0m
[0;32mI (478) app_init: ESP-IDF:          v5.3.3-dirty[0m
[0;32mI (483) efuse_init: Min chip rev:     v0.0[0m
[0;32mI (488) efuse_init: Max chip rev:     v3.99 [0m
[0;32mI (493) efuse_init: Chip rev:         v3.1[0m
[0;32mI (498) heap_init: Initializing. RAM available for dynamic allocation:[0m
[0;32mI (505) heap_init: At 3FFAE6E0 len 00001920 (6 KiB): DRAM[0m
[0;32mI (511) heap_init: At 3FFB8E40 len 000271C0 (156 KiB): DRAM[0m
[0;32mI (517) heap_init: At 3FFE0440 len 00003AE0 (14 KiB): D/IRAM[0m
[0;32mI (523) heap_init: At 3FFE4350 len 0001BCB0 (111 KiB): D/IRAM[0m
[0;32mI (530) heap_init: At 4009A1F0 len 00005E10 (23 KiB): IRAM[0m
[0;32mI (538) spi_flash: detected chip: generic[0m
[0;32mI (541) spi_flash: flash io: dio[0m
[0;33mW (545) spi_flash: Detected size(16384k) larger than the size in the binary image header(2048k). Using the size in the binary image header.[0m
[0;32mI (560) main_task: Started on CPU0[0m
[0;32mI (570) main_task: Calling app_main()[0m
Starting Hot Potato Game
[0;32mI (570) IR_SIMPLE_TEST_OPT: Starting IR Simple Test[0m
[0;32mI (570) IR_SIMPLE_TEST_OPT: MAC: 34:98:7A:B5:97:74[0m
[0;32mI (610) M5GFX: [Autodetect] M5Stack[0m
[0;32mI (780) gpio: GPIO[39]| InputEn: 1| OutputEn: 0| OpenDrain: 0| Pullup: 0| Pulldown: 0| Intr:2 [0m
[0;32mI (780) IR_SIMPLE_TEST_OPT: Button interrupt setup successful[0m
[0;32mI (780) gpio: GPIO[26]| InputEn: 0| OutputEn: 1| OpenDrain: 0| Pullup: 1| Pulldown: 0| Intr:0 [0m
[0;32mI (790) IR_SIMPLE_TEST_OPT: RMT TX initialized[0m
[0;32mI (800) IR_SIMPLE_TEST_OPT: TX prebuilt 0x5A into 10 symbols[0m
[0;32mI (800) CFG: Self MAC = 34:98:7A:B5:97:74[0m
[0;33mW (810) wifi:wifi osi_nvs_open fail ret=4353[0m

[0;33mW (810) wifi_init: Failed to unregister Rx callbacks[0m
[0;31mE (820) wifi_init: Failed to deinit Wi-Fi driver (0x3001)[0m
[0;31mE (830) wifi_init: Failed to deinit Wi-Fi (0x3001)[0m
ESP_ERROR_CHECK failed: esp_err_t 0x1101 (ESP_ERR_NVS_NOT_INITIALIZED) at 0x400da118
file: "/IDF/projects/hot_potato/main/ir_simple_test.cpp" line 97
func: esp_err_t espnow_init_once()
expression: esp_wifi_init(&wic)

abort() was called at PC 0x4008b37b on core 0


Backtrace: 0x40081cd6:0x3ffbaef0 0x4008b385:0x3ffbaf10 0x40093dc5:0x3ffbaf30 0x4008b37b:0x3ffbafa0 0x400da118:0x3ffbafd0 0x400daa8d:0x3ffbb0d0 0x400d9904:0x3ffbb120 0x401674a7:0x3ffbb140 0x4008bf4d:0x3ffbb170




ELF file SHA256: 347669c4c

Rebooting...
ets Jul 29 2019 12:21:46

rst:0xc (SW_CPU_RESET),boot:0x17 (SPI_FAST_FLASH_BOOT)
configsip: 0, SPIWP:0xee
clk_drv:0x00,q_drv:0x00,d_drv:0x00,cs0_drv:0x00,hd_drv:0x00,wp_drv:0x00
mode:DIO, clock div:2
load:0x3fff0030,len:7176
load:0x40078000,len:15644
ho 0 tail 12 room 4
load:0x40080400,len:4
load:0x40080404,len:3904
entry 0x40080640
[0;32mI (31) boot: ESP-IDF v5.3.3-dirty 2nd stage bootloader[0m
[0;32mI (31) boot: compile time Aug  7 2025 21:47:29[0m
[0;32mI (31) boot: Multicore bootloader[0m
[0;32mI (36) boot: chip revision: v3.1[0m
[0;32mI (40) boot.esp32: SPI Speed      : 40MHz[0m
[0;32mI (44) boot.esp32: SPI Mode       : DIO[0m
[0;32mI (49) boot.esp32: SPI Flash Size : 2MB[0m
[0;32mI (53) boot: Enabling RNG early entropy source...[0m
[0;32mI (59) boot: Partition Table:[0m
[0;32mI (62) boot: ## Label            Usage          Type ST Offset   Length[0m
[0;32mI (70) boot:  0 nvs              WiFi data        01 02 00009000 00006000[0m
[0;32mI (77) boot:  1 phy_init         RF data          01 01 0000f000 00001000[0m
[0;32mI (85) boot:  2 factory          factory app      00 00 00010000 00100000[0m
[0;32mI (92) boot: End of partition table[0m
[0;32mI (96) esp_image: segment 0: paddr=00010020 vaddr=3f400020 size=1ffa0h (130976) map[0m
[0;32mI (150) esp_image: segment 1: paddr=0002ffc8 vaddr=3ffb0000 size=00050h (    80) load[0m
[0;32mI (150) esp_image: segment 2: paddr=00030020 vaddr=400d0020 size=99698h (628376) map[0m
[0;32mI (371) esp_image: segment 3: paddr=000c96c0 vaddr=3ffb0050 size=04250h ( 16976) load[0m
[0;32mI (377) esp_image: segment 4: paddr=000cd918 vaddr=40080000 size=1a1f0h (106992) load[0m
[0;32mI (432) boot: Loaded app from partition at offset 0x10000[0m
[0;32mI (432) boot: Disabling RNG early entropy source...[0m
[0;32mI (445) cpu_start: Multicore app[0m
[0;32mI (453) cpu_start: Pro cpu start user code[0m
[0;32mI (453) cpu_start: cpu freq: 160000000 Hz[0m
[0;32mI (453) app_init: Application information:[0m
[0;32mI (456) app_init: Project name:     hot_potato[0m
[0;32mI (461) app_init: App version:      v5.3.3-dirty[0m
[0;32mI (467) app_init: Compile time:     Aug 12 2025 21:50:08[0m
[0;32mI (473) app_init: ELF file SHA256:  347669c4c...[0m
[0;32mI (478) app_init: ESP-IDF:          v5.3.3-dirty[0m
[0;32mI (483) efuse_init: Min chip rev:     v0.0[0m
[0;32mI (488) efuse_init: Max chip rev:     v3.99 [0m
[0;32mI (493) efuse_init: Chip rev:         v3.1[0m
[0;32mI (498) heap_init: Initializing. RAM available for dynamic allocation:[0m
[0;32mI (505) heap_init: At 3FFAE6E0 len 00001920 (6 KiB): DRAM[0m
[0;32mI (511) heap_init: At 3FFB8E40 len 000271C0 (156 KiB): DRAM[0m
[0;32mI (517) heap_init: At 3FFE0440 len 00003AE0 (14 KiB): D/IRAM[0m
[0;32mI (523) heap_init: At 3FFE4350 len 0001BCB0 (111 KiB): D/IRAM[0m
[0;32mI (530) heap_init: At 4009A1F0 len 00005E10 (23 KiB): IRAM[0m
[0;32mI (538) spi_flash: detected chip: generic[0m
[0;32mI (541) spi_flash: flash io: dio[0m
[0;33mW (545) spi_flash: Detected size(16384k) larger than the size in the binary image header(2048k). Using the size in the binary image header.[0m
[0;32mI (560) main_task: Started on CPU0[0m
[0;32mI (570) main_task: Calling app_main()[0m
Starting Hot Potato Game
[0;32mI (570) IR_SIMPLE_TEST_OPT: Starting IR Simple Test[0m
[0;32mI (570) IR_SIMPLE_TEST_OPT: MAC: 34:98:7A:B5:97:74[0m
[0;32mI (610) M5GFX: [Autodetect] M5Stack[0m
[0;32mI (780) gpio: GPIO[39]| InputEn: 1| OutputEn: 0| OpenDrain: 0| Pullup: 0| Pulldown: 0| Intr:2 [0m
[0;32mI (780) IR_SIMPLE_TEST_OPT: Button interrupt setup successful[0m
[0;32mI (780) gpio: GPIO[26]| InputEn: 0| OutputEn: 1| OpenDrain: 0| Pullup: 1| Pulldown: 0| Intr:0 [0m
[0;32mI (790) IR_SIMPLE_TEST_OPT: RMT TX initialized[0m
[0;32mI (800) IR_SIMPLE_TEST_OPT: TX prebuilt 0x5A into 10 symbols[0m
[0;32mI (800) CFG: Self MAC = 34:98:7A:B5:97:74[0m
[0;33mW (810) wifi:wifi osi_nvs_open fail ret=4353[0m

[0;33mW (810) wifi_init: Failed to unregister Rx callbacks[0m
[0;31mE (820) wifi_init: Failed to deinit Wi-Fi driver (0x3001)[0m
[0;31mE (830) wifi_init: Failed to deinit Wi-Fi (0x3001)[0m
ESP_ERROR_CHECK failed: esp_err_t 0x1101 (ESP_ERR_NVS_NOT_INITIALIZED) at 0x400da118
file: "/IDF/projects/hot_potato/main/ir_simple_test.cpp" line 97
func: esp_err_t espnow_init_once()
expression: esp_wifi_init(&wic)

abort() was called at PC 0x4008b37b on core 0


Backtrace: 0x40081cd6:0x3ffbaef0 0x4008b385:0x3ffbaf10 0x40093dc5:0x3ffbaf30 0x4008b37b:0x3ffbafa0 0x400da118:0x3ffbafd0 0x400daa8d:0x3ffbb0d0 0x400d9904:0x3ffbb120 0x401674a7:0x3ffbb140 0x4008bf4d:0x3ffbb170




ELF file SHA256: 347669c4c

Rebooting...
ets Jul 29 2019 12:21:46

rst:0xc (SW_CPU_RESET),boot:0x17 (SPI_FAST_FLASH_BOOT)
configsip: 0, SPIWP:0xee
clk_drv:0x00,q_drv:0x00,d_drv:0x00,cs0_drv:0x00,hd_drv:0x00,wp_drv:0x00
mode:DIO, clock div:2
load:0x3fff0030,len:7176
load:0x40078000,len:15644
ho 0 tail 12 room 4
load:0x40080400,len:4
load:0x40080404,len:3904
entry 0x40080640
[0;32mI (31) boot: ESP-IDF v5.3.3-dirty 2nd stage bootloader[0m
[0;32mI (31) boot: compile time Aug  7 2025 21:47:29[0m
[0;32mI (31) boot: Multicore bootloader[0m
[0;32mI (36) boot: chip revision: v3.1[0m
[0;32mI (40) boot.esp32: SPI Speed      : 40MHz[0m
[0;32mI (44) boot.esp32: SPI Mode       : DIO[0m
[0;32mI (49) boot.esp32: SPI Flash Size : 2MB[0m
[0;32mI (53) boot: Enabling RNG early entropy source...[0m
[0;32mI (59) boot: Partition Table:[0m
[0;32mI (62) boot: ## Label            Usage          Type ST Offset   Length[0m
[0;32mI (70) boot:  0 nvs              WiFi data        01 02 00009000 00006000[0m
[0;32mI (77) boot:  1 phy_init         RF data          01 01 0000f000 00001000[0m
[0;32mI (85) boot:  2 factory          factory app      00 00 00010000 00100000[0m
[0;32mI (92) boot: End of partition table[0m
[0;32mI (96) esp_image: segment 0: paddr=00010020 vaddr=3f400020 size=1ffa0h (130976) map[0m
[0;32mI (150) esp_image: segment 1: paddr=0002ffc8 vaddr=3ffb0000 size=00050h (    80) load[0m
[0;32mI (150) esp_image: segment 2: paddr=00030020 vaddr=400d0020 size=99698h (628376) map[0m
[0;32mI (371) esp_image: segment 3: paddr=000c96c0 vaddr=3ffb0050 size=04250h ( 16976) load[0m
[0;32mI (377) esp_image: segment 4: paddr=000cd918 vaddr=40080000 size=1a1f0h (106992) load[0m
[0;32mI (432) boot: Loaded app from partition at offset 0x10000[0m
[0;32mI (432) boot: Disabling RNG early entropy source...[0m
[0;32mI (445) cpu_start: Multicore app[0m
[0;32mI (453) cpu_start: Pro cpu start user code[0m
[0;32mI (453) cpu_start: cpu freq: 160000000 Hz[0m
[0;32mI (453) app_init: Application information:[0m
[0;32mI (456) app_init: Project name:     hot_potato[0m
[0;32mI (461) app_init: App version:      v5.3.3-dirty[0m
[0;32mI (467) app_init: Compile time:     Aug 12 2025 21:50:08[0m
[0;32mI (473) app_init: ELF file SHA256:  347669c4c...[0m
[0;32mI (478) app_init: ESP-IDF:          v5.3.3-dirty[0m
[0;32mI (483) efuse_init: Min chip rev:     v0.0[0m
[0;32mI (488) efuse_init: Max chip rev:     v3.99 [0m
[0;32mI (493) efuse_init: Chip rev:         v3.1[0m
[0;32mI (498) heap_init: Initializing. RAM available for dynamic allocation:[0m
[0;32mI (505) heap_init: At 3FFAE6E0 len 00001920 (6 KiB): DRAM[0m
[0;32mI (511) heap_init: At 3FFB8E40 len 000271C0 (156 KiB): DRAM[0m
[0;32mI (517) heap_init: At 3FFE0440 len 00003AE0 (14 KiB): D/IRAM[0m
[0;32mI (523) heap_init: At 3FFE4350 len 0001BCB0 (111 KiB): D/IRAM[0m
[0;32mI (530) heap_init: At 4009A1F0 len 00005E10 (23 KiB): IRAM[0m
[0;32mI (538) spi_flash: detected chip: generic[0m
[0;32mI (541) spi_flash: flash io: dio[0m
[0;33mW (545) spi_flash: Detected size(16384k) larger than the size in the binary image header(2048k). Using the size in the binary image header.[0m
[0;32mI (560) main_task: Started on CPU0[0m
[0;32mI (570) main_task: Calling app_main()[0m
Starting Hot Potato Game
[0;32mI (570) IR_SIMPLE_TEST_OPT: Starting IR Simple Test[0m
[0;32mI (570) IR_SIMPLE_TEST_OPT: MAC: 34:98:7A:B5:97:74[0m
[0;32mI (610) M5GFX: [Autodetect] M5Stack[0m
[0;32mI (780) gpio: GPIO[39]| InputEn: 1| OutputEn: 0| OpenDrain: 0| Pullup: 0| Pulldown: 0| Intr:2 [0m
[0;32mI (780) IR_SIMPLE_TEST_OPT: Button interrupt setup successful[0m
[0;32mI (780) gpio: GPIO[26]| InputEn: 0| OutputEn: 1| OpenDrain: 0| Pullup: 1| Pulldown: 0| Intr:0 [0m
[0;32mI (790) IR_SIMPLE_TEST_OPT: RMT TX initialized[0m
[0;32mI (800) IR_SIMPLE_TEST_OPT: TX prebuilt 0x5A into 10 symbols[0m
[0;32mI (800) CFG: Self MAC = 34:98:7A:B5:97:74[0m
[0;33mW (810) wifi:wifi osi_nvs_open fail ret=4353[0m

[0;33mW (810) wifi_init: Failed to unregister Rx callbacks[0m
[0;31mE (820) wifi_init: Failed to deinit Wi-Fi driver (0x3001)[0m
[0;31mE (830) wifi_init: Failed to deinit Wi-Fi (0x3001)[0m
ESP_ERROR_CHECK failed: esp_err_t 0x1101 (ESP_ERR_NVS_NOT_INITIALIZED) at 0x400da118
file: "/IDF/projects/hot_potato/main/ir_simple_test.cpp" line 97
func: esp_err_t espnow_init_once()
expression: esp_wifi_init(&wic)

abort() was called at PC 0x4008b37b on core 0


Backtrace: 0x40081cd6:0x3ffbaef0 0x4008b385:0x3ffbaf10 0x40093dc5:0x3ffbaf30 0x4008b37b:0x3ffbafa0 0x400da118:0x3ffbafd0 0x400daa8d:0x3ffbb0d0 0x400d9904:0x3ffbb120 0x401674a7:0x3ffbb140 0x4008bf4d:0x3ffbb170




ELF file SHA256: 347669c4c

Rebooting...
ets Jul 29 2019 12:21:46

rst:0xc (SW_CPU_RESET),boot:0x17 (SPI_FAST_FLASH_BOOT)
configsip: 0, SPIWP:0xee
clk_drv:0x00,q_drv:0x00,d_drv:0x00,cs0_drv:0x00,hd_drv:0x00,wp_drv:0x00
mode:DIO, clock div:2
load:0x3fff0030,len:7176
load:0x40078000,len:15644
ho 0 tail 12 room 4
load:0x40080400,len:4
load:0x40080404,len:3904
entry 0x40080640
[0;32mI (31) boot: ESP-IDF v5.3.3-dirty 2nd stage bootloader[0m
[0;32mI (31) boot: compile time Aug  7 2025 21:47:29[0m
[0;32mI (31) boot: Multicore bootloader[0m
[0;32mI (36) boot: chip revision: v3.1[0m
[0;32mI (40) boot.esp32: SPI Speed      : 40MHz[0m
[0;32mI (44) boot.esp32: SPI Mode       : DIO[0m
[0;32mI (49) boot.esp32: SPI Flash Size : 2MB[0m
[0;32mI (53) boot: Enabling RNG early entropy source...[0m
[0;32mI (59) boot: Partition Table:[0m
[0;32mI (62) boot: ## Label            Usage          Type ST Offset   Length[0m
[0;32mI (70) boot:  0 nvs              WiFi data        01 02 00009000 00006000[0m
[0;32mI (77) boot:  1 phy_init         RF data          01 01 0000f000 00001000[0m
[0;32mI (85) boot:  2 factory          factory app      00 00 00010000 00100000[0m
[0;32mI (92) boot: End of partition table[0m
[0;32mI (96) esp_image: segment 0: paddr=00010020 vaddr=3f400020 size=1ffa0h (130976) map[0m
[0;32mI (150) esp_image: segment 1: paddr=0002ffc8 vaddr=3ffb0000 size=00050h (    80) load[0m
[0;32mI (150) esp_image: segment 2: paddr=00030020 vaddr=400d0020 size=99698h (628376) map[0m
[0;32mI (371) esp_image: segment 3: paddr=000c96c0 vaddr=3ffb0050 size=04250h ( 16976) load[0m
[0;32mI (377) esp_image: segment 4: paddr=000cd918 vaddr=40080000 size=1a1f0h (106992) load[0m
[0;32mI (432) boot: Loaded app from partition at offset 0x10000[0m
[0;32mI (432) boot: Disabling RNG early entropy source...[0m
[0;32mI (445) cpu_start: Multicore app[0m
[0;32mI (453) cpu_start: Pro cpu start user code[0m
[0;32mI (453) cpu_start: cpu freq: 160000000 Hz[0m
[0;32mI (453) app_init: Application information:[0m
[0;32mI (456) app_init: Project name:     hot_potato[0m
[0;32mI (461) app_init: App version:      v5.3.3-dirty[0m
[0;32mI (467) app_init: Compile time:     Aug 12 2025 21:50:08[0m
[0;32mI (473) app_init: ELF file SHA256:  347669c4c...[0m
[0;32mI (478) app_init: ESP-IDF:          v5.3.3-dirty[0m
[0;32mI (483) efuse_init: Min chip rev:     v0.0[0m
[0;32mI (488) efuse_init: Max chip rev:     v3.99 [0m
[0;32mI (493) efuse_init: Chip rev:         v3.1[0m
[0;32mI (498) heap_init: Initializing. RAM available for dynamic allocation:[0m
[0;32mI (505) heap_init: At 3FFAE6E0 len 00001920 (6 KiB): DRAM[0m
[0;32mI (511) heap_init: At 3FFB8E40 len 000271C0 (156 KiB): DRAM[0m
[0;32mI (517) heap_init: At 3FFE0440 len 00003AE0 (14 KiB): D/IRAM[0m
[0;32mI (523) heap_init: At 3FFE4350 len 0001BCB0 (111 KiB): D/IRAM[0m
[0;32mI (530) heap_init: At 4009A1F0 len 00005E10 (23 KiB): IRAM[0m
[0;32mI (538) spi_flash: detected chip: generic[0m
[0;32mI (541) spi_flash: flash io: dio[0m
[0;33mW (545) spi_flash: Detected size(16384k) larger than the size in the binary image header(2048k). Using the size in the binary image header.[0m
[0;32mI (560) main_task: Started on CPU0[0m
[0;32mI (570) main_task: Calling app_main()[0m
Starting Hot Potato Game
[0;32mI (570) IR_SIMPLE_TEST_OPT: Starting IR Simple Test[0m
[0;32mI (570) IR_SIMPLE_TEST_OPT: MAC: 34:98:7A:B5:97:74[0m
[0;32mI (610) M5GFX: [Autodetect] M5Stack[0m
[0;32mI (780) gpio: GPIO[39]| InputEn: 1| OutputEn: 0| OpenDrain: 0| Pullup: 0| Pulldown: 0| Intr:2 [0m
[0;32mI (780) IR_SIMPLE_TEST_OPT: Button interrupt setup successful[0m
[0;32mI (780) gpio: GPIO[26]| InputEn: 0| OutputEn: 1| OpenDrain: 0| Pullup: 1| Pulldown: 0| Intr:0 [0m
[0;32mI (790) IR_SIMPLE_TEST_OPT: RMT TX initialized[0m
[0;32mI (800) IR_SIMPLE_TEST_OPT: TX prebuilt 0x5A into 10 symbols[0m
[0;32mI (800) CFG: Self MAC = 34:98:7A:B5:97:74[0m
[0;33mW (810) wifi:wifi osi_nvs_open fail ret=4353[0m

[0;33mW (810) wifi_init: Failed to unregister Rx callbacks[0m
[0;31mE (820) wifi_init: Failed to deinit Wi-Fi driver (0x3001)[0m
[0;31mE (830) wifi_init: Failed to deinit Wi-Fi (0x3001)[0m
ESP_ERROR_CHECK failed: esp_err_t 0x1101 (ESP_ERR_NVS_NOT_INITIALIZED) at 0x400da118
file: "/IDF/projects/hot_potato/main/ir_simple_test.cpp" line 97
func: esp_err_t espnow_init_once()
expression: esp_wifi_init(&wic)

abort() was called at PC 0x4008b37b on core 0


Backtrace: 0x40081cd6:0x3ffbaef0 0x4008b385:0x3ffbaf10 0x40093dc5:0x3ffbaf30 0x4008b37b:0x3ffbafa0 0x400da118:0x3ffbafd0 0x400daa8d:0x3ffbb0d0 0x400d9904:0x3ffbb120 0x401674a7:0x3ffbb140 0x4008bf4d:0x3ffbb170




ELF file SHA256: 347669c4c

Rebooting...
ets Jul 29 2019 12:21:46

rst:0xc (SW_CPU_RESET),boot:0x17 (SPI_FAST_FLASH_BOOT)
configsip: 0, SPIWP:0xee
clk_drv:0x00,q_drv:0x00,d_drv:0x00,cs0_drv:0x00,hd_drv:0x00,wp_drv:0x00
mode:DIO, clock div:2
load:0x3fff0030,len:7176
load:0x40078000,len:15644
ho 0 tail 12 room 4
load:0x40080400,len:4
load:0x40080404,len:3904
entry 0x40080640
[0;32mI (31) boot: ESP-IDF v5.3.3-dirty 2nd stage bootloader[0m
[0;32mI (31) boot: compile time Aug  7 2025 21:47:29[0m
[0;32mI (31) boot: Multicore bootloader[0m
[0;32mI (36) boot: chip revision: v3.1[0m
[0;32mI (40) boot.esp32: SPI Speed      : 40MHz[0m
[0;32mI (44) boot.esp32: SPI Mode       : DIO[0m
[0;32mI (49) boot.esp32: SPI Flash Size : 2MB[0m
[0;32mI (53) boot: Enabling RNG early entropy source...[0m
[0;32mI (59) boot: Partition Table:[0m
[0;32mI (62) boot: ## Label            Usage          Type ST Offset   Length[0m
[0;32mI (70) boot:  0 nvs              WiFi data        01 02 00009000 00006000[0m
[0;32mI (77) boot:  1 phy_init         RF data          01 01 0000f000 00001000[0m
[0;32mI (85) boot:  2 factory          factory app      00 00 00010000 00100000[0m
[0;32mI (92) boot: End of partition table[0m
[0;32mI (96) esp_image: segment 0: paddr=00010020 vaddr=3f400020 size=1ffa0h (130976) map[0m
[0;32mI (150) esp_image: segment 1: paddr=0002ffc8 vaddr=3ffb0000 size=00050h (    80) load[0m
[0;32mI (150) esp_image: segment 2: paddr=00030020 vaddr=400d0020 size=99698h (628376) map[0m
[0;32mI (371) esp_image: segment 3: paddr=000c96c0 vaddr=3ffb0050 size=04250h ( 16976) load[0m
[0;32mI (377) esp_image: segment 4: paddr=000cd918 vaddr=40080000 size=1a1f0h (106992) load[0m
[0;32mI (432) boot: Loaded app from partition at offset 0x10000[0m
[0;32mI (432) boot: Disabling RNG early entropy source...[0m
[0;32mI (445) cpu_start: Multicore app[0m
[0;32mI (453) cpu_start: Pro cpu start user code[0m
[0;32mI (453) cpu_start: cpu freq: 160000000 Hz[0m
[0;32mI (453) app_init: Application information:[0m
[0;32mI (456) app_init: Project name:     hot_potato[0m
[0;32mI (461) app_init: App version:      v5.3.3-dirty[0m
[0;32mI (467) app_init: Compile time:     Aug 12 2025 21:50:08[0m
[0;32mI (473) app_init: ELF file SHA256:  347669c4c...[0m
[0;32mI (478) app_init: ESP-IDF:          v5.3.3-dirty[0m
[0;32mI (483) efuse_init: Min chip rev:     v0.0[0m
[0;32mI (488) efuse_init: Max chip rev:     v3.99 [0m
[0;32mI (493) efuse_init: Chip rev:         v3.1[0m
[0;32mI (498) heap_init: Initializing. RAM available for dynamic allocation:[0m
[0;32mI (505) heap_init: At 3FFAE6E0 len 00001920 (6 KiB): DRAM[0m
[0;32mI (511) heap_init: At 3FFB8E40 len 000271C0 (156 KiB): DRAM[0m
[0;32mI (517) heap_init: At 3FFE0440 len 00003AE0 (14 KiB): D/IRAM[0m
[0;32mI (523) heap_init: At 3FFE4350 len 0001BCB0 (111 KiB): D/IRAM[0m
[0;32mI (530) heap_init: At 4009A1F0 len 00005E10 (23 KiB): IRAM[0m
[0;32mI (538) spi_flash: detected chip: generic[0m
[0;32mI (541) spi_flash: flash io: dio[0m
[0;33mW (545) spi_flash: Detected size(16384k) larger than the size in the binary image header(2048k). Using the size in the binary image header.[0m
[0;32mI (560) main_task: Started on CPU0[0m
[0;32mI (570) main_task: Calling app_main()[0m
Starting Hot Potato Game
[0;32mI (570) IR_SIMPLE_TEST_OPT: Starting IR Simple Test[0m
[0;32mI (570) IR_SIMPLE_TEST_OPT: MAC: 34:98:7A:B5:97:74[0m
[0;32mI (610) M5GFX: [Autodetect] M5Stack[0m
[0;32mI (780) gpio: GPIO[39]| InputEn: 1| OutputEn: 0| OpenDrain: 0| Pullup: 0| Pulldown: 0| Intr:2 [0m
[0;32mI (780) IR_SIMPLE_TEST_OPT: Button interrupt setup successful[0m
[0;32mI (780) gpio: GPIO[26]| InputEn: 0| OutputEn: 1| OpenDrain: 0| Pullup: 1| Pulldown: 0| Intr:0 [0m
[0;32mI (790) IR_SIMPLE_TEST_OPT: RMT TX initialized[0m
[0;32mI (800) IR_SIMPLE_TEST_OPT: TX prebuilt 0x5A into 10 symbols[0m
[0;32mI (800) CFG: Self MAC = 34:98:7A:B5:97:74[0m
[0;33mW (810) wifi:wifi osi_nvs_open fail ret=4353[0m

[0;33mW (810) wifi_init: Failed to unregister Rx callbacks[0m
[0;31mE (820) wifi_init: Failed to deinit Wi-Fi driver (0x3001)[0m
[0;31mE (830) wifi_init: Failed to deinit Wi-Fi (0x3001)[0m
ESP_ERROR_CHECK failed: esp_err_t 0x1101 (ESP_ERR_NVS_NOT_INITIALIZED) at 0x400da118
file: "/IDF/projects/hot_potato/main/ir_simple_test.cpp" line 97
func: esp_err_t espnow_init_once()
expression: esp_wifi_init(&wic)

abort() was called at PC 0x4008b37b on core 0


Backtrace: 0x40081cd6:0x3ffbaef0 0x4008b385:0x3ffbaf10 0x40093dc5:0x3ffbaf30 0x4008b37b:0x3ffbafa0 0x400da118:0x3ffbafd0 0x400daa8d:0x3ffbb0d0 0x400d9904:0x3ffbb120 0x401674a7:0x3ffbb140 0x4008bf4d:0x3ffbb170




ELF file SHA256: 347669c4c

Rebooting...
ets Jul 29 2019 12:21:46

rst:0xc (SW_CPU_RESET),boot:0x17 (SPI_FAST_FLASH_BOOT)
configsip: 0, SPIWP:0xee
clk_drv:0x00,q_drv:0x00,d_drv:0x00,cs0_drv:0x00,hd_drv:0x00,wp_drv:0x00
mode:DIO, clock div:2
load:0x3fff0030,len:7176
load:0x40078000,len:15644
ho 0 tail 12 room 4
load:0x40080400,len:4
load:0x40080404,len:3904
entry 0x40080640
[0;32mI (31) boot: ESP-IDF v5.3.3-dirty 2nd stage bootloader[0m
[0;32mI (31) boot: compile time Aug  7 2025 21:47:29[0m
[0;32mI (31) boot: Multicore bootloader[0m
[0;32mI (36) boot: chip revision: v3.1[0m
[0;32mI (40) boot.esp32: SPI Speed      : 40MHz[0m
[0;32mI (44) boot.esp32: SPI Mode       : DIO[0m
[0;32mI (49) boot.esp32: SPI Flash Size : 2MB[0m
[0;32mI (53) boot: Enabling RNG early entropy source...[0m
[0;32mI (59) boot: Partition Table:[0m
[0;32mI (62) boot: ## Label            Usage          Type ST Offset   Length[0m
[0;32mI (70) boot:  0 nvs              WiFi data        01 02 00009000 00006000[0m
[0;32mI (77) boot:  1 phy_init         RF data          01 01 0000f000 00001000[0m
[0;32mI (85) boot:  2 factory          factory app      00 00 00010000 00100000[0m
[0;32mI (92) boot: End of partition table[0m
[0;32mI (96) esp_image: segment 0: paddr=00010020 vaddr=3f400020 size=1ffa0h (130976) map[0m
[0;32mI (150) esp_image: segment 1: paddr=0002ffc8 vaddr=3ffb0000 size=00050h (    80) load[0m
[0;32mI (150) esp_image: segment 2: paddr=00030020 vaddr=400d0020 size=99698h (628376) map[0m
[0;32mI (371) esp_image: segment 3: paddr=000c96c0 vaddr=3ffb0050 size=04250h ( 16976) load[0m
[0;32mI (377) esp_image: segment 4: paddr=000cd918 vaddr=40080000 size=1a1f0h (106992) load[0m
[0;32mI (432) boot: Loaded app from partition at offset 0x10000[0m
[0;32mI (432) boot: Disabling RNG early entropy source...[0m
[0;32mI (445) cpu_start: Multicore app[0m
[0;32mI (453) cpu_start: Pro cpu start user code[0m
[0;32mI (453) cpu_start: cpu freq: 160000000 Hz[0m
[0;32mI (453) app_init: Application information:[0m
[0;32mI (456) app_init: Project name:     hot_potato[0m
[0;32mI (461) app_init: App version:      v5.3.3-dirty[0m
[0;32mI (467) app_init: Compile time:     Aug 12 2025 21:50:08[0m
[0;32mI (473) app_init: ELF file SHA256:  347669c4c...[0m
[0;32mI (478) app_init: ESP-IDF:          v5.3.3-dirty[0m
[0;32mI (483) efuse_init: Min chip rev:     v0.0[0m
[0;32mI (488) efuse_init: Max chip rev:     v3.99 [0m
[0;32mI (493) efuse_init: Chip rev:         v3.1[0m
[0;32mI (498) heap_init: Initializing. RAM available for dynamic allocation:[0m
[0;32mI (505) heap_init: At 3FFAE6E0 len 00001920 (6 KiB): DRAM[0m
[0;32mI (511) heap_init: At 3FFB8E40 len 000271C0 (156 KiB): DRAM[0m
[0;32mI (517) heap_init: At 3FFE0440 len 00003AE0 (14 KiB): D/IRAM[0m
[0;32mI (523) heap_init: At 3FFE4350 len 0001BCB0 (111 KiB): D/IRAM[0m
[0;32mI (530) heap_init: At 4009A1F0 len 00005E10 (23 KiB): IRAM[0m
[0;32mI (538) spi_flash: detected chip: generic[0m
[0;32mI (541) spi_flash: flash io: dio[0m
[0;33mW (545) spi_flash: Detected size(16384k) larger than the size in the binary image header(2048k). Using the size in the binary image header.[0m
[0;32mI (560) main_task: Started on CPU0[0m
[0;32mI (570) main_task: Calling app_main()[0m
Starting Hot Potato Game
[0;32mI (570) IR_SIMPLE_TEST_OPT: Starting IR Simple Test[0m
[0;32mI (570) IR_SIMPLE_TEST_OPT: MAC: 34:98:7A:B5:97:74[0m
[0;32mI (610) M5GFX: [Autodetect] M5Stack[0m
[0;32mI (780) gpio: GPIO[39]| InputEn: 1| OutputEn: 0| OpenDrain: 0| Pullup: 0| Pulldown: 0| Intr:2 [0m
[0;32mI (780) IR_SIMPLE_TEST_OPT: Button interrupt setup successful[0m
[0;32mI (780) gpio: GPIO[26]| InputEn: 0| OutputEn: 1| OpenDrain: 0| Pullup: 1| Pulldown: 0| Intr:0 [0m
[0;32mI (790) IR_SIMPLE_TEST_OPT: RMT TX initialized[0m
[0;32mI (800) IR_SIMPLE_TEST_OPT: TX prebuilt 0x5A into 10 symbols[0m
[0;32mI (800) CFG: Self MAC = 34:98:7A:B5:97:74[0m
[0;33mW (810) wifi:wifi osi_nvs_open fail ret=4353[0m

[0;33mW (810) wifi_init: Failed to unregister Rx callbacks[0m
[0;31mE (820) wifi_init: Failed to deinit Wi-Fi driver (0x3001)[0m
[0;31mE (830) wifi_init: Failed to deinit Wi-Fi (0x3001)[0m
ESP_ERROR_CHECK failed: esp_err_t 0x1101 (ESP_ERR_NVS_NOT_INITIALIZED) at 0x400da118
file: "/IDF/projects/hot_potato/main/ir_simple_test.cpp" line 97
func: esp_err_t espnow_init_once()
expression: esp_wifi_init(&wic)

abort() was called at PC 0x4008b37b on core 0


Backtrace: 0x40081cd6:0x3ffbaef0 0x4008b385:0x3ffbaf10 0x40093dc5:0x3ffbaf30 0x4008b37b:0x3ffbafa0 0x400da118:0x3ffbafd0 0x400daa8d:0x3ffbb0d0 0x400d9904:0x3ffbb120 0x401674a7:0x3ffbb140 0x4008bf4d:0x3ffbb170




ELF file SHA256: 347669c4c

Rebooting...
ets Jul 29 2019 12:21:46

rst:0xc (SW_CPU_RESET),boot:0x17 (SPI_FAST_FLASH_BOOT)
configsip: 0, SPIWP:0xee
clk_drv:0x00,q_drv:0x00,d_drv:0x00,cs0_drv:0x00,hd_drv:0x00,wp_drv:0x00
mode:DIO, clock div:2
load:0x3fff0030,len:7176
load:0x40078000,len:15644
ho 0 tail 12 room 4
load:0x40080400,len:4
load:0x40080404,len:3904
entry 0x40080640
[0;32mI (31) boot: ESP-IDF v5.3.3-dirty 2nd stage bootloader[0m
[0;32mI (31) boot: compile time Aug  7 2025 21:47:29[0m
[0;32mI (31) boot: Multicore bootloader[0m
[0;32mI (36) boot: chip revision: v3.1[0m
[0;32mI (40) boot.esp32: SPI Speed      : 40MHz[0m
[0;32mI (44) boot.esp32: SPI Mode       : DIO[0m
[0;32mI (49) boot.esp32: SPI Flash Size : 2MB[0m
[0;32mI (53) boot: Enabling RNG early entropy source...[0m
[0;32mI (59) boot: Partition Table:[0m
[0;32mI (62) boot: ## Label            Usage          Type ST Offset   Length[0m
[0;32mI (70) boot:  0 nvs              WiFi data        01 02 00009000 00006000[0m
[0;32mI (77) boot:  1 phy_init         RF data          01 01 0000f000 00001000[0m
[0;32mI (85) boot:  2 factory          factory app      00 00 00010000 00100000[0m
[0;32mI (92) boot: End of partition table[0m
[0;32mI (96) esp_image: segment 0: paddr=00010020 vaddr=3f400020 size=1ffa0h (130976) map[0m
[0;32mI (150) esp_image: segment 1: paddr=0002ffc8 vaddr=3ffb0000 size=00050h (    80) load[0m
[0;32mI (150) esp_image: segment 2: paddr=00030020 vaddr=400d0020 size=99698h (628376) map[0m
[0;32mI (371) esp_image: segment 3: paddr=000c96c0 vaddr=3ffb0050 size=04250h ( 16976) load[0m
[0;32mI (377) esp_image: segment 4: paddr=000cd918 vaddr=40080000 size=1a1f0h (106992) load[0m
[0;32mI (432) boot: Loaded app from partition at offset 0x10000[0m
[0;32mI (432) boot: Disabling RNG early entropy source...[0m
[0;32mI (445) cpu_start: Multicore app[0m
[0;32mI (453) cpu_start: Pro cpu start user code[0m
[0;32mI (453) cpu_start: cpu freq: 160000000 Hz[0m
[0;32mI (453) app_init: Application information:[0m
[0;32mI (456) app_init: Project name:     hot_potato[0m
[0;32mI (461) app_init: App version:      v5.3.3-dirty[0m
[0;32mI (467) app_init: Compile time:     Aug 12 2025 21:50:08[0m
[0;32mI (473) app_init: ELF file SHA256:  347669c4c...[0m
[0;32mI (478) app_init: ESP-IDF:          v5.3.3-dirty[0m
[0;32mI (483) efuse_init: Min chip rev:     v0.0[0m
[0;32mI (488) efuse_init: Max chip rev:     v3.99 [0m
[0;32mI (493) efuse_init: Chip rev:         v3.1[0m
[0;32mI (498) heap_init: Initializing. RAM available for dynamic allocation:[0m
[0;32mI (505) heap_init: At 3FFAE6E0 len 00001920 (6 KiB): DRAM[0m
[0;32mI (511) heap_init: At 3FFB8E40 len 000271C0 (156 KiB): DRAM[0m
[0;32mI (517) heap_init: At 3FFE0440 len 00003AE0 (14 KiB): D/IRAM[0m
[0;32mI (523) heap_init: At 3FFE4350 len 0001BCB0 (111 KiB): D/IRAM[0m
[0;32mI (530) heap_init: At 4009A1F0 len 00005E10 (23 KiB): IRAM[0m
[0;32mI (538) spi_flash: detected chip: generic[0m
[0;32mI (541) spi_flash: flash io: dio[0m
[0;33mW (545) spi_flash: Detected size(16384k) larger than the size in the binary image header(2048k). Using the size in the binary image header.[0m
[0;32mI (560) main_task: Started on CPU0[0m
[0;32mI (570) main_task: Calling app_main()[0m
Starting Hot Potato Game
[0;32mI (570) IR_SIMPLE_TEST_OPT: Starting IR Simple Test[0m
[0;32mI (570) IR_SIMPLE_TEST_OPT: MAC: 34:98:7A:B5:97:74[0m
[0;32mI (610) M5GFX: [Autodetect] M5Stack[0m
[0;32mI (780) gpio: GPIO[39]| InputEn: 1| OutputEn: 0| OpenDrain: 0| Pullup: 0| Pulldown: 0| Intr:2 [0m
[0;32mI (780) IR_SIMPLE_TEST_OPT: Button interrupt setup successful[0m
[0;32mI (780) gpio: GPIO[26]| InputEn: 0| OutputEn: 1| OpenDrain: 0| Pullup: 1| Pulldown: 0| Intr:0 [0m
[0;32mI (790) IR_SIMPLE_TEST_OPT: RMT TX initialized[0m
[0;32mI (800) IR_SIMPLE_TEST_OPT: TX prebuilt 0x5A into 10 symbols[0m
[0;32mI (800) CFG: Self MAC = 34:98:7A:B5:97:74[0m
[0;33mW (810) wifi:wifi osi_nvs_open fail ret=4353[0m

[0;33mW (810) wifi_init: Failed to unregister Rx callbacks[0m
[0;31mE (820) wifi_init: Failed to deinit Wi-Fi driver (0x3001)[0m
[0;31mE (830) wifi_init: Failed to deinit Wi-Fi (0x3001)[0m
ESP_ERROR_CHECK failed: esp_err_t 0x1101 (ESP_ERR_NVS_NOT_INITIALIZED) at 0x400da118
file: "/IDF/projects/hot_potato/main/ir_simple_test.cpp" line 97
func: esp_err_t espnow_init_once()
expression: esp_wifi_init(&wic)

abort() was called at PC 0x4008b37b on core 0


Backtrace: 0x40081cd6:0x3ffbaef0 0x4008b385:0x3ffbaf10 0x40093dc5:0x3ffbaf30 0x4008b37b:0x3ffbafa0 0x400da118:0x3ffbafd0 0x400daa8d:0x3ffbb0d0 0x400d9904:0x3ffbb120 0x401674a7:0x3ffbb140 0x4008bf4d:0x3ffbb170




ELF file SHA256: 347669c4c

Rebooting...
ets Jul 29 2019 12:21:46

rst:0xc (SW_CPU_RESET),boot:0x17 (SPI_FAST_FLASH_BOOT)
configsip: 0, SPIWP:0xee
clk_drv:0x00,q_drv:0x00,d_drv:0x00,cs0_drv:0x00,hd_drv:0x00,wp_drv:0x00
mode:DIO, clock div:2
load:0x3fff0030,len:7176
load:0x40078000,len:15644
ho 0 tail 12 room 4
load:0x40080400,len:4
load:0x40080404,len:3904
entry 0x40080640
[0;32mI (31) boot: ESP-IDF v5.3.3-dirty 2nd stage bootloader[0m
[0;32mI (31) boot: compile time Aug  7 2025 21:47:29[0m
[0;32mI (31) boot: Multicore bootloader[0m
[0;32mI (36) boot: chip revision: v3.1[0m
[0;32mI (40) boot.esp32: SPI Speed      : 40MHz[0m
[0;32mI (44) boot.esp32: SPI Mode       : DIO[0m
[0;32mI (49) boot.esp32: SPI Flash Size : 2MB[0m
[0;32mI (53) boot: Enabling RNG early entropy source...[0m
[0;32mI (59) boot: Partition Table:[0m
[0;32mI (62) boot: ## Label            Usage          Type ST Offset   Length[0m
[0;32mI (70) boot:  0 nvs              WiFi data        01 02 00009000 00006000[0m
[0;32mI (77) boot:  1 phy_init         RF data          01 01 0000f000 00001000[0m
[0;32mI (85) boot:  2 factory          factory app      00 00 00010000 00100000[0m
[0;32mI (92) boot: End of partition table[0m
[0;32mI (96) esp_image: segment 0: paddr=00010020 vaddr=3f400020 size=1ffa0h (130976) map[0m
[0;32mI (150) esp_image: segment 1: paddr=0002ffc8 vaddr=3ffb0000 size=00050h (    80) load[0m
[0;32mI (150) esp_image: segment 2: paddr=00030020 vaddr=400d0020 size=99698h (628376) map[0m
[0;32mI (371) esp_image: segment 3: paddr=000c96c0 vaddr=3ffb0050 size=04250h ( 16976) load[0m
[0;32mI (377) esp_image: segment 4: paddr=000cd918 vaddr=40080000 size=1a1f0h (106992) load[0m
[0;32mI (432) boot: Loaded app from partition at offset 0x10000[0m
[0;32mI (432) boot: Disabling RNG early entropy source...[0m
[0;32mI (445) cpu_start: Multicore app[0m
[0;32mI (453) cpu_start: Pro cpu start user code[0m
[0;32mI (453) cpu_start: cpu freq: 160000000 Hz[0m
[0;32mI (453) app_init: Application information:[0m
[0;32mI (456) app_init: Project name:     hot_potato[0m
[0;32mI (461) app_init: App version:      v5.3.3-dirty[0m
[0;32mI (467) app_init: Compile time:     Aug 12 2025 21:50:08[0m
[0;32mI (473) app_init: ELF file SHA256:  347669c4c...[0m
[0;32mI (478) app_init: ESP-IDF:          v5.3.3-dirty[0m
[0;32mI (483) efuse_init: Min chip rev:     v0.0[0m
[0;32mI (488) efuse_init: Max chip rev:     v3.99 [0m
[0;32mI (493) efuse_init: Chip rev:         v3.1[0m
[0;32mI (498) heap_init: Initializing. RAM available for dynamic allocation:[0m
[0;32mI (505) heap_init: At 3FFAE6E0 len 00001920 (6 KiB): DRAM[0m
[0;32mI (511) heap_init: At 3FFB8E40 len 000271C0 (156 KiB): DRAM[0m
[0;32mI (517) heap_init: At 3FFE0440 len 00003AE0 (14 KiB): D/IRAM[0m
[0;32mI (523) heap_init: At 3FFE4350 len 0001BCB0 (111 KiB): D/IRAM[0m
[0;32mI (530) heap_init: At 4009A1F0 len 00005E10 (23 KiB): IRAM[0m
[0;32mI (538) spi_flash: detected chip: generic[0m
[0;32mI (541) spi_flash: flash io: dio[0m
[0;33mW (545) spi_flash: Detected size(16384k) larger than the size in the binary image header(2048k). Using the size in the binary image header.[0m
[0;32mI (560) main_task: Started on CPU0[0m
[0;32mI (570) main_task: Calling app_main()[0m
Starting Hot Potato Game
[0;32mI (570) IR_SIMPLE_TEST_OPT: Starting IR Simple Test[0m
[0;32mI (570) IR_SIMPLE_TEST_OPT: MAC: 34:98:7A:B5:97:74[0m
[0;32mI (610) M5GFX: [Autodetect] M5Stack[0m
[0;32mI (780) gpio: GPIO[39]| InputEn: 1| OutputEn: 0| OpenDrain: 0| Pullup: 0| Pulldown: 0| Intr:2 [0m
[0;32mI (780) IR_SIMPLE_TEST_OPT: Button interrupt setup successful[0m
[0;32mI (780) gpio: GPIO[26]| InputEn: 0| OutputEn: 1| OpenDrain: 0| Pullup: 1| Pulldown: 0| Intr:0 [0m
[0;32mI (790) IR_SIMPLE_TEST_OPT: RMT TX initialized[0m
[0;32mI (800) IR_SIMPLE_TEST_OPT: TX prebuilt 0x5A into 10 symbols[0m
[0;32mI (800) CFG: Self MAC = 34:98:7A:B5:97:74[0m
[0;33mW (810) wifi:wifi osi_nvs_open fail ret=4353[0m

[0;33mW (810) wifi_init: Failed to unregister Rx callbacks[0m
[0;31mE (820) wifi_init: Failed to deinit Wi-Fi driver (0x3001)[0m
[0;31mE (830) wifi_init: Failed to deinit Wi-Fi (0x3001)[0m
ESP_ERROR_CHECK failed: esp_err_t 0x1101 (ESP_ERR_NVS_NOT_INITIALIZED) at 0x400da118
file: "/IDF/projects/hot_potato/main/ir_simple_test.cpp" line 97
func: esp_err_t espnow_init_once()
expression: esp_wifi_init(&wic)

abort() was called at PC 0x4008b37b on core 0


Backtrace: 0x40081cd6:0x3ffbaef0 0x4008b385:0x3ffbaf10 0x40093dc5:0x3ffbaf30 0x4008b37b:0x3ffbafa0 0x400da118:0x3ffbafd0 0x400daa8d:0x3ffbb0d0 0x400d9904:0x3ffbb120 0x401674a7:0x3ffbb140 0x4008bf4d:0x3ffbb170




ELF file SHA256: 347669c4c

Rebooting...
ets Jul 29 2019 12:21:46

rst:0xc (SW_CPU_RESET),boot:0x17 (SPI_FAST_FLASH_BOOT)
configsip: 0, SPIWP:0xee
clk_drv:0x00,q_drv:0x00,d_drv:0x00,cs0_drv:0x00,hd_drv:0x00,wp_drv:0x00
mode:DIO, clock div:2
load:0x3fff0030,len:7176
load:0x40078000,len:15644
ho 0 tail 12 room 4
load:0x40080400,len:4
load:0x40080404,len:3904
entry 0x40080640
[0;32mI (31) boot: ESP-IDF v5.3.3-dirty 2nd stage bootloader[0m
[0;32mI (31) boot: compile time Aug  7 2025 21:47:29[0m
[0;32mI (31) boot: Multicore bootloader[0m
[0;32mI (36) boot: chip revision: v3.1[0m
[0;32mI (40) boot.esp32: SPI Speed      : 40MHz[0m
[0;32mI (44) boot.esp32: SPI Mode       : DIO[0m
[0;32mI (49) boot.esp32: SPI Flash Size : 2MB[0m
[0;32mI (53) boot: Enabling RNG early entropy source...[0m
[0;32mI (59) boot: Partition Table:[0m
[0;32mI (62) boot: ## Label            Usage          Type ST Offset   Length[0m
[0;32mI (70) boot:  0 nvs              WiFi data        01 02 00009000 00006000[0m
[0;32mI (77) boot:  1 phy_init         RF data          01 01 0000f000 00001000[0m
[0;32mI (85) boot:  2 factory          factory app      00 00 00010000 00100000[0m
[0;32mI (92) boot: End of partition table[0m
[0;32mI (96) esp_image: segment 0: paddr=00010020 vaddr=3f400020 size=1ffa0h (130976) map[0m
[0;32mI (150) esp_image: segment 1: paddr=0002ffc8 vaddr=3ffb0000 size=00050h (    80) load[0m
[0;32mI (150) esp_image: segment 2: paddr=00030020 vaddr=400d0020 size=99698h (628376) map[0m
[0;32mI (371) esp_image: segment 3: paddr=000c96c0 vaddr=3ffb0050 size=04250h ( 16976) load[0m
[0;32mI (377) esp_image: segment 4: paddr=000cd918 vaddr=40080000 size=1a1f0h (106992) load[0m
[0;32mI (432) boot: Loaded app from partition at offset 0x10000[0m
[0;32mI (432) boot: Disabling RNG early entropy source...[0m
[0;32mI (445) cpu_start: Multicore app[0m
[0;32mI (453) cpu_start: Pro cpu start user code[0m
[0;32mI (453) cpu_start: cpu freq: 160000000 Hz[0m
[0;32mI (453) app_init: Application information:[0m
[0;32mI (456) app_init: Project name:     hot_potato[0m
[0;32mI (461) app_init: App version:      v5.3.3-dirty[0m
[0;32mI (467) app_init: Compile time:     Aug 12 2025 21:50:08[0m
[0;32mI (473) app_init: ELF file SHA256:  347669c4c...[0m
[0;32mI (478) app_init: ESP-IDF:          v5.3.3-dirty[0m
[0;32mI (483) efuse_init: Min chip rev:     v0.0[0m
[0;32mI (488) efuse_init: Max chip rev:     v3.99 [0m
[0;32mI (493) efuse_init: Chip rev:         v3.1[0m
[0;32mI (498) heap_init: Initializing. RAM available for dynamic allocation:[0m
[0;32mI (505) heap_init: At 3FFAE6E0 len 00001920 (6 KiB): DRAM[0m
[0;32mI (511) heap_init: At 3FFB8E40 len 000271C0 (156 KiB): DRAM[0m
[0;32mI (517) heap_init: At 3FFE0440 len 00003AE0 (14 KiB): D/IRAM[0m
[0;32mI (523) heap_init: At 3FFE4350 len 0001BCB0 (111 KiB): D/IRAM[0m
[0;32mI (530) heap_init: At 4009A1F0 len 00005E10 (23 KiB): IRAM[0m
[0;32mI (538) spi_flash: detected chip: generic[0m
[0;32mI (541) spi_flash: flash io: dio[0m
[0;33mW (545) spi_flash: Detected size(16384k) larger than the size in the binary image header(2048k). Using the size in the binary image header.[0m
[0;32mI (560) main_task: Started on CPU0[0m
[0;32mI (570) main_task: Calling app_main()[0m
Starting Hot Potato Game
[0;32mI (570) IR_SIMPLE_TEST_OPT: Starting IR Simple Test[0m
[0;32mI (570) IR_SIMPLE_TEST_OPT: MAC: 34:98:7A:B5:97:74[0m
[0;32mI (610) M5GFX: [Autodetect] M5Stack[0m
[0;32mI (780) gpio: GPIO[39]| InputEn: 1| OutputEn: 0| OpenDrain: 0| Pullup: 0| Pulldown: 0| Intr:2 [0m
[0;32mI (780) IR_SIMPLE_TEST_OPT: Button interrupt setup successful[0m
[0;32mI (780) gpio: GPIO[26]| InputEn: 0| OutputEn: 1| OpenDrain: 0| Pullup: 1| Pulldown: 0| Intr:0 [0m
[0;32mI (790) IR_SIMPLE_TEST_OPT: RMT TX initialized[0m
[0;32mI (800) IR_SIMPLE_TEST_OPT: TX prebuilt 0x5A into 10 symbols[0m
[0;32mI (800) CFG: Self MAC = 34:98:7A:B5:97:74[0m
[0;33mW (810) wifi:wifi osi_nvs_open fail ret=4353[0m

[0;33mW (810) wifi_init: Failed to unregister Rx callbacks[0m
[0;31mE (820) wifi_init: Failed to deinit Wi-Fi driver (0x3001)[0m
[0;31mE (830) wifi_init: Failed to deinit Wi-Fi (0x3001)[0m
ESP_ERROR_CHECK failed: esp_err_t 0x1101 (ESP_ERR_NVS_NOT_INITIALIZED) at 0x400da118
file: "/IDF/projects/hot_potato/main/ir_simple_test.cpp" line 97
func: esp_err_t espnow_init_once()
expression: esp_wifi_init(&wic)

abort() was called at PC 0x4008b37b on core 0


Backtrace: 0x40081cd6:0x3ffbaef0 0x4008b385:0x3ffbaf10 0x40093dc5:0x3ffbaf30 0x4008b37b:0x3ffbafa0 0x400da118:0x3ffbafd0 0x400daa8d:0x3ffbb0d0 0x400d9904:0x3ffbb120 0x401674a7:0x3ffbb140 0x4008bf4d:0x3ffbb170




ELF file SHA256: 347669c4c

Rebooting...
ets Jul 29 2019 12:21:46

rst:0xc (SW_CPU_RESET),boot:0x17 (SPI_FAST_FLASH_BOOT)
configsip: 0, SPIWP:0xee
clk_drv:0x00,q_drv:0x00,d_drv:0x00,cs0_drv:0x00,hd_drv:0x00,wp_drv:0x00
mode:DIO, clock div:2
load:0x3fff0030,len:7176
load:0x40078000,len:15644
ho 0 tail 12 room 4
load:0x40080400,len:4
load:0x40080404,len:3904
entry 0x40080640
[0;32mI (31) boot: ESP-IDF v5.3.3-dirty 2nd stage bootloader[0m
[0;32mI (31) boot: compile time Aug  7 2025 21:47:29[0m
[0;32mI (31) boot: Multicore bootloader[0m
[0;32mI (36) boot: chip revision: v3.1[0m
[0;32mI (40) boot.esp32: SPI Speed      : 40MHz[0m
[0;32mI (44) boot.esp32: SPI Mode       : DIO[0m
[0;32mI (49) boot.esp32: SPI Flash Size : 2MB[0m
[0;32mI (53) boot: Enabling RNG early entropy source...[0m
[0;32mI (59) boot: Partition Table:[0m
[0;32mI (62) boot: ## Label            Usage          Type ST Offset   Length[0m
[0;32mI (70) boot:  0 nvs              WiFi data        01 02 00009000 00006000[0m
[0;32mI (77) boot:  1 phy_init         RF data          01 01 0000f000 00001000[0m
[0;32mI (85) boot:  2 factory          factory app      00 00 00010000 00100000[0m
[0;32mI (92) boot: End of partition table[0m
[0;32mI (96) esp_image: segment 0: paddr=00010020 vaddr=3f400020 size=1ffa0h (130976) map[0m
[0;32mI (150) esp_image: segment 1: paddr=0002ffc8 vaddr=3ffb0000 size=00050h (    80) load[0m
[0;32mI (150) esp_image: segment 2: paddr=00030020 vaddr=400d0020 size=99698h (628376) map[0m
[0;32mI (371) esp_image: segment 3: paddr=000c96c0 vaddr=3ffb0050 size=04250h ( 16976) load[0m
[0;32mI (377) esp_image: segment 4: paddr=000cd918 vaddr=40080000 size=1a1f0h (106992) load[0m
[0;32mI (432) boot: Loaded app from partition at offset 0x10000[0m
[0;32mI (432) boot: Disabling RNG early entropy source...[0m
[0;32mI (445) cpu_start: Multicore app[0m
[0;32mI (453) cpu_start: Pro cpu start user code[0m
[0;32mI (453) cpu_start: cpu freq: 160000000 Hz[0m
[0;32mI (453) app_init: Application information:[0m
[0;32mI (456) app_init: Project name:     hot_potato[0m
[0;32mI (461) app_init: App version:      v5.3.3-dirty[0m
[0;32mI (467) app_init: Compile time:     Aug 12 2025 21:50:08[0m
[0;32mI (473) app_init: ELF file SHA256:  347669c4c...[0m
[0;32mI (478) app_init: ESP-IDF:          v5.3.3-dirty[0m
[0;32mI (483) efuse_init: Min chip rev:     v0.0[0m
[0;32mI (488) efuse_init: Max chip rev:     v3.99 [0m
[0;32mI (493) efuse_init: Chip rev:         v3.1[0m
[0;32mI (498) heap_init: Initializing. RAM available for dynamic allocation:[0m
[0;32mI (505) heap_init: At 3FFAE6E0 len 00001920 (6 KiB): DRAM[0m
[0;32mI (511) heap_init: At 3FFB8E40 len 000271C0 (156 KiB): DRAM[0m
[0;32mI (517) heap_init: At 3FFE0440 len 00003AE0 (14 KiB): D/IRAM[0m
[0;32mI (523) heap_init: At 3FFE4350 len 0001BCB0 (111 KiB): D/IRAM[0m
[0;32mI (530) heap_init: At 4009A1F0 len 00005E10 (23 KiB): IRAM[0m
[0;32mI (538) spi_flash: detected chip: generic[0m
[0;32mI (541) spi_flash: flash io: dio[0m
[0;33mW (545) spi_flash: Detected size(16384k) larger than the size in the binary image header(2048k). Using the size in the binary image header.[0m
[0;32mI (560) main_task: Started on CPU0[0m
[0;32mI (570) main_task: Calling app_main()[0m
Starting Hot Potato Game
[0;32mI (570) IR_SIMPLE_TEST_OPT: Starting IR Simple Test[0m
[0;32mI (570) IR_SIMPLE_TEST_OPT: MAC: 34:98:7A:B5:97:74[0m
[0;32mI (610) M5GFX: [Autodetect] M5Stack[0m
[0;32mI (780) gpio: GPIO[39]| InputEn: 1| OutputEn: 0| OpenDrain: 0| Pullup: 0| Pulldown: 0| Intr:2 [0m
[0;32mI (780) IR_SIMPLE_TEST_OPT: Button interrupt setup successful[0m
[0;32mI (780) gpio: GPIO[26]| InputEn: 0| OutputEn: 1| OpenDrain: 0| Pullup: 1| Pulldown: 0| Intr:0 [0m
[0;32mI (790) IR_SIMPLE_TEST_OPT: RMT TX initialized[0m
[0;32mI (800) IR_SIMPLE_TEST_OPT: TX prebuilt 0x5A into 10 symbols[0m
[0;32mI (800) CFG: Self MAC = 34:98:7A:B5:97:74[0m
[0;33mW (810) wifi:wifi osi_nvs_open fail ret=4353[0m

[0;33mW (810) wifi_init: Failed to unregister Rx callbacks[0m
[0;31mE (820) wifi_init: Failed to deinit Wi-Fi driver (0x3001)[0m
[0;31mE (830) wifi_init: Failed to deinit Wi-Fi (0x3001)[0m
ESP_ERROR_CHECK failed: esp_err_t 0x1101 (ESP_ERR_NVS_NOT_INITIALIZED) at 0x400da118
file: "/IDF/projects/hot_potato/main/ir_simple_test.cpp" line 97
func: esp_err_t espnow_init_once()
expression: esp_wifi_init(&wic)

abort() was called at PC 0x4008b37b on core 0


Backtrace: 0x40081cd6:0x3ffbaef0 0x4008b385:0x3ffbaf10 0x40093dc5:0x3ffbaf30 0x4008b37b:0x3ffbafa0 0x400da118:0x3ffbafd0 0x400daa8d:0x3ffbb0d0 0x400d9904:0x3ffbb120 0x401674a7:0x3ffbb140 0x4008bf4d:0x3ffbb170




ELF file SHA256: 347669c4c

Rebooting...
ets Jul 29 2019 12:21:46

rst:0xc (SW_CPU_RESET),boot:0x17 (SPI_FAST_FLASH_BOOT)
configsip: 0, SPIWP:0xee
clk_drv:0x00,q_drv:0x00,d_drv:0x00,cs0_drv:0x00,hd_drv:0x00,wp_drv:0x00
mode:DIO, clock div:2
load:0x3fff0030,len:7176
load:0x40078000,len:15644
ho 0 tail 12 room 4
load:0x40080400,len:4
load:0x40080404,len:3904
entry 0x40080640
[0;32mI (31) boot: ESP-IDF v5.3.3-dirty 2nd stage bootloader[0m
[0;32mI (31) boot: compile time Aug  7 2025 21:47:29[0m
[0;32mI (31) boot: Multicore bootloader[0m
[0;32mI (36) boot: chip revision: v3.1[0m
[0;32mI (40) boot.esp32: SPI Speed      : 40MHz[0m
[0;32mI (44) boot.esp32: SPI Mode       : DIO[0m
[0;32mI (49) boot.esp32: SPI Flash Size : 2MB[0m
[0;32mI (53) boot: Enabling RNG early entropy source...[0m
[0;32mI (59) boot: Partition Table:[0m
[0;32mI (62) boot: ## Label            Usage          Type ST Offset   Length[0m
[0;32mI (70) boot:  0 nvs              WiFi data        01 02 00009000 00006000[0m
[0;32mI (77) boot:  1 phy_init         RF data          01 01 0000f000 00001000[0m
[0;32mI (85) boot:  2 factory          factory app      00 00 00010000 00100000[0m
[0;32mI (92) boot: End of partition table[0m
[0;32mI (96) esp_image: segment 0: paddr=00010020 vaddr=3f400020 size=1ffa0h (130976) map[0m
[0;32mI (150) esp_image: segment 1: paddr=0002ffc8 vaddr=3ffb0000 size=00050h (    80) load[0m
[0;32mI (150) esp_image: segment 2: paddr=00030020 vaddr=400d0020 size=99698h (628376) map[0m
[0;32mI (371) esp_image: segment 3: paddr=000c96c0 vaddr=3ffb0050 size=04250h ( 16976) load[0m
[0;32mI (377) esp_image: segment 4: paddr=000cd918 vaddr=40080000 size=1a1f0h (106992) load[0m
[0;32mI (432) boot: Loaded app from partition at offset 0x10000[0m
[0;32mI (432) boot: Disabling RNG early entropy source...[0m
[0;32mI (445) cpu_start: Multicore app[0m
[0;32mI (453) cpu_start: Pro cpu start user code[0m
[0;32mI (453) cpu_start: cpu freq: 160000000 Hz[0m
[0;32mI (453) app_init: Application information:[0m
[0;32mI (456) app_init: Project name:     hot_potato[0m
[0;32mI (461) app_init: App version:      v5.3.3-dirty[0m
[0;32mI (467) app_init: Compile time:     Aug 12 2025 21:50:08[0m
[0;32mI (473) app_init: ELF file SHA256:  347669c4c...[0m
[0;32mI (478) app_init: ESP-IDF:          v5.3.3-dirty[0m
[0;32mI (483) efuse_init: Min chip rev:     v0.0[0m
[0;32mI (488) efuse_init: Max chip rev:     v3.99 [0m
[0;32mI (493) efuse_init: Chip rev:         v3.1[0m
[0;32mI (498) heap_init: Initializing. RAM available for dynamic allocation:[0m
[0;32mI (505) heap_init: At 3FFAE6E0 len 00001920 (6 KiB): DRAM[0m
[0;32mI (511) heap_init: At 3FFB8E40 len 000271C0 (156 KiB): DRAM[0m
[0;32mI (517) heap_init: At 3FFE0440 len 00003AE0 (14 KiB): D/IRAM[0m
[0;32mI (523) heap_init: At 3FFE4350 len 0001BCB0 (111 KiB): D/IRAM[0m
[0;32mI (530) heap_init: At 4009A1F0 len 00005E10 (23 KiB): IRAM[0m
[0;32mI (538) spi_flash: detected chip: generic[0m
[0;32mI (541) spi_flash: flash io: dio[0m
[0;33mW (545) spi_flash: Detected size(16384k) larger than the size in the binary image header(2048k). Using the size in the binary image header.[0m
[0;32mI (560) main_task: Started on CPU0[0m
[0;32mI (570) main_task: Calling app_main()[0m
Starting Hot Potato Game
[0;32mI (570) IR_SIMPLE_TEST_OPT: Starting IR Simple Test[0m
[0;32mI (570) IR_SIMPLE_TEST_OPT: MAC: 34:98:7A:B5:97:74[0m
[0;32mI (610) M5GFX: [Autodetect] M5Stack[0m
[0;32mI (780) gpio: GPIO[39]| InputEn: 1| OutputEn: 0| OpenDrain: 0| Pullup: 0| Pulldown: 0| Intr:2 [0m
[0;32mI (780) IR_SIMPLE_TEST_OPT: Button interrupt setup successful[0m
[0;32mI (780) gpio: GPIO[26]| InputEn: 0| OutputEn: 1| OpenDrain: 0| Pullup: 1| Pulldown: 0| Intr:0 [0m
[0;32mI (790) IR_SIMPLE_TEST_OPT: RMT TX initialized[0m
[0;32mI (800) IR_SIMPLE_TEST_OPT: TX prebuilt 0x5A into 10 symbols[0m
[0;32mI (800) CFG: Self MAC = 34:98:7A:B5:97:74[0m
[0;33mW (810) wifi:wifi osi_nvs_open fail ret=4353[0m

[0;33mW (810) wifi_init: Failed to unregister Rx callbacks[0m
[0;31mE (820) wifi_init: Failed to deinit Wi-Fi driver (0x3001)[0m
[0;31mE (830) wifi_init: Failed to deinit Wi-Fi (0x3001)[0m
ESP_ERROR_CHECK failed: esp_err_t 0x1101 (ESP_ERR_NVS_NOT_INITIALIZED) at 0x400da118
file: "/IDF/projects/hot_potato/main/ir_simple_test.cpp" line 97
func: esp_err_t espnow_init_once()
expression: esp_wifi_init(&wic)

abort() was called at PC 0x4008b37b on core 0


Backtrace: 0x40081cd6:0x3ffbaef0 0x4008b385:0x3ffbaf10 0x40093dc5:0x3ffbaf30 0x4008b37b:0x3ffbafa0 0x400da118:0x3ffbafd0 0x400daa8d:0x3ffbb0d0 0x400d9904:0x3ffbb120 0x401674a7:0x3ffbb140 0x4008bf4d:0x3ffbb170




ELF file SHA256: 347669c4c

Rebooting...
ets Jul 29 2019 12:21:46

rst:0xc (SW_CPU_RESET),boot:0x17 (SPI_FAST_FLASH_BOOT)
configsip: 0, SPIWP:0xee
clk_drv:0x00,q_drv:0x00,d_drv:0x00,cs0_drv:0x00,hd_drv:0x00,wp_drv:0x00
mode:DIO, clock div:2
load:0x3fff0030,len:7176
load:0x40078000,len:15644
ho 0 tail 12 room 4
load:0x40080400,len:4
load:0x40080404,len:3904
entry 0x40080640
[0;32mI (31) boot: ESP-IDF v5.3.3-dirty 2nd stage bootloader[0m
[0;32mI (31) boot: compile time Aug  7 2025 21:47:29[0m
[0;32mI (31) boot: Multicore bootloader[0m
[0;32mI (36) boot: chip revision: v3.1[0m
[0;32mI (40) boot.esp32: SPI Speed      : 40MHz[0m
[0;32mI (44) boot.esp32: SPI Mode       : DIO[0m
[0;32mI (49) boot.esp32: SPI Flash Size : 2MB[0m
[0;32mI (53) boot: Enabling RNG early entropy source...[0m
[0;32mI (59) boot: Partition Table:[0m
[0;32mI (62) boot: ## Label            Usage          Type ST Offset   Length[0m
[0;32mI (70) boot:  0 nvs              WiFi data        01 02 00009000 00006000[0m
[0;32mI (77) boot:  1 phy_init         RF data          01 01 0000f000 00001000[0m
[0;32mI (85) boot:  2 factory          factory app      00 00 00010000 00100000[0m
[0;32mI (92) boot: End of partition table[0m
[0;32mI (96) esp_image: segment 0: paddr=00010020 vaddr=3f400020 size=1ffa0h (130976) map[0m
[0;32mI (150) esp_image: segment 1: paddr=0002ffc8 vaddr=3ffb0000 size=00050h (    80) load[0m
