
[0;32ï¿½ets Jul 29 2019 12:21:46

rst:0x1 (POWERON_RESET),boot:0x17 (SPI_FAST_FLASH_BOOT)
configsip: 0, SPIWP:0xee
clk_drv:0x00,q_drv:0x00,d_drv:0x00,cs0_drv:0x00,hd_drv:0x00,wp_drv:0x00
mode:DIO, clock div:2
load:0x3fff0030,len:7176
load:0x40078000,len:15644
ho 0 tail 12 room 4
load:0x40080400,len:4
load:0x40080404,len:3904
entry 0x40080640
[0;32mI (31) boot: ESP-IDF v5.3.3-dirty 2nd stage bootloader[0m
[0;32mI (31) boot: compile time Aug  7 2025 21:47:29[0m
[0;32mI (31) boot: Multicore bootloader[0m
[0;32mI (36) boot: chip revision: v3.1[0m
[0;32mI (40) boot.esp32: SPI Speed      : 40MHz[0m
[0;32mI (44) boot.esp32: SPI Mode       : DIO[0m
[0;32mI (49) boot.esp32: SPI Flash Size : 2MB[0m
[0;32mI (53) boot: Enabling RNG early entropy source...[0m
[0;32mI (59) boot: Partition Table:[0m
[0;32mI (62) boot: ## Label            Usage          Type ST Offset   Length[0m
[0;32mI (70) boot:  0 nvs              WiFi data        01 02 00009000 00006000[0m
[0;32mI (77) boot:  1 phy_init         RF data          01 01 0000f000 00001000[0m
[0;32mI (85) boot:  2 factory          factory app      00 00 00010000 00100000[0m
[0;32mI (92) boot: End of partition table[0m
[0;32mI (96) esp_image: segment 0: paddr=00010020 vaddr=3f400020 size=10800h ( 67584) map[0m
[0;32mI (128) esp_image: segment 1: paddr=00020828 vaddr=3ffb0000 size=028c0h ( 10432) load[0m
[0;32mI (132) esp_image: segment 2: paddr=000230f0 vaddr=40080000 size=0cf28h ( 53032) load[0m
[0;32mI (155) esp_image: segment 3: paddr=00030020 vaddr=400d0020 size=30004h (196612) map[0m
[0;32mI (222) esp_image: segment 4: paddr=0006002c vaddr=4008cf28 size=02828h ( 10280) load[0m
[0;32mI (234) boot: Loaded app from partition at offset 0x10000[0m
[0;32mI (234) boot: Disabling RNG early entropy source...[0m
[0;32mI (247) cpu_start: Multicore app[0m
[0;32mI (255) cpu_start: Pro cpu start user code[0m
[0;32mI (255) cpu_start: cpu freq: 160000000 Hz[0m
[0;32mI (255) app_init: Application information:[0m
[0;32mI (258) app_init: Project name:     hot_potato[0m
[0;32mI (263) app_init: App version:      v5.3.3-dirty[0m
[0;32mI (268) app_init: Compile time:     Aug 12 2025 21:50:08[0m
[0;32mI (274) app_init: ELF file SHA256:  f9cf9b136...[0m
[0;32mI (280) app_init: ESP-IDF:          v5.3.3-dirty[0m
[0;32mI (285) efuse_init: Min chip rev:     v0.0[0m
[0;32mI (290) efuse_init: Max chip rev:     v3.99 [0m
[0;32mI (295) efuse_init: Chip rev:         v3.1[0m
[0;32mI (300) heap_init: Initializing. RAM available for dynamic allocation:[0m
[0;32mI (307) heap_init: At 3FFAE6E0 len 00001920 (6 KiB): DRAM[0m
[0;32mI (313) heap_init: At 3FFB3B38 len 0002C4C8 (177 KiB): DRAM[0m
[0;32mI (319) heap_init: At 3FFE0440 len 00003AE0 (14 KiB): D/IRAM[0m
[0;32mI (325) heap_init: At 3FFE4350 len 0001BCB0 (111 KiB): D/IRAM[0m
[0;32mI (332) heap_init: At 4008F750 len 000108B0 (66 KiB): IRAM[0m
[0;32mI (340) spi_flash: detected chip: generic[0m
[0;32mI (343) spi_flash: flash io: dio[0m
[0;33mW (347) spi_flash: Detected size(16384k) larger than the size in the binary image header(2048k). Using the size in the binary image header.[0m
[0;32mI (361) main_task: Started on CPU0[0m
[0;32mI (371) main_task: Calling app_main()[0m
Starting Hot Potato Game
[0;32mI (371) IR_SIMPLE_TEST_OPT: Starting IR Simple Test[0m
[0;32mI (371) IR_SIMPLE_TEST_OPT: Our MAC: 34:98:7A:B5:97:74[0m
[0;32mI (411) M5GFX: [Autodetect] M5Stack[0m
[0;32mI (581) gpio: GPIO[39]| InputEn: 1| OutputEn: 0| OpenDrain: 0| Pullup: 0| Pulldown: 0| Intr:2 [0m
[0;32mI (581) IR_SIMPLE_TEST_OPT: Button interrupt setup successful[0m
[0;32mI (581) gpio: GPIO[26]| InputEn: 0| OutputEn: 1| OpenDrain: 0| Pullup: 1| Pulldown: 0| Intr:0 [0m
[0;32mI (591) IR_SIMPLE_TEST_OPT: RMT TX initialized[0m
[0;32mI (601) IR_SIMPLE_TEST_OPT: TX prebuilt 0x5A into 10 symbols[0m
[0;32mI (611) gpio: GPIO[36]| InputEn: 1| OutputEn: 0| OpenDrain: 0| Pullup: 1| Pulldown: 0| Intr:0 [0m
[0;32mI (611) IR_SIMPLE_TEST_OPT: RMT RX initialized[0m
[0;32mI (621) IR_SIMPLE_TEST_OPT: RX task started[0m
[0;32mI (621) IR_SIMPLE_TEST_OPT: TX task started[0m
[0;32mI (631) IR_SIMPLE_TEST_OPT: IR Simple Test (OPTIMIZED) ready - press Button A to send[0m
[0;32mI (15161) RX: Dump 4 symbols:[0m
[0;32mI (15171) RX: [00] l0=0 d0=856 | l1=1 d1=380[0m
[0;32mI (15171) RX: [01] l0=0 d0=441 | l1=1 d1=823[0m
[0;32mI (15171) RX: [02] l0=0 d0=433 | l1=1 d1=409[0m
[0;32mI (15171) RX: [03] l0=0 d0=433 | l1=1 d1=0[0m
[0;32mI (15181) IR_SIMPLE_TEST_OPT: RX: discard (no valid start/stop)[0m
[0;32mI (15191) RX: Dump 1 symbols:[0m
[0;32mI (15201) RX: [00] l0=0 d0=441 | l1=1 d1=0[0m
[0;32mI (15201) IR_SIMPLE_TEST_OPT: RX: discard (no valid start/stop)[0m
[0;32mI (15221) RX: Dump 1 symbols:[0m
[0;32mI (15221) RX: [00] l0=0 d0=433 | l1=1 d1=0[0m
[0;32mI (15221) IR_SIMPLE_TEST_OPT: RX: discard (no valid start/stop)[0m
[0;32mI (15231) RX: Dump 1 symbols:[0m
[0;32mI (15231) RX: [00] l0=0 d0=492 | l1=1 d1=0[0m
[0;32mI (15231) IR_SIMPLE_TEST_OPT: RX: discard (no valid start/stop)[0m
[0;32mI (15261) RX: Dump 2 symbols:[0m
[0;32mI (15261) RX: [00] l0=0 d0=1672 | l1=1 d1=407[0m
[0;32mI (15261) RX: [01] l0=0 d0=1670 | l1=1 d1=0[0m
[0;32mI (15261) IR_SIMPLE_TEST_OPT: RX: discard (no valid start/stop)[0m
[0;32mI (15281) RX: Dump 2 symbols:[0m
[0;32mI (15281) RX: [00] l0=0 d0=436 | l1=1 d1=380[0m
[0;32mI (15281) RX: [01] l0=0 d0=856 | l1=1 d1=0[0m
[0;32mI (15281) IR_SIMPLE_TEST_OPT: RX: discard (no valid start/stop)[0m
[0;32mI (15301) RX: Dump 3 symbols:[0m
[0;32mI (15301) RX: [00] l0=0 d0=440 | l1=1 d1=402[0m
[0;32mI (15301) RX: [01] l0=0 d0=855 | l1=1 d1=802[0m
[0;32mI (15301) RX: [02] l0=0 d0=434 | l1=1 d1=0[0m
[0;32mI (15311) IR_SIMPLE_TEST_OPT: RX: discard (no valid start/stop)[0m
[0;32mI (15331) RX: Dump 2 symbols:[0m
[0;32mI (15331) RX: [00] l0=0 d0=440 | l1=1 d1=375[0m
[0;32mI (15331) RX: [01] l0=0 d0=2959 | l1=1 d1=0[0m
[0;32mI (15331) IR_SIMPLE_TEST_OPT: RX: discard (no valid start/stop)[0m
[0;32mI (15351) RX: Dump 2 symbols:[0m
[0;32mI (15351) RX: [00] l0=0 d0=1277 | l1=1 d1=381[0m
[0;32mI (15351) RX: [01] l0=0 d0=2122 | l1=1 d1=0[0m
[0;32mI (15351) IR_SIMPLE_TEST_OPT: RX: discard (no valid start/stop)[0m
[0;32mI (15371) RX: Dump 4 symbols:[0m
[0;32mI (15371) RX: [00] l0=0 d0=433 | l1=1 d1=382[0m
[0;32mI (15371) RX: [01] l0=0 d0=438 | l1=1 d1=825[0m
[0;32mI (15381) RX: [02] l0=0 d0=442 | l1=1 d1=373[0m
[0;32mI (15381) RX: [03] l0=0 d0=458 | l1=1 d1=0[0m
[0;32mI (15391) IR_SIMPLE_TEST_OPT: RX: discard (no valid start/stop)[0m
[0;32mI (15411) RX: Dump 3 symbols:[0m
[0;32mI (15411) RX: [00] l0=0 d0=1248 | l1=1 d1=410[0m
[0;32mI (15411) RX: [01] l0=0 d0=432 | l1=1 d1=1225[0m
[0;32mI (15411) RX: [02] l0=0 d0=436 | l1=1 d1=0[0m
[0;32mI (15421) IR_SIMPLE_TEST_OPT: RX: discard (no valid start/stop)[0m
